
 RUN  v4.1.10 D:/dev/HotSpotsCampaigner/frontend

 Γ£ô src/tests/contractUtils.test.ts > parseMultiplier > returns 0 for empty/undefined/null 1ms
 Γ£ô src/tests/contractUtils.test.ts > parseMultiplier > returns 0 for explicit none markers 0ms
 Γ£ô src/tests/contractUtils.test.ts > parseMultiplier > returns 1 for full coverage 0ms
 Γ£ô src/tests/contractUtils.test.ts > parseMultiplier > parses fractions 0ms
 Γ£ô src/tests/contractUtils.test.ts > parseMultiplier > parses percentages 0ms
 Γ£ô src/tests/contractUtils.test.ts > parseMultiplier > is case-insensitive and trims 0ms
 Γ£ô src/tests/contractUtils.test.ts > parseMultiplier > returns 0 for unrecognized input 0ms
 ├ù src/tests/contractUtils.test.ts > parseSupportTerms > classifies BATTLE terms 7ms
   ΓåÆ expected { type: 'BATTLE', pct: +0 } to deeply equal { type: 'BATTLE', pct: 1 }
 Γ£ô src/tests/contractUtils.test.ts > parseSupportTerms > classifies STRAIGHT terms 0ms
 Γ£ô src/tests/contractUtils.test.ts > parseSupportTerms > falls back to STRAIGHT for a bare percentage 0ms
 Γ£ô src/tests/contractUtils.test.ts > parseSupportTerms > returns NONE when no recognizable term 0ms
 Γ£ô src/tests/contractUtils.test.ts > parseNumericInput > returns fallback for undefined/null/empty 0ms
 Γ£ô src/tests/contractUtils.test.ts > parseNumericInput > returns number inputs directly 0ms
 Γ£ô src/tests/contractUtils.test.ts > parseNumericInput > parses numeric strings 0ms
 Γ£ô src/tests/contractUtils.test.ts > parseNumericInput > returns fallback for non-numeric strings 0ms
 Γ£ô src/tests/contractUtils.test.ts > isInputInvalid > returns false for undefined/null 0ms
 Γ£ô src/tests/contractUtils.test.ts > isInputInvalid > returns false for empty or single minus (intermediate states) 0ms
 Γ£ô src/tests/contractUtils.test.ts > isInputInvalid > returns false for valid numbers 0ms
 Γ£ô src/tests/contractUtils.test.ts > isInputInvalid > returns true for invalid non-numeric content 0ms
 ├ù src/tests/NavigationTree.test.tsx > NavigationTree > renders root and expanded children 41ms
   ΓåÆ Unable to find an element with the text: Alpha Lance. This could be because the text is broken up by multiple elements. In this case, you can provide a function for your text matcher to make your matcher more flexible.

Ignored nodes: comments, script, style
[36m<body>[39m
  [36m<div>[39m
    [36m<div[39m
      [33mstyle[39m=[32m"padding: 0px 10px;"[39m
    [36m>[39m
      [36m<div[39m
        [33mclass[39m=[32m"tree-node-wrapper"[39m
      [36m>[39m
        [36m<div[39m
          [33mclass[39m=[32m"tree-node  root-node"[39m
          [33mtitle[39m=[32m"My Commands"[39m
        [36m>[39m
          [36m<span[39m
            [33mclass[39m=[32m"toggle-arrow open"[39m
          [36m>[39m
            [0mΓû╢[0m
          [36m</span>[39m
          [36m<span[39m
            [33mclass[39m=[32m"label type-root"[39m
          [36m>[39m
            [0mMy Commands[0m
          [36m</span>[39m
        [36m</div>[39m
        [36m<div[39m
          [33mclass[39m=[32m"children-container"[39m
        [36m>[39m
          [36m<div[39m
            [33mclass[39m=[32m"tree-node-wrapper"[39m
          [36m>[39m
            [36m<div[39m
              [33mclass[39m=[32m"tree-node  "[39m
              [33mtitle[39m=[32m"Wolf's Dragoons"[39m
            [36m>[39m
              [36m<span[39m
                [33mclass[39m=[32m"toggle-arrow "[39m
              [36m>[39m
                [0mΓû╢[0m
              [36m</span>[39m
              [36m<span[39m
                [33mclass[39m=[32m"node-icon"[39m
              [36m>[39m
                [36m<svg[39m
                  [33mfill[39m=[32m"none"[39m
                  [33mheight[39m=[32m"12"[39m
                  [33mstroke[39m=[32m"currentColor"[39m
                  [33mstroke-linecap[39m=[32m"round"[39m
                  [33mstroke-linejoin[39m=[32m"round"[39m
                  [33mstroke-width[39m=[32m"2.5"[39m
                  [33mviewBox[39m=[32m"0 0 24 24"[39m
                  [33mwidth[39m=[32m"12"[39m
                [36m>[39m
                  [36m<path[39m
                    [33md[39m=[32m"M12 22s8-4 8-10V5l-8-3-8 3v7c0 6 8 10 8 10z"[39m
                  [36m/>[39m
                [36m</svg>[39m
              [36m</span>[39m
              [36m<span[39m
                [33mclass[39m=[32m"label type-command"[39m
              [36m>[39m
                [0mWolf's Dragoons[0m
              [36m</span>[39m
            [36m</div>[39m
          [36m</div>[39m
        [36m</div>[39m
      [36m</div>[39m
    [36m</div>[39m
  [36m</div>[39m
[36m</body>[39m
 Γ£ô src/tests/NavigationTree.test.tsx > NavigationTree > collapses children when toggle arrow clicked 9ms
 ├ù src/tests/NavigationTree.test.tsx > NavigationTree > calls onSelect when a node is clicked 8ms
   ΓåÆ Unable to find an element with the text: Alpha Lance. This could be because the text is broken up by multiple elements. In this case, you can provide a function for your text matcher to make your matcher more flexible.

Ignored nodes: comments, script, style
[36m<body>[39m
  [36m<div>[39m
    [36m<div[39m
      [33mstyle[39m=[32m"padding: 0px 10px;"[39m
    [36m>[39m
      [36m<div[39m
        [33mclass[39m=[32m"tree-node-wrapper"[39m
      [36m>[39m
        [36m<div[39m
          [33mclass[39m=[32m"tree-node  root-node"[39m
          [33mtitle[39m=[32m"My Commands"[39m
        [36m>[39m
          [36m<span[39m
            [33mclass[39m=[32m"toggle-arrow open"[39m
          [36m>[39m
            [0mΓû╢[0m
          [36m</span>[39m
          [36m<span[39m
            [33mclass[39m=[32m"label type-root"[39m
          [36m>[39m
            [0mMy Commands[0m
          [36m</span>[39m
        [36m</div>[39m
        [36m<div[39m
          [33mclass[39m=[32m"children-container"[39m
        [36m>[39m
          [36m<div[39m
            [33mclass[39m=[32m"tree-node-wrapper"[39m
          [36m>[39m
            [36m<div[39m
              [33mclass[39m=[32m"tree-node  "[39m
              [33mtitle[39m=[32m"Wolf's Dragoons"[39m
            [36m>[39m
              [36m<span[39m
                [33mclass[39m=[32m"toggle-arrow "[39m
              [36m>[39m
                [0mΓû╢[0m
              [36m</span>[39m
              [36m<span[39m
                [33mclass[39m=[32m"node-icon"[39m
              [36m>[39m
                [36m<svg[39m
                  [33mfill[39m=[32m"none"[39m
                  [33mheight[39m=[32m"12"[39m
                  [33mstroke[39m=[32m"currentColor"[39m
                  [33mstroke-linecap[39m=[32m"round"[39m
                  [33mstroke-linejoin[39m=[32m"round"[39m
                  [33mstroke-width[39m=[32m"2.5"[39m
                  [33mviewBox[39m=[32m"0 0 24 24"[39m
                  [33mwidth[39m=[32m"12"[39m
                [36m>[39m
                  [36m<path[39m
                    [33md[39m=[32m"M12 22s8-4 8-10V5l-8-3-8 3v7c0 6 8 10 8 10z"[39m
                  [36m/>[39m
                [36m</svg>[39m
              [36m</span>[39m
              [36m<span[39m
                [33mclass[39m=[32m"label type-command"[39m
              [36m>[39m
                [0mWolf's Dragoons[0m
              [36m</span>[39m
            [36m</div>[39m
          [36m</div>[39m
        [36m</div>[39m
      [36m</div>[39m
    [36m</div>[39m
  [36m</div>[39m
[36m</body>[39m
 ├ù src/tests/NavigationTree.test.tsx > NavigationTree > highlights the selected node 4ms
   ΓåÆ Unable to find an element with the text: Alpha Lance. This could be because the text is broken up by multiple elements. In this case, you can provide a function for your text matcher to make your matcher more flexible.

Ignored nodes: comments, script, style
[36m<body>[39m
  [36m<div>[39m
    [36m<div[39m
      [33mstyle[39m=[32m"padding: 0px 10px;"[39m
    [36m>[39m
      [36m<div[39m
        [33mclass[39m=[32m"tree-node-wrapper"[39m
      [36m>[39m
        [36m<div[39m
          [33mclass[39m=[32m"tree-node  root-node"[39m
          [33mtitle[39m=[32m"My Commands"[39m
        [36m>[39m
          [36m<span[39m
            [33mclass[39m=[32m"toggle-arrow open"[39m
          [36m>[39m
            [0mΓû╢[0m
          [36m</span>[39m
          [36m<span[39m
            [33mclass[39m=[32m"label type-root"[39m
          [36m>[39m
            [0mMy Commands[0m
          [36m</span>[39m
        [36m</div>[39m
        [36m<div[39m
          [33mclass[39m=[32m"children-container"[39m
        [36m>[39m
          [36m<div[39m
            [33mclass[39m=[32m"tree-node-wrapper"[39m
          [36m>[39m
            [36m<div[39m
              [33mclass[39m=[32m"tree-node  "[39m
              [33mtitle[39m=[32m"Wolf's Dragoons"[39m
            [36m>[39m
              [36m<span[39m
                [33mclass[39m=[32m"toggle-arrow "[39m
              [36m>[39m
                [0mΓû╢[0m
              [36m</span>[39m
              [36m<span[39m
                [33mclass[39m=[32m"node-icon"[39m
              [36m>[39m
                [36m<svg[39m
                  [33mfill[39m=[32m"none"[39m
                  [33mheight[39m=[32m"12"[39m
                  [33mstroke[39m=[32m"currentColor"[39m
                  [33mstroke-linecap[39m=[32m"round"[39m
                  [33mstroke-linejoin[39m=[32m"round"[39m
                  [33mstroke-width[39m=[32m"2.5"[39m
                  [33mviewBox[39m=[32m"0 0 24 24"[39m
                  [33mwidth[39m=[32m"12"[39m
                [36m>[39m
                  [36m<path[39m
                    [33md[39m=[32m"M12 22s8-4 8-10V5l-8-3-8 3v7c0 6 8 10 8 10z"[39m
                  [36m/>[39m
                [36m</svg>[39m
              [36m</span>[39m
              [36m<span[39m
                [33mclass[39m=[32m"label type-command"[39m
              [36m>[39m
                [0mWolf's Dragoons[0m
              [36m</span>[39m
            [36m</div>[39m
          [36m</div>[39m
        [36m</div>[39m
      [36m</div>[39m
    [36m</div>[39m
  [36m</div>[39m
[36m</body>[39m
 Γ£ô src/tests/NavigationTree.test.tsx > NavigationTree > renders multiple root items 3ms
 ├ù src/tests/financialUtils.test.ts > calculatePilotFinancials > BATTLE support => zero mercenary cost 8ms
   ΓåÆ expected -0 to be +0 // Object.is equality
 Γ£ô src/tests/financialUtils.test.ts > calculatePilotFinancials > STRAIGHT support => discounted mercenary cost 0ms
 Γ£ô src/tests/financialUtils.test.ts > calculatePilotFinancials > NONE support => full mercenary cost 0ms
 Γ£ô src/tests/financialUtils.test.ts > calculatePilotFinancials > Alpha Strike caps healed at 1 0ms
 Γ£ô src/tests/financialUtils.test.ts > calculateAwardFinancials > computes pay award from combat pay, multiplier and level 0ms
 Γ£ô src/tests/financialUtils.test.ts > calculateAwardFinancials > handles string numeric inputs via parseNumericInput 0ms
 Γ£ô src/tests/financialUtils.test.ts > calculateAwardFinancials > defaults missing multipliers/levels to 1 0ms
 Γ£ô src/tests/financialUtils.test.ts > calculateUnitFinancials > operational unit has zero repair cost 0ms
 Γ£ô src/tests/financialUtils.test.ts > calculateUnitFinancials > armor damage uses armor multiplier 0ms
 Γ£ô src/tests/financialUtils.test.ts > calculateUnitFinancials > non-mech types get the non-mech modifier 0ms
 Γ£ô src/tests/financialUtils.test.ts > calculateUnitFinancials > clan tech applies clan tax 0ms
 Γ£ô src/tests/financialUtils.test.ts > calculateUnitFinancials > truly destroyed uses replacement value 0ms
 Γ£ô src/tests/financialUtils.test.ts > calculateUnitFinancials > Alpha Strike truly destroyed uses pv basis 0ms
 Γ£ô src/tests/ScrapperDrawButton.test.tsx > ScrapperDrawButton > renders the draw button with fee label 33ms
 ├ù src/tests/ScrapperDrawButton.test.tsx > ScrapperDrawButton > opens the scrap heap draw overlay on click 10ms
   ΓåÆ expected "vi.fn()" to be called with arguments: [ ObjectContaining{ΓÇª} ][90m

Received:

[1m  1st vi.fn() call:

[22m[2m  [[22m
[32m-   ObjectContaining {[90m
[32m-     "title": "SCRAP HEAP DRAW",[90m
[31m+   {[90m
[31m+     "message": "NO ACTIVE DETACHMENTS OWNED BY YOUR COMMAND ARE DEPLOYED IN THIS THEATER.",[90m
[31m+     "onConfirm": [Function onConfirm],[90m
[31m+     "title": "ACCESS DENIED",[90m
[31m+     "variant": "alert",[90m
[2m    },[22m
[2m  ][22m
[39m[90m

Number of calls: [1m1[22m
[39m
 ├ù src/tests/DetachmentReadinessSummary.test.tsx > DetachmentReadinessSummary > renders unit type summaries with aggregated totals 47ms
   ΓåÆ Found multiple elements with the text: BM

Here are the matching elements:

Ignored nodes: comments, script, style
[36m<td[39m
  [33mclass[39m=[32m"text-center"[39m
[36m>[39m
  [0mBM[0m
[36m</td>[39m

Ignored nodes: comments, script, style
[36m<td[39m
  [33mclass[39m=[32m"text-center"[39m
[36m>[39m
  [0mBM[0m
[36m</td>[39m

(If this is intentional, then use the `*AllBy*` variant of the query (like `queryAllByText`, `getAllByText`, or `findAllByText`)).

Ignored nodes: comments, script, style
[36m<body>[39m
  [36m<div>[39m
    [36m<div[39m
      [33mclass[39m=[32m"flex flex-gap-20"[39m
      [33mstyle[39m=[32m"display: grid; grid-template-columns: 1fr 1fr; gap: 15px;"[39m
    [36m>[39m
      [36m<div>[39m
        [36m<span[39m
          [33mclass[39m=[32m"restricted-text"[39m
          [33mstyle[39m=[32m"font-size: 0.6rem;"[39m
        [36m>[39m
          [0mCOMBAT UNIT READINESS[0m
        [36m</span>[39m
        [36m<table[39m
          [33mclass[39m=[32m"tactical-table sm-text"[39m
          [33mstyle[39m=[32m"margin-top: 5px; font-size: 0.7rem;"[39m
        [36m>[39m
          [36m<thead>[39m
            [36m<tr>[39m
              [36m<th[39m
                [33mclass[39m=[32m"text-center"[39m
              [36m>[39m
                [0mTYPE[0m
              [36m</th>[39m
              [36m<th[39m
                [33mclass[39m=[32m"text-center"[39m
              [36m>[39m
                [0mQTY[0m
              [36m</th>[39m
              [36m<th[39m
                [33mclass[39m=[32m"text-center"[39m
              [36m>[39m
                [0mTONS[0m
              [36m</th>[39m
              [36m<th[39m
                [33mclass[39m=[32m"text-center"[39m
              [36m>[39m
                [0mBV[0m
              [36m</th>[39m
              [36m<th[39m
                [33mclass[39m=[32m"text-center"[39m
              [36m>[39m
                [0mPV[0m
              [36m</th>[39m
            [36m</tr>[39m
          [36m</thead>[39m
          [36m<tbody>[39m
            [36m<tr>[39m
              [36m<td[39m
                [33mclass[39m=[32m"text-center"[39m
              [36m>[39m
                [0mBM[0m
              [36m</td>[39m
              [36m<td[39m
                [33mclass[39m=[32m"text-center"[39m
              [36m>[39m
                [0m2[0m
              [36m</td>[39m
              [36m<td[39m
                [33mclass[39m=[32m"text-right"[39m
              [36m>[39m
                [0m150[0m
              [36m</td>[39m
              [36m<td[39m
                [33mclass[39m=[32m"text-right"[39m
              [36m>[39m
                [0m3000[0m
              [36m</td>[39m
              [36m<td[39m
                [33mclass[39m=[32m"text-right"[39m
              [36m>[39m
                [0m45[0m
              [36m</td>[39m
            [36m</tr>[39m
            [36m<tr>[39m
              [36m<td[39m
                [33mclass[39m=[32m"text-center"[39m
              [36m>[39m
                [0mCV[0m
              [36m</td>[39m
              [36m<td[39m
                [33mclass[39m=[32m"text-center"[39m
              [36m>[39m
                [0m1[0m
              [36m</td>[39m
              [36m<td[39m
                [33mclass[39m=[32m"text-right"[39m
              [36m>[39m
                [0m200[0m
              [36m</td>[39m
              [36m<td[39m
                [33mclass[39m=[32m"text-right"[39m
              [36m>[39m
                [0m1500[0m
              [36m</td>[39m
              [36m<td[39m
                [33mclass[39m=[32m"text-right"[39m
              [36m>[39m
                [0m25[0m
              [36m</td>[39m
            [36m</tr>[39m
            [36m<tr[39m
              [33mstyle[39m=[32m"border-top: 1px dashed var(--accent-dim); font-weight: bold;"[39m
            [36m>[39m
              [36m<td[39m
                [33mclass[39m=[32m"text-center"[39m
              [36m>[39m
                [0mTTL[0m
              [36m</td>[39m
              [36m<td[39m
                [33mclass[39m=[32m"text-center"[39m
              [36m>[39m
                [0m3[0m
              [36m</td>[39m
              [36m<td[39m
                [33mclass[39m=[32m"text-right"[39m
              [36m>[39m
                [0m350[0m
              [36m</td>[39m
              [36m<td[39m
                [33mclass[39m=[32m"text-right"[39m
              [36m>[39m
                [0m4500[0m
              [36m</td>[39m
              [36m<td[39m
                [33mclass[39m=[32m"text-right"[39m
              [36m>[39m
                [0m70[0m
              [36m</td>[39m
            [36m</tr>[39m
          [36m</tbody>[39m
        [36m</table>[39m
      [36m</div>[39m
      [36m<div>[39m
        [36m<span[39m
          [33mclass[39m=[32m"restricted-text"[39m
          [33mstyle[39m=[32m"font-size: 0.6rem;"[39m
        [36m>[39m
          [0mPILOT READINESS[0m
        [36m</span>[39m
        [36m<table[39m
          [33mclass[39m=[32m"tactical-table sm-text"[39m
          [33mstyle[39m=[32m"margin-top: 5px; font-size: 0.7rem;"[39m
        [36m>[39m
          [36m<thead>[39m
            [36m<tr>[39m
              [36m<th[39m
                [33mclass[39m=[32m"text-center"[39m
              [36m>[39m
                [0mSPEC[0m
              [36m</th>[39m
              [36m<th[39m
                [33mclass[39m=[32m"text-center"[39m
              [36m>[39m
                [0mQTY[0m
              [36m</th>[39m
              [36m<th[39m
                [33mclass[39m=[32m"text-center"[39m
              [36m>[39m
                [0mAVG G/P [AS][0m
              [36m</th>[39m
              [36m<th[39m
                [33mclass[39m=[32m"text-center"[39m
              [36m>[39m
                [0mH[0m
              [36m</th>[39m
            [36m</tr>[39m
          [36m</thead>[39m
          [36m<tbody>[39m
            [36m<tr>[39m
              [36m<td[39m
                [33mclass[39m=[32m"text-center"[39m
              [36m>[39m
                [0mBM[0m
              [36m</td>[39m
              [36m<td[39m
                [33mclass[39m=[32m"text-center"[39m
              [36m>[39m
                [0m2[0m
              [36m</td>[39m
              [36m<td[39m
                [33mclass[39m=[32m"text-center"[39m
              [36m>[39m
                [0m3.5[0m
                [0m/[0m
                [0m4.5[0m
                [0m [[0m
                [0m3.5[0m
                [0m][0m
              [36m</td>[39m
              [36m<td[39m
                [33mclass[39m=[32m"text-center"[39m
              [36m>[39m
                [0m12[0m
              [36m</td>[39m
            [36m</tr>[39m
            [36m<tr>[39m
              [36m<td[39m
                [33mclass[39m=[32m"text-center"[39m
              [36m>[39m
                [0mCV[0m
              [36m</td>[39m
              [36m<td[39m
                [33mclass[39m=[32m"text-center"[39m
              [36m>[39m
                [0m1[0m
              [36m</td>[39m
              [36m<td[39m
                [33mclass[39m=[32m"text-center"[39m
              [36m>[39m
                [0m2.0[0m
                [0m/[0m
                [0m3.0[0m
                [0m [[0m
                [0m2.0[0m
                [0m][0m
              [36m</td>[39m
              [36m<td[39m
                [33mclass[39m=[32m"text-center"[39m
              [36m>[39m
                [0m28[0m
              [36m</td>[39m
            [36m</tr>[39m
            [36m<tr[39m
              [33mstyle[39m=[32m"border-top: 1px dashed var(--accent-dim); font-weight: bold;"[39m
            [36m>[39m
              [36m<td[39m
                [33mclass[39m=[32m"text-center"[39m
              [36m>[39m
                [0mTTL[0m
              [36m</td>[39m
              [36m<td[39m
                [33mclass[39m=[32m"text-center"[39m
              [36m>[39m
                [0m3[0m
              [36m</td>[39m
              [36m<td[39m
                [33mclass[39m=[32m"text-center"[39m
              [36m>[39m
                [0m---[0m
              [36m</td>[39m
              [36m<td[39m
                [33mclass[39m=[32m"text-center"[39m
              [36m>[39m
                [0m40[0m
              [36m</td>[39m
            [36m</tr>[39m
          [36m</tbody>[39m
        [36m</table>[39m
      [36m</div>[39m
    [36m</div>[39m
  [36m</div>[39m
[36m</body>[39m
 ├ù src/tests/DetachmentReadinessSummary.test.tsx > DetachmentReadinessSummary > renders pilot spec summaries 8ms
   ΓåÆ Found multiple elements with the text: BM

Here are the matching elements:

Ignored nodes: comments, script, style
[36m<td[39m
  [33mclass[39m=[32m"text-center"[39m
[36m>[39m
  [0mBM[0m
[36m</td>[39m

Ignored nodes: comments, script, style
[36m<td[39m
  [33mclass[39m=[32m"text-center"[39m
[36m>[39m
  [0mBM[0m
[36m</td>[39m

(If this is intentional, then use the `*AllBy*` variant of the query (like `queryAllByText`, `getAllByText`, or `findAllByText`)).

Ignored nodes: comments, script, style
[36m<body>[39m
  [36m<div>[39m
    [36m<div[39m
      [33mclass[39m=[32m"flex flex-gap-20"[39m
      [33mstyle[39m=[32m"display: grid; grid-template-columns: 1fr 1fr; gap: 15px;"[39m
    [36m>[39m
      [36m<div>[39m
        [36m<span[39m
          [33mclass[39m=[32m"restricted-text"[39m
          [33mstyle[39m=[32m"font-size: 0.6rem;"[39m
        [36m>[39m
          [0mCOMBAT UNIT READINESS[0m
        [36m</span>[39m
        [36m<table[39m
          [33mclass[39m=[32m"tactical-table sm-text"[39m
          [33mstyle[39m=[32m"margin-top: 5px; font-size: 0.7rem;"[39m
        [36m>[39m
          [36m<thead>[39m
            [36m<tr>[39m
              [36m<th[39m
                [33mclass[39m=[32m"text-center"[39m
              [36m>[39m
                [0mTYPE[0m
              [36m</th>[39m
              [36m<th[39m
                [33mclass[39m=[32m"text-center"[39m
              [36m>[39m
                [0mQTY[0m
              [36m</th>[39m
              [36m<th[39m
                [33mclass[39m=[32m"text-center"[39m
              [36m>[39m
                [0mTONS[0m
              [36m</th>[39m
              [36m<th[39m
                [33mclass[39m=[32m"text-center"[39m
              [36m>[39m
                [0mBV[0m
              [36m</th>[39m
              [36m<th[39m
                [33mclass[39m=[32m"text-center"[39m
              [36m>[39m
                [0mPV[0m
              [36m</th>[39m
            [36m</tr>[39m
          [36m</thead>[39m
          [36m<tbody>[39m
            [36m<tr>[39m
              [36m<td[39m
                [33mclass[39m=[32m"text-center"[39m
              [36m>[39m
                [0mBM[0m
              [36m</td>[39m
              [36m<td[39m
                [33mclass[39m=[32m"text-center"[39m
              [36m>[39m
                [0m2[0m
              [36m</td>[39m
              [36m<td[39m
                [33mclass[39m=[32m"text-right"[39m
              [36m>[39m
                [0m150[0m
              [36m</td>[39m
              [36m<td[39m
                [33mclass[39m=[32m"text-right"[39m
              [36m>[39m
                [0m3000[0m
              [36m</td>[39m
              [36m<td[39m
                [33mclass[39m=[32m"text-right"[39m
              [36m>[39m
                [0m45[0m
              [36m</td>[39m
            [36m</tr>[39m
            [36m<tr>[39m
              [36m<td[39m
                [33mclass[39m=[32m"text-center"[39m
              [36m>[39m
                [0mCV[0m
              [36m</td>[39m
              [36m<td[39m
                [33mclass[39m=[32m"text-center"[39m
              [36m>[39m
                [0m1[0m
              [36m</td>[39m
              [36m<td[39m
                [33mclass[39m=[32m"text-right"[39m
              [36m>[39m
                [0m200[0m
              [36m</td>[39m
              [36m<td[39m
                [33mclass[39m=[32m"text-right"[39m
              [36m>[39m
                [0m1500[0m
              [36m</td>[39m
              [36m<td[39m
                [33mclass[39m=[32m"text-right"[39m
              [36m>[39m
                [0m25[0m
              [36m</td>[39m
            [36m</tr>[39m
            [36m<tr[39m
              [33mstyle[39m=[32m"border-top: 1px dashed var(--accent-dim); font-weight: bold;"[39m
            [36m>[39m
              [36m<td[39m
                [33mclass[39m=[32m"text-center"[39m
              [36m>[39m
                [0mTTL[0m
              [36m</td>[39m
              [36m<td[39m
                [33mclass[39m=[32m"text-center"[39m
              [36m>[39m
                [0m3[0m
              [36m</td>[39m
              [36m<td[39m
                [33mclass[39m=[32m"text-right"[39m
              [36m>[39m
                [0m350[0m
              [36m</td>[39m
              [36m<td[39m
                [33mclass[39m=[32m"text-right"[39m
              [36m>[39m
                [0m4500[0m
              [36m</td>[39m
              [36m<td[39m
                [33mclass[39m=[32m"text-right"[39m
              [36m>[39m
                [0m70[0m
              [36m</td>[39m
            [36m</tr>[39m
          [36m</tbody>[39m
        [36m</table>[39m
      [36m</div>[39m
      [36m<div>[39m
        [36m<span[39m
          [33mclass[39m=[32m"restricted-text"[39m
          [33mstyle[39m=[32m"font-size: 0.6rem;"[39m
        [36m>[39m
          [0mPILOT READINESS[0m
        [36m</span>[39m
        [36m<table[39m
          [33mclass[39m=[32m"tactical-table sm-text"[39m
          [33mstyle[39m=[32m"margin-top: 5px; font-size: 0.7rem;"[39m
        [36m>[39m
          [36m<thead>[39m
            [36m<tr>[39m
              [36m<th[39m
                [33mclass[39m=[32m"text-center"[39m
              [36m>[39m
                [0mSPEC[0m
              [36m</th>[39m
              [36m<th[39m
                [33mclass[39m=[32m"text-center"[39m
              [36m>[39m
                [0mQTY[0m
              [36m</th>[39m
              [36m<th[39m
                [33mclass[39m=[32m"text-center"[39m
              [36m>[39m
                [0mAVG G/P [AS][0m
              [36m</th>[39m
              [36m<th[39m
                [33mclass[39m=[32m"text-center"[39m
              [36m>[39m
                [0mH[0m
              [36m</th>[39m
            [36m</tr>[39m
          [36m</thead>[39m
          [36m<tbody>[39m
            [36m<tr>[39m
              [36m<td[39m
                [33mclass[39m=[32m"text-center"[39m
              [36m>[39m
                [0mBM[0m
              [36m</td>[39m
              [36m<td[39m
                [33mclass[39m=[32m"text-center"[39m
              [36m>[39m
                [0m2[0m
              [36m</td>[39m
              [36m<td[39m
                [33mclass[39m=[32m"text-center"[39m
              [36m>[39m
                [0m3.5[0m
                [0m/[0m
                [0m4.5[0m
                [0m [[0m
                [0m3.5[0m
                [0m][0m
              [36m</td>[39m
              [36m<td[39m
                [33mclass[39m=[32m"text-center"[39m
              [36m>[39m
                [0m12[0m
              [36m</td>[39m
            [36m</tr>[39m
            [36m<tr>[39m
              [36m<td[39m
                [33mclass[39m=[32m"text-center"[39m
              [36m>[39m
                [0mCV[0m
              [36m</td>[39m
              [36m<td[39m
                [33mclass[39m=[32m"text-center"[39m
              [36m>[39m
                [0m1[0m
              [36m</td>[39m
              [36m<td[39m
                [33mclass[39m=[32m"text-center"[39m
              [36m>[39m
                [0m2.0[0m
                [0m/[0m
                [0m3.0[0m
                [0m [[0m
                [0m2.0[0m
                [0m][0m
              [36m</td>[39m
              [36m<td[39m
                [33mclass[39m=[32m"text-center"[39m
              [36m>[39m
                [0m28[0m
              [36m</td>[39m
            [36m</tr>[39m
            [36m<tr[39m
              [33mstyle[39m=[32m"border-top: 1px dashed var(--accent-dim); font-weight: bold;"[39m
            [36m>[39m
              [36m<td[39m
                [33mclass[39m=[32m"text-center"[39m
              [36m>[39m
                [0mTTL[0m
              [36m</td>[39m
              [36m<td[39m
                [33mclass[39m=[32m"text-center"[39m
              [36m>[39m
                [0m3[0m
              [36m</td>[39m
              [36m<td[39m
                [33mclass[39m=[32m"text-center"[39m
              [36m>[39m
                [0m---[0m
              [36m</td>[39m
              [36m<td[39m
                [33mclass[39m=[32m"text-center"[39m
              [36m>[39m
                [0m40[0m
              [36m</td>[39m
            [36m</tr>[39m
          [36m</tbody>[39m
        [36m</table>[39m
      [36m</div>[39m
    [36m</div>[39m
  [36m</div>[39m
[36m</body>[39m
 Γ£ô src/tests/DetachmentReadinessSummary.test.tsx > DetachmentReadinessSummary > handles empty units and pilots 3ms
 Γ£ô src/tests/DetachmentReadinessSummary.test.tsx > DetachmentReadinessSummary > handles units with missing type as UNKNOWN 5ms
 Γ£ô src/tests/DetachmentReadinessSummary.test.tsx > DetachmentReadinessSummary > respects compact mode without throwing 5ms
 Γ£ô src/tests/pilotCalculations.test.ts > recalcDerived > sums total SP from component allocations 1ms
 Γ£ô src/tests/pilotCalculations.test.ts > recalcDerived > treats missing allocations as zero 0ms
 Γ£ô src/tests/pilotCalculations.test.ts > recalcDerived > maps SP to skill levels via thresholds 0ms
 Γ£ô src/tests/pilotCalculations.test.ts > recalcDerived > computes asSkill as floor((gunnery + piloting) / 2) 0ms
 Γ£ô src/tests/pilotCalculations.test.ts > recalcDerived > sums handicaps across all components 0ms
 Γ£ô src/tests/pilotCalculations.test.ts > recalcDerived > returns the same mutated pilot instance 0ms
 Γ£ô src/tests/pilotThresholds.test.ts > getActiveThreshold > returns the first (lowest) threshold when alloc is below all 2ms
 Γ£ô src/tests/pilotThresholds.test.ts > getActiveThreshold > returns the highest threshold when alloc exceeds all 0ms
 Γ£ô src/tests/pilotThresholds.test.ts > getActiveThreshold > selects the correct threshold at a boundary 0ms
 Γ£ô src/tests/pilotThresholds.test.ts > getActiveThreshold > returns the matching entry for an exact mid allocation 0ms
 Γ£ô src/tests/pilotThresholds.test.ts > threshold tables > gunnery thresholds are ordered and well-formed 1ms
 Γ£ô src/tests/pilotThresholds.test.ts > threshold tables > piloting thresholds are ordered and well-formed 0ms
 Γ£ô src/tests/pilotThresholds.test.ts > threshold tables > edge tokens thresholds span 10 levels 0ms
 Γ£ô src/tests/pilotThresholds.test.ts > threshold tables > edge ability thresholds span 6 levels 0ms
 Γ£ô src/tests/pricingUtils.test.ts > getTechTax > returns 1.0 for Inner Sphere (default) 2ms
 Γ£ô src/tests/pricingUtils.test.ts > getTechTax > returns 2.0 for Clan, with metadata override 0ms
 Γ£ô src/tests/pricingUtils.test.ts > getTechTax > returns 1.5 for Mixed, with metadata override 0ms
 Γ£ô src/tests/pricingUtils.test.ts > getTechTax > uses metadata defaults when not provided 0ms
 Γ£ô src/tests/pricingUtils.test.ts > calculatePurchasePrice > returns override price when provided 0ms
 Γ£ô src/tests/pricingUtils.test.ts > calculatePurchasePrice > Core rule uses BV * techTax 0ms
 Γ£ô src/tests/pricingUtils.test.ts > calculatePurchasePrice > Alpha Strike rule uses PV * pvPurchaseUnitMultiplier 0ms
 Γ£ô src/tests/pricingUtils.test.ts > calculatePurchasePrice > Alpha Strike falls back to default multiplier 40 0ms
 Γ£ô src/tests/pricingUtils.test.ts > calculateReconfigureCost > returns 0 when mode is not edit 0ms
 Γ£ô src/tests/pricingUtils.test.ts > calculateReconfigureCost > returns 0 when unit is null 0ms
 Γ£ô src/tests/pricingUtils.test.ts > calculateReconfigureCost > returns 0 when detachmentId is null 0ms
 Γ£ô src/tests/pricingUtils.test.ts > calculateReconfigureCost > returns 0 when BV and PV unchanged 0ms
 Γ£ô src/tests/pricingUtils.test.ts > calculateReconfigureCost > Core rule uses tonnage * modifier * techTax 0ms
 Γ£ô src/tests/pricingUtils.test.ts > calculateReconfigureCost > Alpha Strike rule uses asSize*20 * modifier * techTax 0ms
 Γ£ô src/tests/Login.test.tsx > Login Component > renders the Google login button 119ms
 ├ù src/tests/Login.test.tsx > Login Component > redirects to the OAuth2 authorization endpoint on click 1ms
   ΓåÆ The property "href" is not defined on the object.
 Γ£ô src/tests/MyDeploymentsList.test.tsx > MyDeploymentsList > shows placeholder when no deployments 90ms
 Γ£ô src/tests/MyDeploymentsList.test.tsx > MyDeploymentsList > renders deployed detachments from commands 20ms
 ├ù src/tests/MyDeploymentsList.test.tsx > MyDeploymentsList > calls onSelectDetachment when a deployment is clicked 31ms
   ΓåÆ expected "vi.fn()" to be called with arguments: [ ObjectContaining{ΓÇª} ][90m

Received:

[1m  1st vi.fn() call:

[22m[2m  [[22m
[32m-   ObjectContaining {[90m
[32m-     "id": "det-1",[90m
[31m+   {[90m
[31m+     "id": "deployment-det-1",[90m
[31m+     "label": "Wolf's Dragoons - Alpha Lance",[90m
[31m+     "metadata": {[90m
[31m+       "campaignId": "camp-1",[90m
[31m+       "commandId": "cmd-1",[90m
[31m+       "detachmentId": "det-1",[90m
[31m+     },[90m
[2m      "type": "DETACHMENT",[22m
[2m    },[22m
[2m  ][22m
[39m[90m

Number of calls: [1m1[22m
[39m
 Γ£ô src/tests/MyDeploymentsList.test.tsx > MyDeploymentsList > handles null detachments gracefully 10ms
 Γ£ô src/tests/Welcome.test.tsx > Welcome Component > should display welcome message with user name 28ms
 Γ£ô src/tests/Welcome.test.tsx > Welcome Component > should center the welcome message 3ms
 Γ£ô src/tests/MercenaryRegistryView.test.tsx > MercenaryRegistryView > renders all commands 100ms
 Γ£ô src/tests/MercenaryRegistryView.test.tsx > MercenaryRegistryView > calls onSelectCommand when a command is clicked 18ms
 Γ£ô src/tests/MercenaryRegistryView.test.tsx > MercenaryRegistryView > highlights the selected command 14ms
 Γ£ô src/tests/MercenaryRegistryView.test.tsx > MercenaryRegistryView > shows unnamed fallback for commands without a name 11ms
 Γ£ô src/tests/MercenaryRegistryView.test.tsx > MercenaryRegistryView > calls onEstablishCommand when establish button clicked 15ms
 Γ£ô src/tests/TerminalOverlay.test.tsx > TerminalOverlay > renders title and message 167ms
 Γ£ô src/tests/TerminalOverlay.test.tsx > TerminalOverlay > calls onConfirm when confirm button clicked 57ms
 Γ£ô src/tests/TerminalOverlay.test.tsx > TerminalOverlay > calls onCancel when cancel button clicked 26ms
 Γ£ô src/tests/TerminalOverlay.test.tsx > TerminalOverlay > renders an input field when showInputField is set 35ms
 Γ£ô src/tests/TerminalOverlay.test.tsx > TerminalOverlay > renders custom children 17ms
 Γ£ô src/tests/TerminalOverlay.test.tsx > TerminalOverlay > shows loading state on confirm button 22ms
 ├ù src/tests/MarketDashboard.test.tsx > MarketDashboard > renders market tabs and the scrapper draw button 263ms
   ΓåÆ Unable to find an element with the text: /DRAW FROM THE SCRAP HEAP/i. This could be because the text is broken up by multiple elements. In this case, you can provide a function for your text matcher to make your matcher more flexible.

Ignored nodes: comments, script, style
[36m<body[39m
  [33mstyle[39m=[32m"overflow: hidden; --floating-ui-scrollbar-width: 1024px; padding-right: 1024px;"[39m
[36m>[39m
  [36m<div[39m
    [33maria-hidden[39m=[32m"true"[39m
    [33mdata-floating-ui-inert[39m=[32m""[39m
  [36m/>[39m
  [36m<div[39m
    [33mdata-floating-ui-portal[39m=[32m""[39m
    [33mid[39m=[32m"_r_2_"[39m
  [36m>[39m
    [36m<div[39m
      [33mclass[39m=[32m"terminal-overlay-backdrop "[39m
      [33mstyle[39m=[32m"position: fixed; overflow: auto; top: 0px; right: 0px; bottom: 0px; left: 0px; z-index: 9999; display: grid; place-items: center; background-color: rgba(0, 0, 0, 0.97);"[39m
    [36m>[39m
      [36m<span[39m
        [33mdata-floating-ui-focus-guard[39m=[32m""[39m
        [33mdata-type[39m=[32m"inside"[39m
        [33mrole[39m=[32m"button"[39m
        [33mstyle[39m=[32m"border: 0px; clip: rect(0px); height: 1px; margin: -1px; overflow: hidden; padding: 0px; position: fixed; white-space: nowrap; width: 1px; top: 0px; left: 0px;"[39m
        [33mtabindex[39m=[32m"0"[39m
      [36m/>[39m
      [36m<div[39m
        [33mclass[39m=[32m"terminal-overlay-panel "[39m
        [33mdata-floating-ui-focusable[39m=[32m""[39m
        [33mid[39m=[32m"_r_0_"[39m
        [33mrole[39m=[32m"dialog"[39m
        [33mtabindex[39m=[32m"-1"[39m
      [36m>[39m
        [36m<div[39m
          [33mclass[39m=[32m"overlay-header"[39m
        [36m>[39m
          [36m<div[39m
            [33mclass[39m=[32m"flex-between w-100"[39m
          [36m>[39m
            [36m<span>[39m
              [36m<span[39m
                [33mclass[39m=[32m"blink-fast"[39m
              [36m>[39m
                [0mΓû╢[0m
              [36m</span>[39m
              [0m [0m
              [0m[ THEATER MARKET ][0m
            [36m</span>[39m
          [36m</div>[39m
        [36m</div>[39m
        [36m<div[39m
          [33mstyle[39m=[32m"border: 1px solid var(--terminal-border); margin: 0px 10px 10px; padding: 15px; background-color: rgba(0, 0, 0, 0.4);"[39m
        [36m>[39m
          [36m<div[39m
            [33mclass[39m=[32m"overlay-body"[39m
          [36m>[39m
            [36m<p[39m
              [33mclass[39m=[32m"mb-10"[39m
            [36m/>[39m
            [36m<div[39m
              [33maria-hidden[39m=[32m"true"[39m
              [33mclass[39m=[32m"market-background-overlay"[39m
              [33mstyle[39m=[32m"position: absolute; top: 0px; left: 0px; width: 100%; height: 100%; pointer-events: none; z-index: -1; border-radius: inherit; overflow: hidden;"[39m
            [36m>[39m
              [36m<div[39m
                [33mclass[39m=[32m"market-overlay"[39m
                [33mstyle[39m=[32m"position: absolute; top: 0px; left: 0px; width: 100%; height: 100%; background-image: url(\"/market_showroom.png\"); background-size: cover; background-repeat: no-repeat; background-position: center center; opacity: 0.35;"[39m
              [36m/>[39m
              [36m<div[39m
                [33mclass[39m=[32m"intercept-scroll"[39m
                [33mstyle[39m=[32m"position: absolute; top: 20px; left: 20px; width: 400px; font-family: monospace; font-size: 0.7rem; color: var(--terminal-amber); display: flex; flex-direction: column; gap: 15px; animation: scroll-intel 0s linear infinite; white-space: normal; text-transform: uppercase; opacity: 0.15; mask-image: linear-gradient(to bottom, black, transparent);"[39m
              [36m>[39m
                [36m<div[39m
                  [33mclass[39m=[32m"intercept-line"[39m
                  [33mstyle[39m=[32m"padding-left: 1.5rem; text-indent: -1.5rem;"[39m
                [36m>[39m
                  [0m[MARKET] BLACK MARKET :: FELL OFF A JUMPSHIP SPREAD: 4X DEFACED MARAUDER MAD-3R RIGHT ARM ASSEMBLIES. 400K OBO.[0m
                [36m</div>[39m
                [36m<div[39m
                  [33mclass[39m=[32m"intercept-line"[39m
                  [33mstyle[39m=[32m"padding-left: 1.5rem; text-indent: -1.5rem;"[39m
                [36m>[39m
                  [0m[MARKET] EMPLOYER FEED :: PERSEUS WAR MEMORIAL FUND OFFERING BENEVOLENT MECH LEASE. SEE DETAILS.[0m
                [36m</div>[39m
                [36m<div[39m
                  [33mclass[39m=[32m"intercept-line"[39m
                  [33mstyle[39m=[32m"padding-left: 1.5rem; text-indent: -1.5rem;"[39m
                [36m>[39m
                  [0m[STATUS] MERCENARY REVIEW :: MRBC RATING ADJUSTMENT COMMENCING FOR LOCAL OUTFITS. ENSURE LOGS ARE CURRENT.[0m
                [36m</div>[39m
                [36m<div[39m
                  [33mclass[39m=[32m"intercept-line"[39m
                  [33mstyle[39m=[32m"padding-left: 1.5rem; text-indent: -1.5rem;"[39m
                [36m>[39m
                  [0m[LOGISTICS] FLIGHT DECK :: DROPMASTER WARNS OVER-TONNAGE LANCES WILL INCUR DOUBLE FUEL SURCHARGES THIS JUMP.[0m
                [36m</div>[39m
                [36m<div[39m
                  [33mclass[39m=[32m"intercept-line"[39m
                  [33mstyle[39m=[32m"padding-left: 1.5rem; text-indent: -1.5rem;"[39m
                [36m>[39m
                  [0m[ALERT] MARKET WATCH :: TECH BASE 5+ MECHS IN HIGH DEMAND. PRICES RISING.[0m
                [36m</div>[39m
                [36m<div[39m
                  [33mclass[39m=[32m"intercept-line"[39m
                  [33mstyle[39m=[32m"padding-left: 1.5rem; text-indent: -1.5rem;"[39m
                [36m>[39m
                  [0m[MARKET] OUTRIDER HUB :: LOCUST LCT-1V. ENGINE RE-RATED FOR SCOUT SPEEDS. CHEAP. 190K C-BILLS.[0m
                [36m</div>[39m
                [36m<div[39m
                  [33mclass[39m=[32m"intercept-line"[39m
                  [33mstyle[39m=[32m"padding-left: 1.5rem; text-indent: -1.5rem;"[39m
                [36m>[39m
                  [0m[MARKET] FREEPORT DELTA :: CATAPHRACT CM-11K LISTED AT 650K C-BILLS. SELLER: HOUSE MARCUS.[0m
                [36m</div>[39m
                [36m<div[39m
                  [33mclass[39m=[32m"intercept-line"[39m
                  [33mstyle[39m=[32m"padding-left: 1.5rem; text-indent: -1.5rem;"[39m
                [36m>[39m
                  [0m[LOGISTICS] SUPPLY RUN :: SHIPMENT OF AC/20 SHELLS DELAYED. EXPECT 72-HOUR HOLD.[0m
                [36m</div>[39m
                [36m<div[39m
                  [33mclass[39m=[32m"intercept-line"[39m
                  [33mstyle[39m=[32m"padding-left: 1.5rem; text-indent: -1.5rem;"[39m
                [36m>[39m
                  [0m[MARKET] FREEPORT DELTA :: SHADOW HAWK SH-HBK-4H. LOW HOURS, HIGH CONDITION. 420K.[0m
                [36m</div>[39m
                [36m<div[39m
                  [33mclass[39m=[32m"intercept-line"[39m
                  [33mstyle[39m=[32m"padding-left: 1.5rem;...
 Γ£ô src/tests/MarketDashboard.test.tsx > MarketDashboard > switches active tab when clicked 84ms
 Γ£ô src/tests/MarketDashboard.test.tsx > MarketDashboard > calls onClose when close is triggered 91ms
 Γ£ô src/tests/TacticalMarkdown.test.tsx > TacticalMarkdown > renders markdown content as HTML 101ms
 Γ£ô src/tests/TacticalMarkdown.test.tsx > TacticalMarkdown > renders tables via remark-gfm 5ms
 Γ£ô src/tests/TacticalMarkdown.test.tsx > TacticalMarkdown > intercepts hsc:// links and calls onAction with the url 7ms
 Γ£ô src/tests/TacticalMarkdown.test.tsx > TacticalMarkdown > does not trigger onAction for external links 4ms
 Γ£ô src/tests/TacticalMarkdown.test.tsx > TacticalMarkdown > renders plain text without links 2ms
 Γ£ô src/tests/ActiveCampaignsList.test.tsx > ActiveCampaignsList > shows loading state initially 28ms
 Γ£ô src/tests/LedgerDashboard.test.tsx > LedgerDashboard > shows loading state initially 26ms
 Γ£ô src/tests/ActiveCampaignsList.test.tsx > ActiveCampaignsList > renders campaigns after load 91ms
 ├ù src/tests/ActiveCampaignsList.test.tsx > ActiveCampaignsList > filters campaigns by search term (name) 48ms
   ΓåÆ Unable to find an element with the placeholder text of: /search/i

Ignored nodes: comments, script, style
[36m<body>[39m
  [36m<div>[39m
    [36m<section[39m
      [33mclass[39m=[32m"active-campaigns-container"[39m
      [33mstyle[39m=[32m"position: relative;"[39m
    [36m>[39m
      [36m<div[39m
        [33maria-hidden[39m=[32m"true"[39m
        [33mclass[39m=[32m"active-campaigns-bg"[39m
      [36m>[39m
        [36m<div[39m
          [33mclass[39m=[32m"intel-overlay"[39m
        [36m/>[39m
        [36m<svg[39m
          [33mclass[39m=[32m"star-map"[39m
          [33mviewBox[39m=[32m"0 0 400 400"[39m
        [36m>[39m
          [36m<g[39m
            [33mclass[39m=[32m"transmission-lines"[39m
          [36m>[39m
            [36m<line[39m
              [33mx1[39m=[32m"100"[39m
              [33mx2[39m=[32m"250"[39m
              [33my1[39m=[32m"120"[39m
              [33my2[39m=[32m"80"[39m
            [36m/>[39m
            [36m<line[39m
              [33mx1[39m=[32m"250"[39m
              [33mx2[39m=[32m"320"[39m
              [33my1[39m=[32m"80"[39m
              [33my2[39m=[32m"200"[39m
            [36m/>[39m
            [36m<line[39m
              [33mx1[39m=[32m"320"[39m
              [33mx2[39m=[32m"180"[39m
              [33my1[39m=[32m"200"[39m
              [33my2[39m=[32m"280"[39m
            [36m/>[39m
            [36m<line[39m
              [33mx1[39m=[32m"180"[39m
              [33mx2[39m=[32m"80"[39m
              [33my1[39m=[32m"280"[39m
              [33my2[39m=[32m"350"[39m
            [36m/>[39m
            [36m<line[39m
              [33mx1[39m=[32m"100"[39m
              [33mx2[39m=[32m"180"[39m
              [33my1[39m=[32m"120"[39m
              [33my2[39m=[32m"280"[39m
            [36m/>[39m
          [36m</g>[39m
          [36m<g[39m
            [33mclass[39m=[32m"systems"[39m
          [36m>[39m
            [36m<circle[39m
              [33mcx[39m=[32m"100"[39m
              [33mcy[39m=[32m"120"[39m
              [33mr[39m=[32m"3"[39m
            [36m/>[39m
            [36m<text[39m
              [33mx[39m=[32m"105"[39m
              [33my[39m=[32m"115"[39m
            [36m>[39m
              [0mTUKAYYID[0m
            [36m</text>[39m
            [36m<circle[39m
              [33mcx[39m=[32m"250"[39m
              [33mcy[39m=[32m"80"[39m
              [33mr[39m=[32m"3"[39m
            [36m/>[39m
            [36m<text[39m
              [33mx[39m=[32m"255"[39m
              [33my[39m=[32m"75"[39m
            [36m>[39m
              [0mMISERY[0m
            [36m</text>[39m
            [36m<circle[39m
              [33mcx[39m=[32m"320"[39m
              [33mcy[39m=[32m"200"[39m
              [33mr[39m=[32m"3"[39m
            [36m/>[39m
            [36m<text[39m
              [33mx[39m=[32m"325"[39m
              [33my[39m=[32m"195"[39m
            [36m>[39m
              [0mLUTHIEN[0m
            [36m</text>[39m
            [36m<circle[39m
              [33mcx[39m=[32m"180"[39m
              [33mcy[39m=[32m"280"[39m
              [33mr[39m=[32m"3"[39m
            [36m/>[39m
            [36m<text[39m
              [33mx[39m=[32m"185"[39m
              [33my[39m=[32m"275"[39m
            [36m>[39m
              [0mALSHAIN[0m
            [36m</text>[39m
            [36m<circle[39m
              [33mcx[39m=[32m"80"[39m
              [33mcy[39m=[32m"350"[39m
              [33mr[39m=[32m"3"[39m
            [36m/>[39m
            [36m<text[39m
              [33mx[39m=[32m"85"[39m
              [33my[39m=[32m"345"[39m
            [36m>[39m
              [0mOUTREACH[0m
            [36m</text>[39m
          [36m</g>[39m
        [36m</svg>[39m
        [36m<div[39m
          [33mclass[39m=[32m"intercept-scroll"[39m
          [33mstyle[39m=[32m"animation-duration: 0s;"[39m
        [36m>[39m
          [36m<div[39m
            [33mclass[39m=[32m"intercept-line"[39m
          [36m>[39m
            [0m[INTERCEPT] - 3051.11.15 - MRBC NOTICE: MISERY CONTRACT TERMINATED[0m
          [36m</div>[39m
          [36m<div[39m
            [33mclass[39m=[32m"intercept-line"[39m
          [36m>[39m
            [0m[DATA] - 3059.03.14 - WHISPERS OF A MASSIVE DEPLOYMENT TOWARD THE TUKAYYID BORDER.[0m
          [36m</div>[39m
          [36m<div[39m
            [33mclass[39m=[32m"intercept-line"[39m
          [36m>[39m
            [0m[SIGINT] - 3061.05.22 - DRACONIS COMBINE DESTROYER CLASS SIGNATURES IN SECTOR 4.[0m
          [36m</div>[39m
          [36m<div[39m
            [33mclass[39m=[32m"intercept-line"[39m
          [36m>[39m
            [0m[DATA] - 3060.01.15 - RUMORS OF A LARGE-SCALE OPERATION TARGETING THE INNER CIRCLE HUB.[0m
          [36m</div>[39m
          [36m<div[39m
            [33mclass[39m=[32m"intercept-line"[39m
          [36m>[39m
            [0m[SIGINT] - 3056.12.19 - FEDCOM LOGISTICS TRAIN MOVING TOWARD THE FRONTLINE.[0m
          [36m</div>[39m
          [36m<div[39m
            [33mclass[39m=[32m"intercept-line"[39m
          [36m>[39m
            [0m[INTERCEPT] - 3061.02.05 - PAYMENT RECEIVED: SUCCESSFUL RECOVERY OF LOST CARGO FROM THE PERIPHERY.[0m
          [36m</div>[39m
          [36m<div[39m
            [33mclass[39m=[32m"intercept-line"[39m
          [36m>[39m
            [0m[DATA] - 3062.11.10 - RUMOR OF A SECRET OPERATION UNDERWAY IN THE GREAT BEAR CLUSTER.[0m
          [36m</div>[39m
          [36m<div[39m
            [33mclass[39m=[32m"intercept-line"[39m
          [36m>[39m
            [0m[INTERCEPT] - 3057.04.12 - PAYMENT CONFIRMED: HOUSE KANASTA REMITTANCE RECEIVED IN FULL AND ON TIME.[0m
          [36m</div>[39m
          [36m<div[39m
            [33mclass[39m=[32m"intercept-line"[39m
          [36m>[39m
            [0m[DATA] - 3049.08.10 - DEEP PERIPHERY SIGNAL LOSS REPORTED[0m
          [36m</div>[39m
          [36m<div[39m
            [33mclass[39m=[32m"intercept-line"[39m
          [36m>[39m
            [0m[SIGINT] - 3054.04.17 - CLAN WOLVES RECONNAISSANCE UNITS ACTIVE NEAR THE SECTOR 9 HUB.[0m
          [36m</div>[39m
          [36m<div[39m
            [33mclass[39m=[32m"intercept-line"[39m
          [36m>[39m
            [0m[SIGINT] - 3050.05.22 - CLAN GHOST BEAR SIGNATURES AT ALSHAIN[0m
          [36m</div>[39m
          [36m<div[39m
            [33mclass[39m=[32m"intercept-line"[39m
          [36m>[39m
            [0m[SIGNAL] - 3052.05.20 - COMSTAR COMMUNIQUE: TUKAYYID DEFENSES HOLDING[0m
          [36m</div>[39m
          [36m<div[39m
            [33mclass[39m=[32m"intercept-line"[39m
          [36m>[39m
            [0m[INTERCEPT] - 3057.06.01 - PAYMENT DELAYED: LOCAL LORD OF ALSHAIN REFUSES TO SETTLE SALVAGE CLAIMS, CITING BUDGET CUTS.[0m
       ...
 Γ£ô src/tests/CreateCommandForm.test.tsx > CreateCommandForm > prefills commanding officer from user display name 159ms
 ├ù src/tests/CreateCommandForm.test.tsx > CreateCommandForm > shows error when command name is empty 37ms
   ΓåÆ Found multiple elements with the text: /ESTABLISH/i

Here are the matching elements:

Ignored nodes: comments, script, style
[36m<span>[39m
  [36m<span[39m
    [33mclass[39m=[32m"blink-fast"[39m
  [36m>[39m
    [0mΓû╢[0m
  [36m</span>[39m
  [0m [0m
  [0mESTABLISH NEW MERCENARY COMMAND[0m
[36m</span>[39m

Ignored nodes: comments, script, style
[36m<button[39m
  [33mclass[39m=[32m"mode-btn btn-primary"[39m
  [33mtype[39m=[32m"button"[39m
[36m>[39m
  [0mESTABLISH[0m
[36m</button>[39m

(If this is intentional, then use the `*AllBy*` variant of the query (like `queryAllByText`, `getAllByText`, or `findAllByText`)).

Ignored nodes: comments, script, style
[36m<body[39m
  [33mstyle[39m=[32m"overflow: hidden; --floating-ui-scrollbar-width: 1024px; padding-right: 1024px;"[39m
[36m>[39m
  [36m<div[39m
    [33maria-hidden[39m=[32m"true"[39m
    [33mdata-floating-ui-inert[39m=[32m""[39m
  [36m/>[39m
  [36m<div[39m
    [33mdata-floating-ui-portal[39m=[32m""[39m
    [33mid[39m=[32m"_r_5_"[39m
  [36m>[39m
    [36m<div[39m
      [33mclass[39m=[32m"terminal-overlay-backdrop theme-amber"[39m
      [33mstyle[39m=[32m"position: fixed; overflow: auto; top: 0px; right: 0px; bottom: 0px; left: 0px; z-index: 9999; display: grid; place-items: center; background-color: rgba(0, 0, 0, 0.97);"[39m
    [36m>[39m
      [36m<span[39m
        [33mdata-floating-ui-focus-guard[39m=[32m""[39m
        [33mdata-type[39m=[32m"inside"[39m
        [33mrole[39m=[32m"button"[39m
        [33mstyle[39m=[32m"border: 0px; clip: rect(0px); height: 1px; margin: -1px; overflow: hidden; padding: 0px; position: fixed; white-space: nowrap; width: 1px; top: 0px; left: 0px;"[39m
        [33mtabindex[39m=[32m"0"[39m
      [36m/>[39m
      [36m<div[39m
        [33mclass[39m=[32m"terminal-overlay-panel "[39m
        [33mdata-floating-ui-focusable[39m=[32m""[39m
        [33mid[39m=[32m"_r_3_"[39m
        [33mrole[39m=[32m"dialog"[39m
        [33mtabindex[39m=[32m"-1"[39m
      [36m>[39m
        [36m<div[39m
          [33mclass[39m=[32m"overlay-header"[39m
        [36m>[39m
          [36m<div[39m
            [33mclass[39m=[32m"flex-between w-100"[39m
          [36m>[39m
            [36m<span>[39m
              [36m<span[39m
                [33mclass[39m=[32m"blink-fast"[39m
              [36m>[39m
                [0mΓû╢[0m
              [36m</span>[39m
              [0m [0m
              [0mESTABLISH NEW MERCENARY COMMAND[0m
            [36m</span>[39m
          [36m</div>[39m
        [36m</div>[39m
        [36m<div[39m
          [33mstyle[39m=[32m"border: 1px solid var(--terminal-border); margin: 0px 10px 10px; padding: 15px; background-color: rgba(0, 0, 0, 0.4);"[39m
        [36m>[39m
          [36m<div[39m
            [33mclass[39m=[32m"overlay-body"[39m
          [36m>[39m
            [36m<p[39m
              [33mclass[39m=[32m"mb-10"[39m
            [36m>[39m
              [0mREGISTER YOUR UNIT WITH THE MERCENARY REVIEW AND BONDING COMMISSION.[0m
            [36m</p>[39m
            [0m [0m
            [36m<form[39m
              [33mclass[39m=[32m"flex-col flex-gap-15 mt-20"[39m
              [33mstyle[39m=[32m"max-width: 400px; margin: 0px auto;"[39m
            [36m>[39m
              [36m<div[39m
                [33mclass[39m=[32m"input-group"[39m
              [36m>[39m
                [36m<label[39m
                  [33mclass[39m=[32m"restricted-text"[39m
                  [33mfor[39m=[32m"command-name"[39m
                [36m>[39m
                  [0mCOMMAND DESIGNATION:[0m
                [36m</label>[39m
                [36m<div[39m
                  [33mclass[39m=[32m"status-bar theme-amber"[39m
                  [33mstyle[39m=[32m"padding: 0px 5px; display: flex; align-items: center;"[39m
                [36m>[39m
                  [36m<input[39m
                    [33mclass[39m=[32m"table-input w-100"[39m
                    [33mid[39m=[32m"command-name"[39m
                    [33mmaxlength[39m=[32m"255"[39m
                    [33mplaceholder[39m=[32m"ENTER COMMAND NAME"[39m
                    [33mstyle[39m=[32m"border: medium;"[39m
                    [33mtype[39m=[32m"text"[39m
                    [33mvalue[39m=[32m""[39m
                  [36m/>[39m
                [36m</div>[39m
              [36m</div>[39m
              [36m<div[39m
                [33mclass[39m=[32m"input-group"[39m
              [36m>[39m
                [36m<label[39m
                  [33mclass[39m=[32m"restricted-text"[39m
                  [33mfor[39m=[32m"commanding-officer"[39m
                [36m>[39m
                  [0mCOMMANDING OFFICER:[0m
                [36m</label>[39m
                [36m<div[39m
                  [33mclass[39m=[32m"status-bar theme-amber"[39m
                  [33mstyle[39m=[32m"padding: 0px 5px; display: flex; align-items: center;"[39m
                [36m>[39m
                  [36m<input[39m
                    [33mclass[39m=[32m"table-input w-100"[39m
                    [33mid[39m=[32m"commanding-officer"[39m
                    [33mmaxlength[39m=[32m"255"[39m
                    [33mplaceholder[39m=[32m"YOUR CALLSIGN"[39m
                    [33mstyle[39m=[32m"border: medium;"[39m
                    [33mtype[39m=[32m"text"[39m
                    [33mvalue[39m=[32m"CO Name"[39m
                  [36m/>[39m
                [36m</div>[39m
              [36m</div>[39m
            [36m</form>[39m
          [36m</div>[39m
          [36m<div[39m
            [33mclass[39m=[32m"overlay-footer"[39m
          [36m>[39m
            [36m<button[39m
              [33mclass[39m=[32m"mode-btn"[39m
              [33mtype[39m=[32m"button"[39m
            [36m>[39m
              [0mABORT[0m
            [36m</button>[39m
            [36m<button[39m
              [33mclass[39m=[32m"mode-btn btn-primary"[39m
              [33mtype[39m=[32m"button"[39m
            [36m>[39m
              [0mESTABLISH[0m
            [36m</button>[39m
          [36m</div>[39m
        [36m</div>[39m
      [36m</div>[39m
      [36m<span[39m
        [33mdata-floating-ui-focus-guard[39m=[32m""[39m
        [33mdata-type[39m=[32m"inside"[39m
        [33mrole[39m=[32m"button"[39m
        [33mstyle[39m=[32m"border: 0px; clip: rect(0px); height: 1px; margin: -1px; overflow: hidden; padding: 0px; position: fixed; white-space: nowrap; width: 1px; top: 0px; left: 0px;"[39m
        [33mtabindex[39m=[32m"0"[39m
      [36m/>[39m
    [36m</div>[39m
  [36m</div>[39m
[36m</body>[39m
 ├ù src/tests/CreateCommandForm.test.tsx > CreateCommandForm > submits successfully with a valid name 48ms
   ΓåÆ Found multiple elements with the text: /ESTABLISH/i

Here are the matching elements:

Ignored nodes: comments, script, style
[36m<span>[39m
  [36m<span[39m
    [33mclass[39m=[32m"blink-fast"[39m
  [36m>[39m
    [0mΓû╢[0m
  [36m</span>[39m
  [0m [0m
  [0mESTABLISH NEW MERCENARY COMMAND[0m
[36m</span>[39m

Ignored nodes: comments, script, style
[36m<button[39m
  [33mclass[39m=[32m"mode-btn btn-primary"[39m
  [33mtype[39m=[32m"button"[39m
[36m>[39m
  [0mESTABLISH[0m
[36m</button>[39m

(If this is intentional, then use the `*AllBy*` variant of the query (like `queryAllByText`, `getAllByText`, or `findAllByText`)).

Ignored nodes: comments, script, style
[36m<body[39m
  [33mstyle[39m=[32m"overflow: hidden; --floating-ui-scrollbar-width: 1024px; padding-right: 1024px;"[39m
[36m>[39m
  [36m<div[39m
    [33maria-hidden[39m=[32m"true"[39m
    [33mdata-floating-ui-inert[39m=[32m""[39m
  [36m/>[39m
  [36m<div[39m
    [33mdata-floating-ui-portal[39m=[32m""[39m
    [33mid[39m=[32m"_r_8_"[39m
  [36m>[39m
    [36m<div[39m
      [33mclass[39m=[32m"terminal-overlay-backdrop theme-amber"[39m
      [33mstyle[39m=[32m"position: fixed; overflow: auto; top: 0px; right: 0px; bottom: 0px; left: 0px; z-index: 9999; display: grid; place-items: center; background-color: rgba(0, 0, 0, 0.97);"[39m
    [36m>[39m
      [36m<span[39m
        [33mdata-floating-ui-focus-guard[39m=[32m""[39m
        [33mdata-type[39m=[32m"inside"[39m
        [33mrole[39m=[32m"button"[39m
        [33mstyle[39m=[32m"border: 0px; clip: rect(0px); height: 1px; margin: -1px; overflow: hidden; padding: 0px; position: fixed; white-space: nowrap; width: 1px; top: 0px; left: 0px;"[39m
        [33mtabindex[39m=[32m"0"[39m
      [36m/>[39m
      [36m<div[39m
        [33mclass[39m=[32m"terminal-overlay-panel "[39m
        [33mdata-floating-ui-focusable[39m=[32m""[39m
        [33mid[39m=[32m"_r_6_"[39m
        [33mrole[39m=[32m"dialog"[39m
        [33mtabindex[39m=[32m"-1"[39m
      [36m>[39m
        [36m<div[39m
          [33mclass[39m=[32m"overlay-header"[39m
        [36m>[39m
          [36m<div[39m
            [33mclass[39m=[32m"flex-between w-100"[39m
          [36m>[39m
            [36m<span>[39m
              [36m<span[39m
                [33mclass[39m=[32m"blink-fast"[39m
              [36m>[39m
                [0mΓû╢[0m
              [36m</span>[39m
              [0m [0m
              [0mESTABLISH NEW MERCENARY COMMAND[0m
            [36m</span>[39m
          [36m</div>[39m
        [36m</div>[39m
        [36m<div[39m
          [33mstyle[39m=[32m"border: 1px solid var(--terminal-border); margin: 0px 10px 10px; padding: 15px; background-color: rgba(0, 0, 0, 0.4);"[39m
        [36m>[39m
          [36m<div[39m
            [33mclass[39m=[32m"overlay-body"[39m
          [36m>[39m
            [36m<p[39m
              [33mclass[39m=[32m"mb-10"[39m
            [36m>[39m
              [0mREGISTER YOUR UNIT WITH THE MERCENARY REVIEW AND BONDING COMMISSION.[0m
            [36m</p>[39m
            [0m [0m
            [36m<form[39m
              [33mclass[39m=[32m"flex-col flex-gap-15 mt-20"[39m
              [33mstyle[39m=[32m"max-width: 400px; margin: 0px auto;"[39m
            [36m>[39m
              [36m<div[39m
                [33mclass[39m=[32m"input-group"[39m
              [36m>[39m
                [36m<label[39m
                  [33mclass[39m=[32m"restricted-text"[39m
                  [33mfor[39m=[32m"command-name"[39m
                [36m>[39m
                  [0mCOMMAND DESIGNATION:[0m
                [36m</label>[39m
                [36m<div[39m
                  [33mclass[39m=[32m"status-bar theme-amber"[39m
                  [33mstyle[39m=[32m"padding: 0px 5px; display: flex; align-items: center;"[39m
                [36m>[39m
                  [36m<input[39m
                    [33mclass[39m=[32m"table-input w-100"[39m
                    [33mid[39m=[32m"command-name"[39m
                    [33mmaxlength[39m=[32m"255"[39m
                    [33mplaceholder[39m=[32m"ENTER COMMAND NAME"[39m
                    [33mstyle[39m=[32m"border: medium;"[39m
                    [33mtype[39m=[32m"text"[39m
                    [33mvalue[39m=[32m"NEW COMMAND"[39m
                  [36m/>[39m
                [36m</div>[39m
              [36m</div>[39m
              [36m<div[39m
                [33mclass[39m=[32m"input-group"[39m
              [36m>[39m
                [36m<label[39m
                  [33mclass[39m=[32m"restricted-text"[39m
                  [33mfor[39m=[32m"commanding-officer"[39m
                [36m>[39m
                  [0mCOMMANDING OFFICER:[0m
                [36m</label>[39m
                [36m<div[39m
                  [33mclass[39m=[32m"status-bar theme-amber"[39m
                  [33mstyle[39m=[32m"padding: 0px 5px; display: flex; align-items: center;"[39m
                [36m>[39m
                  [36m<input[39m
                    [33mclass[39m=[32m"table-input w-100"[39m
                    [33mid[39m=[32m"commanding-officer"[39m
                    [33mmaxlength[39m=[32m"255"[39m
                    [33mplaceholder[39m=[32m"YOUR CALLSIGN"[39m
                    [33mstyle[39m=[32m"border: medium;"[39m
                    [33mtype[39m=[32m"text"[39m
                    [33mvalue[39m=[32m"CO Name"[39m
                  [36m/>[39m
                [36m</div>[39m
              [36m</div>[39m
            [36m</form>[39m
          [36m</div>[39m
          [36m<div[39m
            [33mclass[39m=[32m"overlay-footer"[39m
          [36m>[39m
            [36m<button[39m
              [33mclass[39m=[32m"mode-btn"[39m
              [33mtype[39m=[32m"button"[39m
            [36m>[39m
              [0mABORT[0m
            [36m</button>[39m
            [36m<button[39m
              [33mclass[39m=[32m"mode-btn btn-primary"[39m
              [33mtype[39m=[32m"button"[39m
            [36m>[39m
              [0mESTABLISH[0m
            [36m</button>[39m
          [36m</div>[39m
        [36m</div>[39m
      [36m</div>[39m
      [36m<span[39m
        [33mdata-floating-ui-focus-guard[39m=[32m""[39m
        [33mdata-type[39m=[32m"inside"[39m
        [33mrole[39m=[32m"button"[39m
        [33mstyle[39m=[32m"border: 0px; clip: rect(0px); height: 1px; margin: -1px; overflow: hidden; padding: 0px; position: fixed; white-space: nowrap; width: 1px; top: 0px; left: 0px;"[39m
        [33mtabindex[39m=[32m"0"[39m
      [36m/>[39m
    [36m</div>[39m
  [36m</div>[39m
[36m</body>[39m
 ├ù src/tests/CreateCommandForm.test.tsx > CreateCommandForm > calls onCancel when cancel is clicked 33ms
   ΓåÆ Unable to find an element with the text: /CANCEL/i. This could be because the text is broken up by multiple elements. In this case, you can provide a function for your text matcher to make your matcher more flexible.

Ignored nodes: comments, script, style
[36m<body[39m
  [33mstyle[39m=[32m"overflow: hidden; --floating-ui-scrollbar-width: 1024px; padding-right: 1024px;"[39m
[36m>[39m
  [36m<div[39m
    [33maria-hidden[39m=[32m"true"[39m
    [33mdata-floating-ui-inert[39m=[32m""[39m
  [36m/>[39m
  [36m<div[39m
    [33mdata-floating-ui-portal[39m=[32m""[39m
    [33mid[39m=[32m"_r_b_"[39m
  [36m>[39m
    [36m<div[39m
      [33mclass[39m=[32m"terminal-overlay-backdrop theme-amber"[39m
      [33mstyle[39m=[32m"position: fixed; overflow: auto; top: 0px; right: 0px; bottom: 0px; left: 0px; z-index: 9999; display: grid; place-items: center; background-color: rgba(0, 0, 0, 0.97);"[39m
    [36m>[39m
      [36m<span[39m
        [33mdata-floating-ui-focus-guard[39m=[32m""[39m
        [33mdata-type[39m=[32m"inside"[39m
        [33mrole[39m=[32m"button"[39m
        [33mstyle[39m=[32m"border: 0px; clip: rect(0px); height: 1px; margin: -1px; overflow: hidden; padding: 0px; position: fixed; white-space: nowrap; width: 1px; top: 0px; left: 0px;"[39m
        [33mtabindex[39m=[32m"0"[39m
      [36m/>[39m
      [36m<div[39m
        [33mclass[39m=[32m"terminal-overlay-panel "[39m
        [33mdata-floating-ui-focusable[39m=[32m""[39m
        [33mid[39m=[32m"_r_9_"[39m
        [33mrole[39m=[32m"dialog"[39m
        [33mtabindex[39m=[32m"-1"[39m
      [36m>[39m
        [36m<div[39m
          [33mclass[39m=[32m"overlay-header"[39m
        [36m>[39m
          [36m<div[39m
            [33mclass[39m=[32m"flex-between w-100"[39m
          [36m>[39m
            [36m<span>[39m
              [36m<span[39m
                [33mclass[39m=[32m"blink-fast"[39m
              [36m>[39m
                [0mΓû╢[0m
              [36m</span>[39m
              [0m [0m
              [0mESTABLISH NEW MERCENARY COMMAND[0m
            [36m</span>[39m
          [36m</div>[39m
        [36m</div>[39m
        [36m<div[39m
          [33mstyle[39m=[32m"border: 1px solid var(--terminal-border); margin: 0px 10px 10px; padding: 15px; background-color: rgba(0, 0, 0, 0.4);"[39m
        [36m>[39m
          [36m<div[39m
            [33mclass[39m=[32m"overlay-body"[39m
          [36m>[39m
            [36m<p[39m
              [33mclass[39m=[32m"mb-10"[39m
            [36m>[39m
              [0mREGISTER YOUR UNIT WITH THE MERCENARY REVIEW AND BONDING COMMISSION.[0m
            [36m</p>[39m
            [0m [0m
            [36m<form[39m
              [33mclass[39m=[32m"flex-col flex-gap-15 mt-20"[39m
              [33mstyle[39m=[32m"max-width: 400px; margin: 0px auto;"[39m
            [36m>[39m
              [36m<div[39m
                [33mclass[39m=[32m"input-group"[39m
              [36m>[39m
                [36m<label[39m
                  [33mclass[39m=[32m"restricted-text"[39m
                  [33mfor[39m=[32m"command-name"[39m
                [36m>[39m
                  [0mCOMMAND DESIGNATION:[0m
                [36m</label>[39m
                [36m<div[39m
                  [33mclass[39m=[32m"status-bar theme-amber"[39m
                  [33mstyle[39m=[32m"padding: 0px 5px; display: flex; align-items: center;"[39m
                [36m>[39m
                  [36m<input[39m
                    [33mclass[39m=[32m"table-input w-100"[39m
                    [33mid[39m=[32m"command-name"[39m
                    [33mmaxlength[39m=[32m"255"[39m
                    [33mplaceholder[39m=[32m"ENTER COMMAND NAME"[39m
                    [33mstyle[39m=[32m"border: medium;"[39m
                    [33mtype[39m=[32m"text"[39m
                    [33mvalue[39m=[32m""[39m
                  [36m/>[39m
                [36m</div>[39m
              [36m</div>[39m
              [36m<div[39m
                [33mclass[39m=[32m"input-group"[39m
              [36m>[39m
                [36m<label[39m
                  [33mclass[39m=[32m"restricted-text"[39m
                  [33mfor[39m=[32m"commanding-officer"[39m
                [36m>[39m
                  [0mCOMMANDING OFFICER:[0m
                [36m</label>[39m
                [36m<div[39m
                  [33mclass[39m=[32m"status-bar theme-amber"[39m
                  [33mstyle[39m=[32m"padding: 0px 5px; display: flex; align-items: center;"[39m
                [36m>[39m
                  [36m<input[39m
                    [33mclass[39m=[32m"table-input w-100"[39m
                    [33mid[39m=[32m"commanding-officer"[39m
                    [33mmaxlength[39m=[32m"255"[39m
                    [33mplaceholder[39m=[32m"YOUR CALLSIGN"[39m
                    [33mstyle[39m=[32m"border: medium;"[39m
                    [33mtype[39m=[32m"text"[39m
                    [33mvalue[39m=[32m"CO Name"[39m
                  [36m/>[39m
                [36m</div>[39m
              [36m</div>[39m
            [36m</form>[39m
          [36m</div>[39m
          [36m<div[39m
            [33mclass[39m=[32m"overlay-footer"[39m
          [36m>[39m
            [36m<button[39m
              [33mclass[39m=[32m"mode-btn"[39m
              [33mtype[39m=[32m"button"[39m
            [36m>[39m
              [0mABORT[0m
            [36m</button>[39m
            [36m<button[39m
              [33mclass[39m=[32m"mode-btn btn-primary"[39m
              [33mtype[39m=[32m"button"[39m
            [36m>[39m
              [0mESTABLISH[0m
            [36m</button>[39m
          [36m</div>[39m
        [36m</div>[39m
      [36m</div>[39m
      [36m<span[39m
        [33mdata-floating-ui-focus-guard[39m=[32m""[39m
        [33mdata-type[39m=[32m"inside"[39m
        [33mrole[39m=[32m"button"[39m
        [33mstyle[39m=[32m"border: 0px; clip: rect(0px); height: 1px; margin: -1px; overflow: hidden; padding: 0px; position: fixed; white-space: nowrap; width: 1px; top: 0px; left: 0px;"[39m
        [33mtabindex[39m=[32m"0"[39m
      [36m/>[39m
    [36m</div>[39m
  [36m</div>[39m
[36m</body>[39m
node.exe : stderr | src/tests/CampaignGenerator.test.tsx > CampaignGenerator Integration > successfully fetches metadata and triggers 
initial preview
At line:1 char:1
+ & "C:\Program Files\nodejs/node.exe" "C:\Program Files\nodejs/node_mo ...
+ ~~~~~~~~~~~~~~~~~~~~~~~~~~~~~~~~~~~~~~~~~~~~~~~~~~~~~~~~~~~~~~~~~~~~~
    + CategoryInfo          : NotSpecified: (stderr | src/te...initial preview:String) [], RemoteException
    + FullyQualifiedErrorId : NativeCommandError
 
Missing field 'publicCampaignMetadata' while writing result {
  campaignMetadata: {
    missions: {
      primary: [ 'Raid', [length]: 1 ],
      opponent: [ 'Garrison', [length]: 1 ]
    },
    trackTypes: [ 'Assault', [length]: 1 ],
    factions: [ 'Davion', [length]: 1 ],
    employerTypes: [ 'Noble', [length]: 1 ],
    resolvedSteps: [
      {
        step: 1,
        values: {
          payRate: '100%',
          salvageRights: 'None',
          supportRights: 'None',
          transportation: '0%',
          commandRights: 'House'
        }
      },
      [length]: 1
    ]
  }
}

 Γ£ô src/tests/CampaignGenerator.test.tsx > CampaignGenerator Integration > successfully fetches metadata and triggers initial preview 117ms
stderr | src/tests/LedgerEntryForm.test.tsx > LedgerEntryForm > submits a ledger entry successfully
No more mocked responses for the query:
query GetUnitDossier($commandId: ID!) {
  getCommand(id: $commandId) {
    ...CommandFields
    units {
      ...CombatUnitFields
      __typename
    }
    pilots {
      ...PilotFields
      __typename
    }
    detachments {
      ...DetachmentFields
      __typename
    }
    allLedgerEntries {
      ...LedgerEntryFields
      __typename
    }
    __typename
  }
  managedCampaigns(status: "ACTIVE") {
    id
    name
    __typename
  }
  publicCampaignMetadata {
    unitStatuses
    unitTypes
    techBases
    __typename
  }
}

fragment CommandFields on MercenaryCommand {
  id
  name
  commandingOfficer
  totalSupportPoints
  reputation
  __typename
}

fragment CombatUnitFields on CombatUnit {
  id
  type
  model
  variant
  techBase
  tonnage
  asSize
  bv
  pv
  status
  detachmentId
  __typename
}

fragment PilotFields on Pilot {
  id
  name
  gunnery
  piloting
  asSkill
  edgeTokensSkill
  edgeAbilitySkill
  edgeAbilities
  unitType
  wounds
  handicap
  totalSpEarned
  gunnerySpEarned
  pilotingSpEarned
  edgeTokensSpEarned
  edgeAbilitySpEarned
  detachmentId
  __typename
}

fragment DetachmentFields on Detachment {
  id
  name
  mercenaryCommandId
  mercenaryCommandName
  campaignId
  campaignName
  __typename
}

fragment LedgerEntryFields on LedgerEntry {
  id
  timestamp
  detachmentId
  description
  amount
  reputationChange
  campaignName
  monthIndex
  __typename
}

Request variables: {"commandId":"command-1"}

This typically indicates a configuration error in your mocks setup, usually due to a typo or mismatched variable.
No more mocked responses for the query:
query GetLedgerData($commandId: ID!) {
  getCommand(id: $commandId) {
    id
    name
    totalSupportPoints
    detachments {
      id
      name
      campaignId
      campaignName
      __typename
    }
    __typename
  }
}

Request variables: {"commandId":"command-1"}

This typically indicates a configuration error in your mocks setup, usually due to a typo or mismatched variable.

 ├ù src/tests/ActiveCampaignsList.test.tsx > ActiveCampaignsList > filters campaigns by system name 64ms
   ΓåÆ Unable to find an element with the placeholder text of: /search/i

Ignored nodes: comments, script, style
[36m<body>[39m
  [36m<div>[39m
    [36m<section[39m
      [33mclass[39m=[32m"active-campaigns-container"[39m
      [33mstyle[39m=[32m"position: relative;"[39m
    [36m>[39m
      [36m<div[39m
        [33maria-hidden[39m=[32m"true"[39m
        [33mclass[39m=[32m"active-campaigns-bg"[39m
      [36m>[39m
        [36m<div[39m
          [33mclass[39m=[32m"intel-overlay"[39m
        [36m/>[39m
        [36m<svg[39m
          [33mclass[39m=[32m"star-map"[39m
          [33mviewBox[39m=[32m"0 0 400 400"[39m
        [36m>[39m
          [36m<g[39m
            [33mclass[39m=[32m"transmission-lines"[39m
          [36m>[39m
            [36m<line[39m
              [33mx1[39m=[32m"100"[39m
              [33mx2[39m=[32m"250"[39m
              [33my1[39m=[32m"120"[39m
              [33my2[39m=[32m"80"[39m
            [36m/>[39m
            [36m<line[39m
              [33mx1[39m=[32m"250"[39m
              [33mx2[39m=[32m"320"[39m
              [33my1[39m=[32m"80"[39m
              [33my2[39m=[32m"200"[39m
            [36m/>[39m
            [36m<line[39m
              [33mx1[39m=[32m"320"[39m
              [33mx2[39m=[32m"180"[39m
              [33my1[39m=[32m"200"[39m
              [33my2[39m=[32m"280"[39m
            [36m/>[39m
            [36m<line[39m
              [33mx1[39m=[32m"180"[39m
              [33mx2[39m=[32m"80"[39m
              [33my1[39m=[32m"280"[39m
              [33my2[39m=[32m"350"[39m
            [36m/>[39m
            [36m<line[39m
              [33mx1[39m=[32m"100"[39m
              [33mx2[39m=[32m"180"[39m
              [33my1[39m=[32m"120"[39m
              [33my2[39m=[32m"280"[39m
            [36m/>[39m
          [36m</g>[39m
          [36m<g[39m
            [33mclass[39m=[32m"systems"[39m
          [36m>[39m
            [36m<circle[39m
              [33mcx[39m=[32m"100"[39m
              [33mcy[39m=[32m"120"[39m
              [33mr[39m=[32m"3"[39m
            [36m/>[39m
            [36m<text[39m
              [33mx[39m=[32m"105"[39m
              [33my[39m=[32m"115"[39m
            [36m>[39m
              [0mTUKAYYID[0m
            [36m</text>[39m
            [36m<circle[39m
              [33mcx[39m=[32m"250"[39m
              [33mcy[39m=[32m"80"[39m
              [33mr[39m=[32m"3"[39m
            [36m/>[39m
            [36m<text[39m
              [33mx[39m=[32m"255"[39m
              [33my[39m=[32m"75"[39m
            [36m>[39m
              [0mMISERY[0m
            [36m</text>[39m
            [36m<circle[39m
              [33mcx[39m=[32m"320"[39m
              [33mcy[39m=[32m"200"[39m
              [33mr[39m=[32m"3"[39m
            [36m/>[39m
            [36m<text[39m
              [33mx[39m=[32m"325"[39m
              [33my[39m=[32m"195"[39m
            [36m>[39m
              [0mLUTHIEN[0m
            [36m</text>[39m
            [36m<circle[39m
              [33mcx[39m=[32m"180"[39m
              [33mcy[39m=[32m"280"[39m
              [33mr[39m=[32m"3"[39m
            [36m/>[39m
            [36m<text[39m
              [33mx[39m=[32m"185"[39m
              [33my[39m=[32m"275"[39m
            [36m>[39m
              [0mALSHAIN[0m
            [36m</text>[39m
            [36m<circle[39m
              [33mcx[39m=[32m"80"[39m
              [33mcy[39m=[32m"350"[39m
              [33mr[39m=[32m"3"[39m
            [36m/>[39m
            [36m<text[39m
              [33mx[39m=[32m"85"[39m
              [33my[39m=[32m"345"[39m
            [36m>[39m
              [0mOUTREACH[0m
            [36m</text>[39m
          [36m</g>[39m
        [36m</svg>[39m
        [36m<div[39m
          [33mclass[39m=[32m"intercept-scroll"[39m
          [33mstyle[39m=[32m"animation-duration: 0s;"[39m
        [36m>[39m
          [36m<div[39m
            [33mclass[39m=[32m"intercept-line"[39m
          [36m>[39m
            [0m[INTERCEPT] - 3055.03.12 - FEDCOM MOVEMENT TOWARD HESPERUS II[0m
          [36m</div>[39m
          [36m<div[39m
            [33mclass[39m=[32m"intercept-line"[39m
          [36m>[39m
            [0m[INTERCEPT] - 3058.09.20 - PAYMENT DENIED: CONTRACTOR CLAIMED EXCESSIVE COLLATERAL DAMAGE DURING ENGAGEMENT.[0m
          [36m</div>[39m
          [36m<div[39m
            [33mclass[39m=[32m"intercept-line"[39m
          [36m>[39m
            [0m[DATA] - 3058.06.25 - INTEL SUGGESTS PREPARATIONS FOR A LARGE-SCALE DROPSHIP INVASION IN THE WESTERN SECTOR.[0m
          [36m</div>[39m
          [36m<div[39m
            [33mclass[39m=[32m"intercept-line"[39m
          [36m>[39m
            [0m[INTERCEPT] - 3061.02.05 - PAYMENT RECEIVED: SUCCESSFUL RECOVERY OF LOST CARGO FROM THE PERIPHERY.[0m
          [36m</div>[39m
          [36m<div[39m
            [33mclass[39m=[32m"intercept-line"[39m
          [36m>[39m
            [0m[DATA] - 3049.08.10 - DEEP PERIPHERY SIGNAL LOSS REPORTED[0m
          [36m</div>[39m
          [36m<div[39m
            [33mclass[39m=[32m"intercept-line"[39m
          [36m>[39m
            [0m[SIGINT] - 3054.04.17 - CLAN WOLVES RECONNAISSANCE UNITS ACTIVE NEAR THE SECTOR 9 HUB.[0m
          [36m</div>[39m
          [36m<div[39m
            [33mclass[39m=[32m"intercept-line"[39m
          [36m>[39m
            [0m[INTERCEPT] - 3051.11.15 - MRBC NOTICE: MISERY CONTRACT TERMINATED[0m
          [36m</div>[39m
          [36m<div[39m
            [33mclass[39m=[32m"intercept-line"[39m
          [36m>[39m
            [0m[ENCRYPTED] - 3060.02.28 - SHADOW FLEET DETECTED IN DEEP SPACE; NO ORIGIN OR INTENT DETERMINED.[0m
          [36m</div>[39m
          [36m<div[39m
            [33mclass[39m=[32m"intercept-line"[39m
          [36m>[39m
            [0m[DATA] - 3060.01.15 - RUMORS OF A LARGE-SCALE OPERATION TARGETING THE INNER CIRCLE HUB.[0m
          [36m</div>[39m
          [36m<div[39m
            [33mclass[39m=[32m"intercept-line"[39m
          [36m>[39m
            [0m[INTERCEPT] - 3057.04.12 - PAYMENT CONFIRMED: HOUSE KANASTA REMITTANCE RECEIVED IN FULL AND ON TIME.[0m
          [36m</div>[39m
          [36m<div[39m
            [33mclass[39m=[32m"intercept-line"[39m
          [36m>[39m
            [0m[DATA] - 3062.11.10 - RUMOR OF A SECRET OPERATION UNDERWAY IN THE GREAT BEAR CLUSTER.[0m
          [36m</div>[39m
          [36m<div[39m
            [33mclass[39m=[32m"intercept-line"[39m
          [36m>[39m
            [0m[INTERCEPT] - 3059.05.12 - PAYMENT DISPUTE: SALVAGE RIGHTS TO DESTROYED MECH DECLARED INVALID BY LOCAL AUTHORITY.[0m
          [36m</div>[39m
          [36m<div[39m
            [33mclass[39m=[32m"intercept-line"[39m
          [36m>[39m
            [0m[SIGINT] - 30...
 Γ£ô src/tests/ActiveCampaignsList.test.tsx > ActiveCampaignsList > calls onSelectCampaign when a campaign is clicked 57ms
 Γ£ô src/tests/AfterActionReportEditor.test.tsx > AfterActionReportEditor Financial Helpers > calculateAwardFinancials > should calculate standard successful award correctly 1ms
 Γ£ô src/tests/AfterActionReportEditor.test.tsx > AfterActionReportEditor Financial Helpers > calculateAwardFinancials > should apply multipliers (bonus, rate, level) and round pay correctly 0ms
 Γ£ô src/tests/AfterActionReportEditor.test.tsx > AfterActionReportEditor Financial Helpers > calculateAwardFinancials > should round salvage awards correctly (.25 rounds down, .5 rounds up) 0ms
 Γ£ô src/tests/AfterActionReportEditor.test.tsx > AfterActionReportEditor Financial Helpers > calculateAwardFinancials > should include custom awards in the total (positive and negative) 0ms
 Γ£ô src/tests/AfterActionReportEditor.test.tsx > AfterActionReportEditor Financial Helpers > calculateAwardFinancials > should handle missing combat pay by defaulting to 0 0ms
 Γ£ô src/tests/AfterActionReportEditor.test.tsx > AfterActionReportEditor Financial Helpers > calculatePilotFinancials > should calculate medical cost with straight coverage 0ms
 Γ£ô src/tests/AfterActionReportEditor.test.tsx > AfterActionReportEditor Financial Helpers > calculatePilotFinancials > should handle battle support (100% coverage) 0ms
 Γ£ô src/tests/AfterActionReportEditor.test.tsx > AfterActionReportEditor Financial Helpers > calculatePilotFinancials > should handle no support coverage 0ms
 Γ£ô src/tests/AfterActionReportEditor.test.tsx > AfterActionReportEditor Financial Helpers > calculatePilotFinancials > should use provided custom heal cost 0ms
 Γ£ô src/tests/AfterActionReportEditor.test.tsx > AfterActionReportEditor Financial Helpers > calculateUnitFinancials > should return 0 cost for operational status 0ms
 Γ£ô src/tests/AfterActionReportEditor.test.tsx > AfterActionReportEditor Financial Helpers > calculateUnitFinancials > should calculate IS repair cost (Armor Damage) 0ms
 Γ£ô src/tests/AfterActionReportEditor.test.tsx > AfterActionReportEditor Financial Helpers > calculateUnitFinancials > should apply Clan tech tax and Internal multiplier 0ms
 Γ£ô src/tests/AfterActionReportEditor.test.tsx > AfterActionReportEditor Financial Helpers > calculateUnitFinancials > should apply non-mech modifier for CV units 0ms
 Γ£ô src/tests/AfterActionReportEditor.test.tsx > AfterActionReportEditor Financial Helpers > calculateUnitFinancials > should calculate replacement value for truly destroyed units with tech tax 0ms
 Γ£ô src/tests/AfterActionReportEditor.test.tsx > AfterActionReportEditor Financial Helpers > calculateUnitFinancials > should use the baseline salvage ratio 0ms
 Γ£ô src/tests/AfterActionReportEditor.test.tsx > AfterActionReportEditor Financial Helpers > calculateUnitFinancials > should calculate repair cost using Alpha Strike rules 0ms
 Γ£ô src/tests/AfterActionReportEditor.test.tsx > AfterActionReportEditor Financial Helpers > calculateUnitFinancials > should calculate replacement value using Alpha Strike rules 0ms
 Γ£ô src/tests/AfterActionReportEditor.test.tsx > AfterActionReportEditor Financial Helpers > aarReducer SYNC_PROPS > should initialize empty state with defaults from props 0ms
 Γ£ô src/tests/AfterActionReportEditor.test.tsx > AfterActionReportEditor Financial Helpers > aarReducer SYNC_PROPS > should preserve user-modified state during synchronization 0ms
stderr | src/tests/PublicCampaignTheaterView.test.tsx > PublicCampaignTheaterView > renders campaign details after load
Missing field 'transportTerms' while writing result {
  id: 'camp-1',
  name: 'Draconis Reach',
  systemName: 'Luthien',
  description: 'A campaign in the Draconis Combine.',
  lengthInMonths: 12,
  trackCount: 5,
  status: 'ACTIVE',
  primaryEmployer: 'DCMS',
  secondaryEmployer: 'ISF',
  monthlyPay: 500,
  monthlyMaintenance: 500,
  transportationCost: 300,
  combatPay: 500,
  payRate: 1,
  payStep: 7,
  salvageTerms: 'Full',
  salvageStep: 7,
  supportTerms: 'Battle',
  supportStep: 7,
  transportationTerms: 'Full',
  transportationStep: 7,
  commandRights: 'House',
  commandStep: 7,
  tracks: [ { id: 't1', monthIndex: 3, trackName: 'Raid' }, [length]: 1 ],
  participatingDetachments: [ [length]: 0 ],
  contracts: [ [length]: 0 ],
  units: [ [length]: 0 ],
  pilots: [ [length]: 0 ]
}
Missing field 'transportStep' while writing result {
  id: 'camp-1',
  name: 'Draconis Reach',
  systemName: 'Luthien',
  description: 'A campaign in the Draconis Combine.',
  lengthInMonths: 12,
  trackCount: 5,
  status: 'ACTIVE',
  primaryEmployer: 'DCMS',
  secondaryEmployer: 'ISF',
  monthlyPay: 500,
  monthlyMaintenance: 500,
  transportationCost: 300,
  combatPay: 500,
  payRate: 1,
  payStep: 7,
  salvageTerms: 'Full',
  salvageStep: 7,
  supportTerms: 'Battle',
  supportStep: 7,
  transportationTerms: 'Full',
  transportationStep: 7,
  commandRights: 'House',
  commandStep: 7,
  tracks: [ { id: 't1', monthIndex: 3, trackName: 'Raid' }, [length]: 1 ],
  participatingDetachments: [ [length]: 0 ],
  contracts: [ [length]: 0 ],
  units: [ [length]: 0 ],
  pilots: [ [length]: 0 ]
}
Missing field 'factions' while writing result {
  id: 'camp-1',
  name: 'Draconis Reach',
  systemName: 'Luthien',
  description: 'A campaign in the Draconis Combine.',
  lengthInMonths: 12,
  trackCount: 5,
  status: 'ACTIVE',
  primaryEmployer: 'DCMS',
  secondaryEmployer: 'ISF',
  monthlyPay: 500,
  monthlyMaintenance: 500,
  transportationCost: 300,
  combatPay: 500,
  payRate: 1,
  payStep: 7,
  salvageTerms: 'Full',
  salvageStep: 7,
  supportTerms: 'Battle',
  supportStep: 7,
  transportationTerms: 'Full',
  transportationStep: 7,
  commandRights: 'House',
  commandStep: 7,
  tracks: [ { id: 't1', monthIndex: 3, trackName: 'Raid' }, [length]: 1 ],
  participatingDetachments: [ [length]: 0 ],
  contracts: [ [length]: 0 ],
  units: [ [length]: 0 ],
  pilots: [ [length]: 0 ]
}
Missing field 'campaignInvites' while writing result {
  id: 'camp-1',
  name: 'Draconis Reach',
  systemName: 'Luthien',
  description: 'A campaign in the Draconis Combine.',
  lengthInMonths: 12,
  trackCount: 5,
  status: 'ACTIVE',
  primaryEmployer: 'DCMS',
  secondaryEmployer: 'ISF',
  monthlyPay: 500,
  monthlyMaintenance: 500,
  transportationCost: 300,
  combatPay: 500,
  payRate: 1,
  payStep: 7,
  salvageTerms: 'Full',
  salvageStep: 7,
  supportTerms: 'Battle',
  supportStep: 7,
  transportationTerms: 'Full',
  transportationStep: 7,
  commandRights: 'House',
  commandStep: 7,
  tracks: [ { id: 't1', monthIndex: 3, trackName: 'Raid' }, [length]: 1 ],
  participatingDetachments: [ [length]: 0 ],
  contracts: [ [length]: 0 ],
  units: [ [length]: 0 ],
  pilots: [ [length]: 0 ]
}

 Γ£ô src/tests/LedgerDashboard.test.tsx > LedgerDashboard > renders ledger with detachment selector 124ms
 Γ£ô src/tests/LedgerDashboard.test.tsx > LedgerDashboard > prioritizes detachmentId prop when provided 83ms
 ├ù src/tests/RecruitmentOverlay.test.tsx > RecruitmentOverlay > renders the recruitment protocol title 137ms
   ΓåÆ Found multiple elements with the text: /RECRUITMENT PROTOCOL/i

Here are the matching elements:

Ignored nodes: comments, script, style
[36m<span>[39m
  [36m<span[39m
    [33mclass[39m=[32m"blink-fast"[39m
  [36m>[39m
    [0mΓû╢[0m
  [36m</span>[39m
  [0m [0m
  [0mRECRUITMENT PROTOCOL[0m
[36m</span>[39m

Ignored nodes: comments, script, style
[36m<div[39m
  [33mclass[39m=[32m"intercept-line"[39m
  [33mstyle[39m=[32m"padding-left: 1.5rem; text-indent: -1.5rem;"[39m
[36m>[39m
  [0m[INTERCEPT] - BONDING COMMISSION: NEW RECRUITMENT PROTOCOLS IN EFFECT. ENSURE ALL COMMANDS ARE REGISTERED.[0m
[36m</div>[39m

Ignored nodes: comments, script, style
[36m<div[39m
  [33mclass[39m=[32m"intercept-line"[39m
  [33mstyle[39m=[32m"padding-left: 1.5rem; text-indent: -1.5rem;"[39m
[36m>[39m
  [0m[INTERCEPT] - BONDING COMMISSION: NEW RECRUITMENT PROTOCOLS IN EFFECT. ENSURE ALL COMMANDS ARE REGISTERED.[0m
[36m</div>[39m

(If this is intentional, then use the `*AllBy*` variant of the query (like `queryAllByText`, `getAllByText`, or `findAllByText`)).

Ignored nodes: comments, script, style
[36m<body[39m
  [33mstyle[39m=[32m"overflow: hidden; --floating-ui-scrollbar-width: 1024px; padding-right: 1024px;"[39m
[36m>[39m
  [36m<div[39m
    [33maria-hidden[39m=[32m"true"[39m
    [33mdata-floating-ui-inert[39m=[32m""[39m
  [36m/>[39m
  [36m<div[39m
    [33mdata-floating-ui-portal[39m=[32m""[39m
    [33mid[39m=[32m"_r_2_"[39m
  [36m>[39m
    [36m<div[39m
      [33mclass[39m=[32m"terminal-overlay-backdrop theme-amber"[39m
      [33mstyle[39m=[32m"position: fixed; overflow: auto; top: 0px; right: 0px; bottom: 0px; left: 0px; z-index: 9999; display: grid; place-items: center; background-color: rgba(0, 0, 0, 0.97);"[39m
    [36m>[39m
      [36m<span[39m
        [33mdata-floating-ui-focus-guard[39m=[32m""[39m
        [33mdata-type[39m=[32m"inside"[39m
        [33mrole[39m=[32m"button"[39m
        [33mstyle[39m=[32m"border: 0px; clip: rect(0px); height: 1px; margin: -1px; overflow: hidden; padding: 0px; position: fixed; white-space: nowrap; width: 1px; top: 0px; left: 0px;"[39m
        [33mtabindex[39m=[32m"0"[39m
      [36m/>[39m
      [36m<div[39m
        [33mclass[39m=[32m"terminal-overlay-panel "[39m
        [33mdata-floating-ui-focusable[39m=[32m""[39m
        [33mid[39m=[32m"_r_0_"[39m
        [33mrole[39m=[32m"dialog"[39m
        [33mtabindex[39m=[32m"-1"[39m
      [36m>[39m
        [36m<div[39m
          [33mclass[39m=[32m"overlay-header"[39m
        [36m>[39m
          [36m<div[39m
            [33mclass[39m=[32m"flex-between w-100"[39m
          [36m>[39m
            [36m<span>[39m
              [36m<span[39m
                [33mclass[39m=[32m"blink-fast"[39m
              [36m>[39m
                [0mΓû╢[0m
              [36m</span>[39m
              [0m [0m
              [0mRECRUITMENT PROTOCOL[0m
            [36m</span>[39m
          [36m</div>[39m
        [36m</div>[39m
        [36m<div[39m
          [33mstyle[39m=[32m"border: 1px solid var(--terminal-border); margin: 0px 10px 10px; padding: 15px; background-color: rgba(0, 0, 0, 0.4);"[39m
        [36m>[39m
          [36m<div[39m
            [33mclass[39m=[32m"overlay-body"[39m
          [36m>[39m
            [36m<p[39m
              [33mclass[39m=[32m"mb-10"[39m
            [36m>[39m
              [0mMANAGE THEATER INVITATION KEYS[0m
            [36m</p>[39m
            [36m<div[39m
              [33maria-hidden[39m=[32m"true"[39m
              [33mclass[39m=[32m"recruitment-background-overlay"[39m
              [33mstyle[39m=[32m"position: absolute; top: 0px; left: 0px; width: 100%; height: 100%; pointer-events: none; z-index: -1; border-radius: inherit; overflow: hidden;"[39m
            [36m>[39m
              [36m<div[39m
                [33mclass[39m=[32m"poster-overlay"[39m
                [33mstyle[39m=[32m"position: absolute; top: 0px; left: 0px; width: 100%; height: 100%; background-image: url(\"/recruiting_poster.png\"); background-size: cover; background-repeat: no-repeat; background-position: center center; opacity: 0.15;"[39m
              [36m/>[39m
              [36m<div[39m
                [33mclass[39m=[32m"intercept-scroll"[39m
                [33mstyle[39m=[32m"position: absolute; top: 20px; left: 20px; width: 500px; font-family: monospace; font-size: 0.7rem; color: var(--terminal-amber); display: flex; flex-direction: column; gap: 15px; animation: scroll-intel 0s linear infinite; white-space: normal; text-transform: uppercase; opacity: 0.15; mask-image: linear-gradient(to bottom, black, transparent);"[39m
              [36m>[39m
                [36m<div[39m
                  [33mclass[39m=[32m"intercept-line"[39m
                  [33mstyle[39m=[32m"padding-left: 1.5rem; text-indent: -1.5rem;"[39m
                [36m>[39m
                  [0m[DATA] - RECRUITMENT BONUS: EARN AN EXTRA 10% ON ALL SALVAGE CLAIMS IF YOU SIGN A 12-MONTH CONTRACT.[0m
                [36m</div>[39m
                [36m<div[39m
                  [33mclass[39m=[32m"intercept-line"[39m
                  [33mstyle[39m=[32m"padding-left: 1.5rem; text-indent: -1.5rem;"[39m
                [36m>[39m
                  [0m[rumor] - RECRUITMENT: 'THE NORTHWIND HIGHLANDERS' ARE SEEKING EXPERIENCED TECHS FOR LONG-TERM DEPLOYMENTS.[0m
                [36m</div>[39m
                [36m<div[39m
                  [33mclass[39m=[32m"intercept-line"[39m
                  [33mstyle[39m=[32m"padding-left: 1.5rem; text-indent: -1.5rem;"[39m
                [36m>[39m
                  [0m[rumor] - TRYOUTS FOR THE 'WOLF'S DRAGOONS' AUXILIARY UNIT COMMENCING ON OUTREACH NEXT MONTH.[0m
                [36m</div>[39m
                [36m<div[39m
                  [33mclass[39m=[32m"intercept-line"[39m
                  [33mstyle[39m=[32m"padding-left: 1.5rem; text-indent: -1.5rem;"[39m
                [36m>[39m
                  [0m[NOTICE] - COMBAT ACADEMY: ENROLL IN THE 'ALPHA STRIKE' PILOTING COURSE AND EARN A BONUS TO YOUR AS SKILL.[0m
                [36m</div>[39m
                [36m<div[39m
                  [33mclass[39m=[32m"intercept-line"[39m
                  [33mstyle[39m=[32m"padding-left: 1.5rem; text-indent: -1.5rem;"[39m
                [36m>[39m
                  [0m[SIGNAL] - TRYOUTS: 'THE BLACK WIDOW COMPANY' IS RECRUITING. ONLY THE BEST NEED APPLY.[0m
                [36m</div>[39m
                [36m<div[39m
                  [33mclass[39m=[32m"intercept-line"[39m
                  [33mstyle[39m=[32m"padding-left: 1.5rem; text-indent: -1.5rem;"[39m
                [36m>[39m
                  [0m[SIGNAL] - TRYOUTS: 'HOUSE KURITA' IS EVALUATING NEW MERCENARY UNITS FOR THE FRONTIER DISTRICTS.[0m
                [36m</div>[39m
                [36m<div[39m
                  [33mclass[39m=[32m"intercept-line"[39m
                  [33mstyle[39m=[32m"padding-left: 1.5rem; text-indent: -1.5rem;"[39m
                [36m>[39m
                  [0m[NOTICE] - NAGELRING COMBAT ACADEMY: NOW ACCEPTING APPLICATIONS FOR THE 3052 SEMESTER.[0m
                [36m</div>[39m
                [36m<div[39m
                  [33mclass[39m=[32m"intercept-line"[39m
                  [33mstyle[39m=[32m"padding-left: 1.5rem; text-indent: -1.5rem;"[39m
                [36m>[39m
                  [0m[DATA] - FINANCIAL OPPORTUNITY: HIGH-STAKES DEFENSE CONTRACT ON HESPERUS II. REPUTATION REQUIREMENT: VETERAN.[0m
                [36m</div>[39m
                [36m<div[39m
                  [33mclass[39m=[32m"intercept-line"[39m
                  [33mstyle[39m=[32m"padding-left: 1.5rem; text-indent: -1.5rem;"[39m
                [36m>[39m
                  [0m[INTERCEPT] - ACADEMY NEWS: 'NEW AVALON INSTITUTE OF SCIENCE' OPENS NEW BATTLEMECH RESEARCH LABS.[0m
                [36m</div>[39m
              ...
 Γ£ô src/tests/RecruitmentOverlay.test.tsx > RecruitmentOverlay > shows existing invites 38ms
stderr | src/tests/LedgerEntryForm.test.tsx > LedgerEntryForm > shows an error message when ledger submission fails
Error adding ledger entry: Error: GraphQL error
    at D:/dev/HotSpotsCampaigner/frontend/src/tests/LedgerEntryForm.test.tsx:92:16
    at file:///D:/dev/HotSpotsCampaigner/frontend/node_modules/@vitest/runner/dist/chunk-artifact.js:302:11
    at file:///D:/dev/HotSpotsCampaigner/frontend/node_modules/@vitest/runner/dist/chunk-artifact.js:1903:26
    at file:///D:/dev/HotSpotsCampaigner/frontend/node_modules/@vitest/runner/dist/chunk-artifact.js:2326:20
    at new Promise (<anonymous>)
    at runWithCancel (file:///D:/dev/HotSpotsCampaigner/frontend/node_modules/@vitest/runner/dist/chunk-artifact.js:2323:10)
    at file:///D:/dev/HotSpotsCampaigner/frontend/node_modules/@vitest/runner/dist/chunk-artifact.js:2305:20
    at new Promise (<anonymous>)
    at runWithTimeout (file:///D:/dev/HotSpotsCampaigner/frontend/node_modules/@vitest/runner/dist/chunk-artifact.js:2272:10)
    at file:///D:/dev/HotSpotsCampaigner/frontend/node_modules/@vitest/runner/dist/chunk-artifact.js:2955:64

 Γ£ô src/tests/PublicCampaignTheaterView.test.tsx > PublicCampaignTheaterView > shows loading state initially 29ms
 Γ£ô src/tests/LedgerEntryForm.test.tsx > LedgerEntryForm > submits a ledger entry successfully 185ms
 Γ£ô src/tests/LedgerEntryForm.test.tsx > LedgerEntryForm > shows an error message when ledger submission fails 76ms
stdout | src/App.test.tsx
[AUTH] GraphQL Endpoint: /api/graphql

 ├ù src/App.test.tsx > App Component > shows loading state initially 11ms
   ΓåÆ Could not find "client" in the context or passed in as an option. Wrap the root component in an <ApolloProvider>, or pass an ApolloClient instance in via options.
 ├ù src/App.test.tsx > App Component > renders login when unauthenticated 1ms
   ΓåÆ Could not find "client" in the context or passed in as an option. Wrap the root component in an <ApolloProvider>, or pass an ApolloClient instance in via options.
stderr | src/tests/PublicCampaignTheaterView.test.tsx > PublicCampaignTheaterView > calls onBack when return button clicked
Missing field 'transportTerms' while writing result {
  id: 'camp-1',
  name: 'Draconis Reach',
  systemName: 'Luthien',
  description: 'A campaign in the Draconis Combine.',
  lengthInMonths: 12,
  trackCount: 5,
  status: 'ACTIVE',
  primaryEmployer: 'DCMS',
  secondaryEmployer: 'ISF',
  monthlyPay: 500,
  monthlyMaintenance: 500,
  transportationCost: 300,
  combatPay: 500,
  payRate: 1,
  payStep: 7,
  salvageTerms: 'Full',
  salvageStep: 7,
  supportTerms: 'Battle',
  supportStep: 7,
  transportationTerms: 'Full',
  transportationStep: 7,
  commandRights: 'House',
  commandStep: 7,
  tracks: [ { id: 't1', monthIndex: 3, trackName: 'Raid' }, [length]: 1 ],
  participatingDetachments: [ [length]: 0 ],
  contracts: [ [length]: 0 ],
  units: [ [length]: 0 ],
  pilots: [ [length]: 0 ]
}
Missing field 'transportStep' while writing result {
  id: 'camp-1',
  name: 'Draconis Reach',
  systemName: 'Luthien',
  description: 'A campaign in the Draconis Combine.',
  lengthInMonths: 12,
  trackCount: 5,
  status: 'ACTIVE',
  primaryEmployer: 'DCMS',
  secondaryEmployer: 'ISF',
  monthlyPay: 500,
  monthlyMaintenance: 500,
  transportationCost: 300,
  combatPay: 500,
  payRate: 1,
  payStep: 7,
  salvageTerms: 'Full',
  salvageStep: 7,
  supportTerms: 'Battle',
  supportStep: 7,
  transportationTerms: 'Full',
  transportationStep: 7,
  commandRights: 'House',
  commandStep: 7,
  tracks: [ { id: 't1', monthIndex: 3, trackName: 'Raid' }, [length]: 1 ],
  participatingDetachments: [ [length]: 0 ],
  contracts: [ [length]: 0 ],
  units: [ [length]: 0 ],
  pilots: [ [length]: 0 ]
}
Missing field 'factions' while writing result {
  id: 'camp-1',
  name: 'Draconis Reach',
  systemName: 'Luthien',
  description: 'A campaign in the Draconis Combine.',
  lengthInMonths: 12,
  trackCount: 5,
  status: 'ACTIVE',
  primaryEmployer: 'DCMS',
  secondaryEmployer: 'ISF',
  monthlyPay: 500,
  monthlyMaintenance: 500,
  transportationCost: 300,
  combatPay: 500,
  payRate: 1,
  payStep: 7,
  salvageTerms: 'Full',
  salvageStep: 7,
  supportTerms: 'Battle',
  supportStep: 7,
  transportationTerms: 'Full',
  transportationStep: 7,
  commandRights: 'House',
  commandStep: 7,
  tracks: [ { id: 't1', monthIndex: 3, trackName: 'Raid' }, [length]: 1 ],
  participatingDetachments: [ [length]: 0 ],
  contracts: [ [length]: 0 ],
  units: [ [length]: 0 ],
  pilots: [ [length]: 0 ]
}
Missing field 'campaignInvites' while writing result {
  id: 'camp-1',
  name: 'Draconis Reach',
  systemName: 'Luthien',
  description: 'A campaign in the Draconis Combine.',
  lengthInMonths: 12,
  trackCount: 5,
  status: 'ACTIVE',
  primaryEmployer: 'DCMS',
  secondaryEmployer: 'ISF',
  monthlyPay: 500,
  monthlyMaintenance: 500,
  transportationCost: 300,
  combatPay: 500,
  payRate: 1,
  payStep: 7,
  salvageTerms: 'Full',
  salvageStep: 7,
  supportTerms: 'Battle',
  supportStep: 7,
  transportationTerms: 'Full',
  transportationStep: 7,
  commandRights: 'House',
  commandStep: 7,
  tracks: [ { id: 't1', monthIndex: 3, trackName: 'Raid' }, [length]: 1 ],
  participatingDetachments: [ [length]: 0 ],
  contracts: [ [length]: 0 ],
  units: [ [length]: 0 ],
  pilots: [ [length]: 0 ]
}

 Γ£ô src/tests/RecruitmentOverlay.test.tsx > RecruitmentOverlay > generates an invite when recipient name is entered 107ms
 Γ£ô src/tests/RecruitmentOverlay.test.tsx > RecruitmentOverlay > does not generate invite with empty recipient name 47ms
 Γ£ô src/tests/PublicCampaignTheaterView.test.tsx > PublicCampaignTheaterView > renders campaign details after load 120ms
 Γ£ô src/tests/PublicCampaignTheaterView.test.tsx > PublicCampaignTheaterView > calls onBack when return button clicked 61ms
 Γ£ô src/tests/PublicCampaignTheaterView.test.tsx > PublicCampaignTheaterView > shows not found when campaign missing 60ms

ΓÄ»ΓÄ»ΓÄ»ΓÄ»ΓÄ»ΓÄ» Failed Tests 19 ΓÄ»ΓÄ»ΓÄ»ΓÄ»ΓÄ»ΓÄ»ΓÄ»

 FAIL  src/App.test.tsx > App Component > shows loading state initially
 FAIL  src/App.test.tsx > App Component > renders login when unauthenticated
Invariant Violation: Could not find "client" in the context or passed in as an option. Wrap the root component in an 
<ApolloProvider>, or pass an ApolloClient instance in via options.
 Γ¥» newInvariantError node_modules/@apollo/src/utilities/invariant/index.ts:79:9
 Γ¥» invariant node_modules/@apollo/src/utilities/invariant/index.ts:29:10
 Γ¥» useApolloClient node_modules/@apollo/src/react/hooks/useApolloClient.ts:26:0
 Γ¥» useUserProfile src/hooks/useUserProfile.ts:47:18
     45|  */
     46| export function useUserProfile(): UseUserProfileResult {
     47|   const client = useApolloClient()
       |                  ^
     48|   const [user, setUser] = useState<UserProfile | null>(null)
     49|   const [loading, setLoading] = useState(true)
 Γ¥» App src/App.tsx:27:43
 Γ¥» Object.react_stack_bottom_frame node_modules/react-dom/cjs/react-dom-client.development.js:25904:20
 Γ¥» renderWithHooks node_modules/react-dom/cjs/react-dom-client.development.js:7662:22
 Γ¥» updateFunctionComponent node_modules/react-dom/cjs/react-dom-client.development.js:10166:19
 Γ¥» beginWork node_modules/react-dom/cjs/react-dom-client.development.js:11778:18
 Γ¥» runWithFiberInDEV node_modules/react-dom/cjs/react-dom-client.development.js:874:13

ΓÄ»ΓÄ»ΓÄ»ΓÄ»ΓÄ»ΓÄ»ΓÄ»ΓÄ»ΓÄ»ΓÄ»ΓÄ»ΓÄ»ΓÄ»ΓÄ»ΓÄ»ΓÄ»ΓÄ»ΓÄ»ΓÄ»ΓÄ»ΓÄ»ΓÄ»ΓÄ»[1/19]ΓÄ»

 FAIL  src/tests/ActiveCampaignsList.test.tsx > ActiveCampaignsList > filters campaigns by search term (name)
TestingLibraryElementError: Unable to find an element with the placeholder text of: /search/i

Ignored nodes: comments, script, style
[36m<body>[39m
  [36m<div>[39m
    [36m<section[39m
      [33mclass[39m=[32m"active-campaigns-container"[39m
      [33mstyle[39m=[32m"position: relative;"[39m
    [36m>[39m
      [36m<div[39m
        [33maria-hidden[39m=[32m"true"[39m
        [33mclass[39m=[32m"active-campaigns-bg"[39m
      [36m>[39m
        [36m<div[39m
          [33mclass[39m=[32m"intel-overlay"[39m
        [36m/>[39m
        [36m<svg[39m
          [33mclass[39m=[32m"star-map"[39m
          [33mviewBox[39m=[32m"0 0 400 400"[39m
        [36m>[39m
          [36m<g[39m
            [33mclass[39m=[32m"transmission-lines"[39m
          [36m>[39m
            [36m<line[39m
              [33mx1[39m=[32m"100"[39m
              [33mx2[39m=[32m"250"[39m
              [33my1[39m=[32m"120"[39m
              [33my2[39m=[32m"80"[39m
            [36m/>[39m
            [36m<line[39m
              [33mx1[39m=[32m"250"[39m
              [33mx2[39m=[32m"320"[39m
              [33my1[39m=[32m"80"[39m
              [33my2[39m=[32m"200"[39m
            [36m/>[39m
            [36m<line[39m
              [33mx1[39m=[32m"320"[39m
              [33mx2[39m=[32m"180"[39m
              [33my1[39m=[32m"200"[39m
              [33my2[39m=[32m"280"[39m
            [36m/>[39m
            [36m<line[39m
              [33mx1[39m=[32m"180"[39m
              [33mx2[39m=[32m"80"[39m
              [33my1[39m=[32m"280"[39m
              [33my2[39m=[32m"350"[39m
            [36m/>[39m
            [36m<line[39m
              [33mx1[39m=[32m"100"[39m
              [33mx2[39m=[32m"180"[39m
              [33my1[39m=[32m"120"[39m
              [33my2[39m=[32m"280"[39m
            [36m/>[39m
          [36m</g>[39m
          [36m<g[39m
            [33mclass[39m=[32m"systems"[39m
          [36m>[39m
            [36m<circle[39m
              [33mcx[39m=[32m"100"[39m
              [33mcy[39m=[32m"120"[39m
              [33mr[39m=[32m"3"[39m
            [36m/>[39m
            [36m<text[39m
              [33mx[39m=[32m"105"[39m
              [33my[39m=[32m"115"[39m
            [36m>[39m
              [0mTUKAYYID[0m
            [36m</text>[39m
            [36m<circle[39m
              [33mcx[39m=[32m"250"[39m
              [33mcy[39m=[32m"80"[39m
              [33mr[39m=[32m"3"[39m
            [36m/>[39m
            [36m<text[39m
              [33mx[39m=[32m"255"[39m
              [33my[39m=[32m"75"[39m
            [36m>[39m
              [0mMISERY[0m
            [36m</text>[39m
            [36m<circle[39m
              [33mcx[39m=[32m"320"[39m
              [33mcy[39m=[32m"200"[39m
              [33mr[39m=[32m"3"[39m
            [36m/>[39m
            [36m<text[39m
              [33mx[39m=[32m"325"[39m
              [33my[39m=[32m"195"[39m
            [36m>[39m
              [0mLUTHIEN[0m
            [36m</text>[39m
            [36m<circle[39m
              [33mcx[39m=[32m"180"[39m
              [33mcy[39m=[32m"280"[39m
              [33mr[39m=[32m"3"[39m
            [36m/>[39m
            [36m<text[39m
              [33mx[39m=[32m"185"[39m
              [33my[39m=[32m"275"[39m
            [36m>[39m
              [0mALSHAIN[0m
            [36m</text>[39m
            [36m<circle[39m
              [33mcx[39m=[32m"80"[39m
              [33mcy[39m=[32m"350"[39m
              [33mr[39m=[32m"3"[39m
            [36m/>[39m
            [36m<text[39m
              [33mx[39m=[32m"85"[39m
              [33my[39m=[32m"345"[39m
            [36m>[39m
              [0mOUTREACH[0m
            [36m</text>[39m
          [36m</g>[39m
        [36m</svg>[39m
        [36m<div[39m
          [33mclass[39m=[32m"intercept-scroll"[39m
          [33mstyle[39m=[32m"animation-duration: 0s;"[39m
        [36m>[39m
          [36m<div[39m
            [33mclass[39m=[32m"intercept-line"[39m
          [36m>[39m
            [0m[INTERCEPT] - 3051.11.15 - MRBC NOTICE: MISERY CONTRACT TERMINATED[0m
          [36m</div>[39m
          [36m<div[39m
            [33mclass[39m=[32m"intercept-line"[39m
          [36m>[39m
            [0m[DATA] - 3059.03.14 - WHISPERS OF A MASSIVE DEPLOYMENT TOWARD THE TUKAYYID BORDER.[0m
          [36m</div>[39m
          [36m<div[39m
            [33mclass[39m=[32m"intercept-line"[39m
          [36m>[39m
            [0m[SIGINT] - 3061.05.22 - DRACONIS COMBINE DESTROYER CLASS SIGNATURES IN SECTOR 4.[0m
          [36m</div>[39m
          [36m<div[39m
            [33mclass[39m=[32m"intercept-line"[39m
          [36m>[39m
            [0m[DATA] - 3060.01.15 - RUMORS OF A LARGE-SCALE OPERATION TARGETING THE INNER CIRCLE HUB.[0m
          [36m</div>[39m
          [36m<div[39m
            [33mclass[39m=[32m"intercept-line"[39m
          [36m>[39m
            [0m[SIGINT] - 3056.12.19 - FEDCOM LOGISTICS TRAIN MOVING TOWARD THE FRONTLINE.[0m
          [36m</div>[39m
          [36m<div[39m
            [33mclass[39m=[32m"intercept-line"[39m
          [36m>[39m
            [0m[INTERCEPT] - 3061.02.05 - PAYMENT RECEIVED: SUCCESSFUL RECOVERY OF LOST CARGO FROM THE PERIPHERY.[0m
          [36m</div>[39m
          [36m<div[39m
            [33mclass[39m=[32m"intercept-line"[39m
          [36m>[39m
            [0m[DATA] - 3062.11.10 - RUMOR OF A SECRET OPERATION UNDERWAY IN THE GREAT BEAR CLUSTER.[0m
          [36m</div>[39m
          [36m<div[39m
            [33mclass[39m=[32m"intercept-line"[39m
          [36m>[39m
            [0m[INTERCEPT] - 3057.04.12 - PAYMENT CONFIRMED: HOUSE KANASTA REMITTANCE RECEIVED IN FULL AND ON TIME.[0m
          [36m</div>[39m
          [36m<div[39m
            [33mclass[39m=[32m"intercept-line"[39m
          [36m>[39m
            [0m[DATA] - 3049.08.10 - DEEP PERIPHERY SIGNAL LOSS REPORTED[0m
          [36m</div>[39m
          [36m<div[39m
            [33mclass[39m=[32m"intercept-line"[39m
          [36m>[39m
            [0m[SIGINT] - 3054.04.17 - CLAN WOLVES RECONNAISSANCE UNITS ACTIVE NEAR THE SECTOR 9 HUB.[0m
          [36m</div>[39m
          [36m<div[39m
            [33mclass[39m=[32m"intercept-line"[39m
          [36m>[39m
            [0m[SIGINT] - 3050.05.22 - CLAN GHOST BEAR SIGNATURES AT ALSHAIN[0m
          [36m</div>[39m
          [36m<div[39m
            [33mclass[39m=[32m"intercept-line"[39m
          [36m>[39m
            [0m[SIGNAL] - 3052.05.20 - COMSTAR COMMUNIQUE: TUKAYYID DEFENSES HOLDING[0m
          [36m</div>[39m
          [36m<div[39m
            [33mclass[39m=[32m"intercept-line"[39m
          [36m>[39m
            [0m[INTERCEPT] - 3057.06.01 - PAYMENT DELAYED: LOCAL LORD OF ALSHAIN REFUSES TO SETTLE SALVAGE CLAIMS, CITING BUDGET 
CUTS.[0m
       ...
 Γ¥» Object.getElementError node_modules/@testing-library/dom/dist/config.js:37:19
 Γ¥» node_modules/@testing-library/dom/dist/query-helpers.js:76:38
 Γ¥» node_modules/@testing-library/dom/dist/query-helpers.js:52:17
 Γ¥» node_modules/@testing-library/dom/dist/query-helpers.js:95:19
 Γ¥» src/tests/ActiveCampaignsList.test.tsx:98:27
     96|       expect(screen.getByText('Draconis Reach')).toBeTruthy()
     97|     })
     98|     const search = screen.getByPlaceholderText(/search/i) as HTMLInputΓÇª
       |                           ^
     99|     fireEvent.change(search, { target: { value: 'Federated' } })
    100|     await waitFor(() => {

ΓÄ»ΓÄ»ΓÄ»ΓÄ»ΓÄ»ΓÄ»ΓÄ»ΓÄ»ΓÄ»ΓÄ»ΓÄ»ΓÄ»ΓÄ»ΓÄ»ΓÄ»ΓÄ»ΓÄ»ΓÄ»ΓÄ»ΓÄ»ΓÄ»ΓÄ»ΓÄ»[2/19]ΓÄ»

 FAIL  src/tests/ActiveCampaignsList.test.tsx > ActiveCampaignsList > filters campaigns by system name
TestingLibraryElementError: Unable to find an element with the placeholder text of: /search/i

Ignored nodes: comments, script, style
[36m<body>[39m
  [36m<div>[39m
    [36m<section[39m
      [33mclass[39m=[32m"active-campaigns-container"[39m
      [33mstyle[39m=[32m"position: relative;"[39m
    [36m>[39m
      [36m<div[39m
        [33maria-hidden[39m=[32m"true"[39m
        [33mclass[39m=[32m"active-campaigns-bg"[39m
      [36m>[39m
        [36m<div[39m
          [33mclass[39m=[32m"intel-overlay"[39m
        [36m/>[39m
        [36m<svg[39m
          [33mclass[39m=[32m"star-map"[39m
          [33mviewBox[39m=[32m"0 0 400 400"[39m
        [36m>[39m
          [36m<g[39m
            [33mclass[39m=[32m"transmission-lines"[39m
          [36m>[39m
            [36m<line[39m
              [33mx1[39m=[32m"100"[39m
              [33mx2[39m=[32m"250"[39m
              [33my1[39m=[32m"120"[39m
              [33my2[39m=[32m"80"[39m
            [36m/>[39m
            [36m<line[39m
              [33mx1[39m=[32m"250"[39m
              [33mx2[39m=[32m"320"[39m
              [33my1[39m=[32m"80"[39m
              [33my2[39m=[32m"200"[39m
            [36m/>[39m
            [36m<line[39m
              [33mx1[39m=[32m"320"[39m
              [33mx2[39m=[32m"180"[39m
              [33my1[39m=[32m"200"[39m
              [33my2[39m=[32m"280"[39m
            [36m/>[39m
            [36m<line[39m
              [33mx1[39m=[32m"180"[39m
              [33mx2[39m=[32m"80"[39m
              [33my1[39m=[32m"280"[39m
              [33my2[39m=[32m"350"[39m
            [36m/>[39m
            [36m<line[39m
              [33mx1[39m=[32m"100"[39m
              [33mx2[39m=[32m"180"[39m
              [33my1[39m=[32m"120"[39m
              [33my2[39m=[32m"280"[39m
            [36m/>[39m
          [36m</g>[39m
          [36m<g[39m
            [33mclass[39m=[32m"systems"[39m
          [36m>[39m
            [36m<circle[39m
              [33mcx[39m=[32m"100"[39m
              [33mcy[39m=[32m"120"[39m
              [33mr[39m=[32m"3"[39m
            [36m/>[39m
            [36m<text[39m
              [33mx[39m=[32m"105"[39m
              [33my[39m=[32m"115"[39m
            [36m>[39m
              [0mTUKAYYID[0m
            [36m</text>[39m
            [36m<circle[39m
              [33mcx[39m=[32m"250"[39m
              [33mcy[39m=[32m"80"[39m
              [33mr[39m=[32m"3"[39m
            [36m/>[39m
            [36m<text[39m
              [33mx[39m=[32m"255"[39m
              [33my[39m=[32m"75"[39m
            [36m>[39m
              [0mMISERY[0m
            [36m</text>[39m
            [36m<circle[39m
              [33mcx[39m=[32m"320"[39m
              [33mcy[39m=[32m"200"[39m
              [33mr[39m=[32m"3"[39m
            [36m/>[39m
            [36m<text[39m
              [33mx[39m=[32m"325"[39m
              [33my[39m=[32m"195"[39m
            [36m>[39m
              [0mLUTHIEN[0m
            [36m</text>[39m
            [36m<circle[39m
              [33mcx[39m=[32m"180"[39m
              [33mcy[39m=[32m"280"[39m
              [33mr[39m=[32m"3"[39m
            [36m/>[39m
            [36m<text[39m
              [33mx[39m=[32m"185"[39m
              [33my[39m=[32m"275"[39m
            [36m>[39m
              [0mALSHAIN[0m
            [36m</text>[39m
            [36m<circle[39m
              [33mcx[39m=[32m"80"[39m
              [33mcy[39m=[32m"350"[39m
              [33mr[39m=[32m"3"[39m
            [36m/>[39m
            [36m<text[39m
              [33mx[39m=[32m"85"[39m
              [33my[39m=[32m"345"[39m
            [36m>[39m
              [0mOUTREACH[0m
            [36m</text>[39m
          [36m</g>[39m
        [36m</svg>[39m
        [36m<div[39m
          [33mclass[39m=[32m"intercept-scroll"[39m
          [33mstyle[39m=[32m"animation-duration: 0s;"[39m
        [36m>[39m
          [36m<div[39m
            [33mclass[39m=[32m"intercept-line"[39m
          [36m>[39m
            [0m[INTERCEPT] - 3055.03.12 - FEDCOM MOVEMENT TOWARD HESPERUS II[0m
          [36m</div>[39m
          [36m<div[39m
            [33mclass[39m=[32m"intercept-line"[39m
          [36m>[39m
            [0m[INTERCEPT] - 3058.09.20 - PAYMENT DENIED: CONTRACTOR CLAIMED EXCESSIVE COLLATERAL DAMAGE DURING ENGAGEMENT.[0m
          [36m</div>[39m
          [36m<div[39m
            [33mclass[39m=[32m"intercept-line"[39m
          [36m>[39m
            [0m[DATA] - 3058.06.25 - INTEL SUGGESTS PREPARATIONS FOR A LARGE-SCALE DROPSHIP INVASION IN THE WESTERN SECTOR.[0m
          [36m</div>[39m
          [36m<div[39m
            [33mclass[39m=[32m"intercept-line"[39m
          [36m>[39m
            [0m[INTERCEPT] - 3061.02.05 - PAYMENT RECEIVED: SUCCESSFUL RECOVERY OF LOST CARGO FROM THE PERIPHERY.[0m
          [36m</div>[39m
          [36m<div[39m
            [33mclass[39m=[32m"intercept-line"[39m
          [36m>[39m
            [0m[DATA] - 3049.08.10 - DEEP PERIPHERY SIGNAL LOSS REPORTED[0m
          [36m</div>[39m
          [36m<div[39m
            [33mclass[39m=[32m"intercept-line"[39m
          [36m>[39m
            [0m[SIGINT] - 3054.04.17 - CLAN WOLVES RECONNAISSANCE UNITS ACTIVE NEAR THE SECTOR 9 HUB.[0m
          [36m</div>[39m
          [36m<div[39m
            [33mclass[39m=[32m"intercept-line"[39m
          [36m>[39m
            [0m[INTERCEPT] - 3051.11.15 - MRBC NOTICE: MISERY CONTRACT TERMINATED[0m
          [36m</div>[39m
          [36m<div[39m
            [33mclass[39m=[32m"intercept-line"[39m
          [36m>[39m
            [0m[ENCRYPTED] - 3060.02.28 - SHADOW FLEET DETECTED IN DEEP SPACE; NO ORIGIN OR INTENT DETERMINED.[0m
          [36m</div>[39m
          [36m<div[39m
            [33mclass[39m=[32m"intercept-line"[39m
          [36m>[39m
            [0m[DATA] - 3060.01.15 - RUMORS OF A LARGE-SCALE OPERATION TARGETING THE INNER CIRCLE HUB.[0m
          [36m</div>[39m
          [36m<div[39m
            [33mclass[39m=[32m"intercept-line"[39m
          [36m>[39m
            [0m[INTERCEPT] - 3057.04.12 - PAYMENT CONFIRMED: HOUSE KANASTA REMITTANCE RECEIVED IN FULL AND ON TIME.[0m
          [36m</div>[39m
          [36m<div[39m
            [33mclass[39m=[32m"intercept-line"[39m
          [36m>[39m
            [0m[DATA] - 3062.11.10 - RUMOR OF A SECRET OPERATION UNDERWAY IN THE GREAT BEAR CLUSTER.[0m
          [36m</div>[39m
          [36m<div[39m
            [33mclass[39m=[32m"intercept-line"[39m
          [36m>[39m
            [0m[INTERCEPT] - 3059.05.12 - PAYMENT DISPUTE: SALVAGE RIGHTS TO DESTROYED MECH DECLARED INVALID BY LOCAL AUTHORITY.[0m
          [36m</div>[39m
          [36m<div[39m
            [33mclass[39m=[32m"intercept-line"[39m
          [36m>[39m
            [0m[SIGINT] - 30...
 Γ¥» Object.getElementError node_modules/@testing-library/dom/dist/config.js:37:19
 Γ¥» node_modules/@testing-library/dom/dist/query-helpers.js:76:38
 Γ¥» node_modules/@testing-library/dom/dist/query-helpers.js:52:17
 Γ¥» node_modules/@testing-library/dom/dist/query-helpers.js:95:19
 Γ¥» src/tests/ActiveCampaignsList.test.tsx:111:27
    109|       expect(screen.getByText('Draconis Reach')).toBeTruthy()
    110|     })
    111|     const search = screen.getByPlaceholderText(/search/i) as HTMLInputΓÇª
       |                           ^
    112|     fireEvent.change(search, { target: { value: 'Luthien' } })
    113|     await waitFor(() => {

ΓÄ»ΓÄ»ΓÄ»ΓÄ»ΓÄ»ΓÄ»ΓÄ»ΓÄ»ΓÄ»ΓÄ»ΓÄ»ΓÄ»ΓÄ»ΓÄ»ΓÄ»ΓÄ»ΓÄ»ΓÄ»ΓÄ»ΓÄ»ΓÄ»ΓÄ»ΓÄ»[3/19]ΓÄ»

 FAIL  src/tests/contractUtils.test.ts > parseSupportTerms > classifies BATTLE terms
AssertionError: expected { type: 'BATTLE', pct: +0 } to deeply equal { type: 'BATTLE', pct: 1 }

[32m- Expected[39m
[31m+ Received[39m

[2m  {[22m
[32m-   "pct": 1,[39m
[31m+   "pct": 0,[39m
[2m    "type": "BATTLE",[22m
[2m  }[22m

 Γ¥» src/tests/contractUtils.test.ts:66:41
     64| describe('parseSupportTerms', () => {
     65|   it('classifies BATTLE terms', () => {
     66|     expect(parseSupportTerms('BATTLE')).toEqual({ type: 'BATTLE', pct:ΓÇª
       |                                         ^
     67|     expect(parseSupportTerms('Battle 100%')).toEqual({ type: 'BATTLE',ΓÇª
     68|   })

ΓÄ»ΓÄ»ΓÄ»ΓÄ»ΓÄ»ΓÄ»ΓÄ»ΓÄ»ΓÄ»ΓÄ»ΓÄ»ΓÄ»ΓÄ»ΓÄ»ΓÄ»ΓÄ»ΓÄ»ΓÄ»ΓÄ»ΓÄ»ΓÄ»ΓÄ»ΓÄ»[4/19]ΓÄ»

 FAIL  src/tests/CreateCommandForm.test.tsx > CreateCommandForm > shows error when command name is empty
TestingLibraryElementError: Found multiple elements with the text: /ESTABLISH/i

Here are the matching elements:

Ignored nodes: comments, script, style
[36m<span>[39m
  [36m<span[39m
    [33mclass[39m=[32m"blink-fast"[39m
  [36m>[39m
    [0mΓû╢[0m
  [36m</span>[39m
  [0m [0m
  [0mESTABLISH NEW MERCENARY COMMAND[0m
[36m</span>[39m

Ignored nodes: comments, script, style
[36m<button[39m
  [33mclass[39m=[32m"mode-btn btn-primary"[39m
  [33mtype[39m=[32m"button"[39m
[36m>[39m
  [0mESTABLISH[0m
[36m</button>[39m

(If this is intentional, then use the `*AllBy*` variant of the query (like `queryAllByText`, `getAllByText`, or `findAllByText`)).

Ignored nodes: comments, script, style
[36m<body[39m
  [33mstyle[39m=[32m"overflow: hidden; --floating-ui-scrollbar-width: 1024px; padding-right: 1024px;"[39m
[36m>[39m
  [36m<div[39m
    [33maria-hidden[39m=[32m"true"[39m
    [33mdata-floating-ui-inert[39m=[32m""[39m
  [36m/>[39m
  [36m<div[39m
    [33mdata-floating-ui-portal[39m=[32m""[39m
    [33mid[39m=[32m"_r_5_"[39m
  [36m>[39m
    [36m<div[39m
      [33mclass[39m=[32m"terminal-overlay-backdrop theme-amber"[39m
      [33mstyle[39m=[32m"position: fixed; overflow: auto; top: 0px; right: 0px; bottom: 0px; left: 0px; z-index: 9999; display: 
grid; place-items: center; background-color: rgba(0, 0, 0, 0.97);"[39m
    [36m>[39m
      [36m<span[39m
        [33mdata-floating-ui-focus-guard[39m=[32m""[39m
        [33mdata-type[39m=[32m"inside"[39m
        [33mrole[39m=[32m"button"[39m
        [33mstyle[39m=[32m"border: 0px; clip: rect(0px); height: 1px; margin: -1px; overflow: hidden; padding: 0px; position: 
fixed; white-space: nowrap; width: 1px; top: 0px; left: 0px;"[39m
        [33mtabindex[39m=[32m"0"[39m
      [36m/>[39m
      [36m<div[39m
        [33mclass[39m=[32m"terminal-overlay-panel "[39m
        [33mdata-floating-ui-focusable[39m=[32m""[39m
        [33mid[39m=[32m"_r_3_"[39m
        [33mrole[39m=[32m"dialog"[39m
        [33mtabindex[39m=[32m"-1"[39m
      [36m>[39m
        [36m<div[39m
          [33mclass[39m=[32m"overlay-header"[39m
        [36m>[39m
          [36m<div[39m
            [33mclass[39m=[32m"flex-between w-100"[39m
          [36m>[39m
            [36m<span>[39m
              [36m<span[39m
                [33mclass[39m=[32m"blink-fast"[39m
              [36m>[39m
                [0mΓû╢[0m
              [36m</span>[39m
              [0m [0m
              [0mESTABLISH NEW MERCENARY COMMAND[0m
            [36m</span>[39m
          [36m</div>[39m
        [36m</div>[39m
        [36m<div[39m
          [33mstyle[39m=[32m"border: 1px solid var(--terminal-border); margin: 0px 10px 10px; padding: 15px; background-color: 
rgba(0, 0, 0, 0.4);"[39m
        [36m>[39m
          [36m<div[39m
            [33mclass[39m=[32m"overlay-body"[39m
          [36m>[39m
            [36m<p[39m
              [33mclass[39m=[32m"mb-10"[39m
            [36m>[39m
              [0mREGISTER YOUR UNIT WITH THE MERCENARY REVIEW AND BONDING COMMISSION.[0m
            [36m</p>[39m
            [0m [0m
            [36m<form[39m
              [33mclass[39m=[32m"flex-col flex-gap-15 mt-20"[39m
              [33mstyle[39m=[32m"max-width: 400px; margin: 0px auto;"[39m
            [36m>[39m
              [36m<div[39m
                [33mclass[39m=[32m"input-group"[39m
              [36m>[39m
                [36m<label[39m
                  [33mclass[39m=[32m"restricted-text"[39m
                  [33mfor[39m=[32m"command-name"[39m
                [36m>[39m
                  [0mCOMMAND DESIGNATION:[0m
                [36m</label>[39m
                [36m<div[39m
                  [33mclass[39m=[32m"status-bar theme-amber"[39m
                  [33mstyle[39m=[32m"padding: 0px 5px; display: flex; align-items: center;"[39m
                [36m>[39m
                  [36m<input[39m
                    [33mclass[39m=[32m"table-input w-100"[39m
                    [33mid[39m=[32m"command-name"[39m
                    [33mmaxlength[39m=[32m"255"[39m
                    [33mplaceholder[39m=[32m"ENTER COMMAND NAME"[39m
                    [33mstyle[39m=[32m"border: medium;"[39m
                    [33mtype[39m=[32m"text"[39m
                    [33mvalue[39m=[32m""[39m
                  [36m/>[39m
                [36m</div>[39m
              [36m</div>[39m
              [36m<div[39m
                [33mclass[39m=[32m"input-group"[39m
              [36m>[39m
                [36m<label[39m
                  [33mclass[39m=[32m"restricted-text"[39m
                  [33mfor[39m=[32m"commanding-officer"[39m
                [36m>[39m
                  [0mCOMMANDING OFFICER:[0m
                [36m</label>[39m
                [36m<div[39m
                  [33mclass[39m=[32m"status-bar theme-amber"[39m
                  [33mstyle[39m=[32m"padding: 0px 5px; display: flex; align-items: center;"[39m
                [36m>[39m
                  [36m<input[39m
                    [33mclass[39m=[32m"table-input w-100"[39m
                    [33mid[39m=[32m"commanding-officer"[39m
                    [33mmaxlength[39m=[32m"255"[39m
                    [33mplaceholder[39m=[32m"YOUR CALLSIGN"[39m
                    [33mstyle[39m=[32m"border: medium;"[39m
                    [33mtype[39m=[32m"text"[39m
                    [33mvalue[39m=[32m"CO Name"[39m
                  [36m/>[39m
                [36m</div>[39m
              [36m</div>[39m
            [36m</form>[39m
          [36m</div>[39m
          [36m<div[39m
            [33mclass[39m=[32m"overlay-footer"[39m
          [36m>[39m
            [36m<button[39m
              [33mclass[39m=[32m"mode-btn"[39m
              [33mtype[39m=[32m"button"[39m
            [36m>[39m
              [0mABORT[0m
            [36m</button>[39m
            [36m<button[39m
              [33mclass[39m=[32m"mode-btn btn-primary"[39m
              [33mtype[39m=[32m"button"[39m
            [36m>[39m
              [0mESTABLISH[0m
            [36m</button>[39m
          [36m</div>[39m
        [36m</div>[39m
      [36m</div>[39m
      [36m<span[39m
        [33mdata-floating-ui-focus-guard[39m=[32m""[39m
        [33mdata-type[39m=[32m"inside"[39m
        [33mrole[39m=[32m"button"[39m
        [33mstyle[39m=[32m"border: 0px; clip: rect(0px); height: 1px; margin: -1px; overflow: hidden; padding: 0px; position: 
fixed; white-space: nowrap; width: 1px; top: 0px; left: 0px;"[39m
        [33mtabindex[39m=[32m"0"[39m
      [36m/>[39m
    [36m</div>[39m
  [36m</div>[39m
[36m</body>[39m
 Γ¥» Object.getElementError node_modules/@testing-library/dom/dist/config.js:37:19
 Γ¥» getElementError node_modules/@testing-library/dom/dist/query-helpers.js:20:35
 Γ¥» getMultipleElementsFoundError node_modules/@testing-library/dom/dist/query-helpers.js:23:10
 Γ¥» node_modules/@testing-library/dom/dist/query-helpers.js:55:13
 Γ¥» node_modules/@testing-library/dom/dist/query-helpers.js:95:19
 Γ¥» src/tests/CreateCommandForm.test.tsx:69:28
     67|     const onSuccess = vi.fn()
     68|     renderForm(onSuccess)
     69|     fireEvent.click(screen.getByText(/ESTABLISH/i))
       |                            ^
     70|     await waitFor(() => {
     71|       expect(screen.getByText(/COMMAND NAME REQUIRED/i)).toBeTruthy()

ΓÄ»ΓÄ»ΓÄ»ΓÄ»ΓÄ»ΓÄ»ΓÄ»ΓÄ»ΓÄ»ΓÄ»ΓÄ»ΓÄ»ΓÄ»ΓÄ»ΓÄ»ΓÄ»ΓÄ»ΓÄ»ΓÄ»ΓÄ»ΓÄ»ΓÄ»ΓÄ»[5/19]ΓÄ»

 FAIL  src/tests/CreateCommandForm.test.tsx > CreateCommandForm > submits successfully with a valid name
TestingLibraryElementError: Found multiple elements with the text: /ESTABLISH/i

Here are the matching elements:

Ignored nodes: comments, script, style
[36m<span>[39m
  [36m<span[39m
    [33mclass[39m=[32m"blink-fast"[39m
  [36m>[39m
    [0mΓû╢[0m
  [36m</span>[39m
  [0m [0m
  [0mESTABLISH NEW MERCENARY COMMAND[0m
[36m</span>[39m

Ignored nodes: comments, script, style
[36m<button[39m
  [33mclass[39m=[32m"mode-btn btn-primary"[39m
  [33mtype[39m=[32m"button"[39m
[36m>[39m
  [0mESTABLISH[0m
[36m</button>[39m

(If this is intentional, then use the `*AllBy*` variant of the query (like `queryAllByText`, `getAllByText`, or `findAllByText`)).

Ignored nodes: comments, script, style
[36m<body[39m
  [33mstyle[39m=[32m"overflow: hidden; --floating-ui-scrollbar-width: 1024px; padding-right: 1024px;"[39m
[36m>[39m
  [36m<div[39m
    [33maria-hidden[39m=[32m"true"[39m
    [33mdata-floating-ui-inert[39m=[32m""[39m
  [36m/>[39m
  [36m<div[39m
    [33mdata-floating-ui-portal[39m=[32m""[39m
    [33mid[39m=[32m"_r_8_"[39m
  [36m>[39m
    [36m<div[39m
      [33mclass[39m=[32m"terminal-overlay-backdrop theme-amber"[39m
      [33mstyle[39m=[32m"position: fixed; overflow: auto; top: 0px; right: 0px; bottom: 0px; left: 0px; z-index: 9999; display: 
grid; place-items: center; background-color: rgba(0, 0, 0, 0.97);"[39m
    [36m>[39m
      [36m<span[39m
        [33mdata-floating-ui-focus-guard[39m=[32m""[39m
        [33mdata-type[39m=[32m"inside"[39m
        [33mrole[39m=[32m"button"[39m
        [33mstyle[39m=[32m"border: 0px; clip: rect(0px); height: 1px; margin: -1px; overflow: hidden; padding: 0px; position: 
fixed; white-space: nowrap; width: 1px; top: 0px; left: 0px;"[39m
        [33mtabindex[39m=[32m"0"[39m
      [36m/>[39m
      [36m<div[39m
        [33mclass[39m=[32m"terminal-overlay-panel "[39m
        [33mdata-floating-ui-focusable[39m=[32m""[39m
        [33mid[39m=[32m"_r_6_"[39m
        [33mrole[39m=[32m"dialog"[39m
        [33mtabindex[39m=[32m"-1"[39m
      [36m>[39m
        [36m<div[39m
          [33mclass[39m=[32m"overlay-header"[39m
        [36m>[39m
          [36m<div[39m
            [33mclass[39m=[32m"flex-between w-100"[39m
          [36m>[39m
            [36m<span>[39m
              [36m<span[39m
                [33mclass[39m=[32m"blink-fast"[39m
              [36m>[39m
                [0mΓû╢[0m
              [36m</span>[39m
              [0m [0m
              [0mESTABLISH NEW MERCENARY COMMAND[0m
            [36m</span>[39m
          [36m</div>[39m
        [36m</div>[39m
        [36m<div[39m
          [33mstyle[39m=[32m"border: 1px solid var(--terminal-border); margin: 0px 10px 10px; padding: 15px; background-color: 
rgba(0, 0, 0, 0.4);"[39m
        [36m>[39m
          [36m<div[39m
            [33mclass[39m=[32m"overlay-body"[39m
          [36m>[39m
            [36m<p[39m
              [33mclass[39m=[32m"mb-10"[39m
            [36m>[39m
              [0mREGISTER YOUR UNIT WITH THE MERCENARY REVIEW AND BONDING COMMISSION.[0m
            [36m</p>[39m
            [0m [0m
            [36m<form[39m
              [33mclass[39m=[32m"flex-col flex-gap-15 mt-20"[39m
              [33mstyle[39m=[32m"max-width: 400px; margin: 0px auto;"[39m
            [36m>[39m
              [36m<div[39m
                [33mclass[39m=[32m"input-group"[39m
              [36m>[39m
                [36m<label[39m
                  [33mclass[39m=[32m"restricted-text"[39m
                  [33mfor[39m=[32m"command-name"[39m
                [36m>[39m
                  [0mCOMMAND DESIGNATION:[0m
                [36m</label>[39m
                [36m<div[39m
                  [33mclass[39m=[32m"status-bar theme-amber"[39m
                  [33mstyle[39m=[32m"padding: 0px 5px; display: flex; align-items: center;"[39m
                [36m>[39m
                  [36m<input[39m
                    [33mclass[39m=[32m"table-input w-100"[39m
                    [33mid[39m=[32m"command-name"[39m
                    [33mmaxlength[39m=[32m"255"[39m
                    [33mplaceholder[39m=[32m"ENTER COMMAND NAME"[39m
                    [33mstyle[39m=[32m"border: medium;"[39m
                    [33mtype[39m=[32m"text"[39m
                    [33mvalue[39m=[32m"NEW COMMAND"[39m
                  [36m/>[39m
                [36m</div>[39m
              [36m</div>[39m
              [36m<div[39m
                [33mclass[39m=[32m"input-group"[39m
              [36m>[39m
                [36m<label[39m
                  [33mclass[39m=[32m"restricted-text"[39m
                  [33mfor[39m=[32m"commanding-officer"[39m
                [36m>[39m
                  [0mCOMMANDING OFFICER:[0m
                [36m</label>[39m
                [36m<div[39m
                  [33mclass[39m=[32m"status-bar theme-amber"[39m
                  [33mstyle[39m=[32m"padding: 0px 5px; display: flex; align-items: center;"[39m
                [36m>[39m
                  [36m<input[39m
                    [33mclass[39m=[32m"table-input w-100"[39m
                    [33mid[39m=[32m"commanding-officer"[39m
                    [33mmaxlength[39m=[32m"255"[39m
                    [33mplaceholder[39m=[32m"YOUR CALLSIGN"[39m
                    [33mstyle[39m=[32m"border: medium;"[39m
                    [33mtype[39m=[32m"text"[39m
                    [33mvalue[39m=[32m"CO Name"[39m
                  [36m/>[39m
                [36m</div>[39m
              [36m</div>[39m
            [36m</form>[39m
          [36m</div>[39m
          [36m<div[39m
            [33mclass[39m=[32m"overlay-footer"[39m
          [36m>[39m
            [36m<button[39m
              [33mclass[39m=[32m"mode-btn"[39m
              [33mtype[39m=[32m"button"[39m
            [36m>[39m
              [0mABORT[0m
            [36m</button>[39m
            [36m<button[39m
              [33mclass[39m=[32m"mode-btn btn-primary"[39m
              [33mtype[39m=[32m"button"[39m
            [36m>[39m
              [0mESTABLISH[0m
            [36m</button>[39m
          [36m</div>[39m
        [36m</div>[39m
      [36m</div>[39m
      [36m<span[39m
        [33mdata-floating-ui-focus-guard[39m=[32m""[39m
        [33mdata-type[39m=[32m"inside"[39m
        [33mrole[39m=[32m"button"[39m
        [33mstyle[39m=[32m"border: 0px; clip: rect(0px); height: 1px; margin: -1px; overflow: hidden; padding: 0px; position: 
fixed; white-space: nowrap; width: 1px; top: 0px; left: 0px;"[39m
        [33mtabindex[39m=[32m"0"[39m
      [36m/>[39m
    [36m</div>[39m
  [36m</div>[39m
[36m</body>[39m
 Γ¥» Object.getElementError node_modules/@testing-library/dom/dist/config.js:37:19
 Γ¥» getElementError node_modules/@testing-library/dom/dist/query-helpers.js:20:35
 Γ¥» getMultipleElementsFoundError node_modules/@testing-library/dom/dist/query-helpers.js:23:10
 Γ¥» node_modules/@testing-library/dom/dist/query-helpers.js:55:13
 Γ¥» node_modules/@testing-library/dom/dist/query-helpers.js:95:19
 Γ¥» src/tests/CreateCommandForm.test.tsx:81:28
     79|     const nameInput = screen.getByPlaceholderText(/command name/i) as ΓÇª
     80|     fireEvent.change(nameInput, { target: { value: 'New Command' } })
     81|     fireEvent.click(screen.getByText(/ESTABLISH/i))
       |                            ^
     82|     await waitFor(() => {
     83|       expect(onSuccess).toHaveBeenCalled()

ΓÄ»ΓÄ»ΓÄ»ΓÄ»ΓÄ»ΓÄ»ΓÄ»ΓÄ»ΓÄ»ΓÄ»ΓÄ»ΓÄ»ΓÄ»ΓÄ»ΓÄ»ΓÄ»ΓÄ»ΓÄ»ΓÄ»ΓÄ»ΓÄ»ΓÄ»ΓÄ»[6/19]ΓÄ»

 FAIL  src/tests/CreateCommandForm.test.tsx > CreateCommandForm > calls onCancel when cancel is clicked
TestingLibraryElementError: Unable to find an element with the text: /CANCEL/i. This could be because the text is broken up by 
multiple elements. In this case, you can provide a function for your text matcher to make your matcher more flexible.

Ignored nodes: comments, script, style
[36m<body[39m
  [33mstyle[39m=[32m"overflow: hidden; --floating-ui-scrollbar-width: 1024px; padding-right: 1024px;"[39m
[36m>[39m
  [36m<div[39m
    [33maria-hidden[39m=[32m"true"[39m
    [33mdata-floating-ui-inert[39m=[32m""[39m
  [36m/>[39m
  [36m<div[39m
    [33mdata-floating-ui-portal[39m=[32m""[39m
    [33mid[39m=[32m"_r_b_"[39m
  [36m>[39m
    [36m<div[39m
      [33mclass[39m=[32m"terminal-overlay-backdrop theme-amber"[39m
      [33mstyle[39m=[32m"position: fixed; overflow: auto; top: 0px; right: 0px; bottom: 0px; left: 0px; z-index: 9999; display: 
grid; place-items: center; background-color: rgba(0, 0, 0, 0.97);"[39m
    [36m>[39m
      [36m<span[39m
        [33mdata-floating-ui-focus-guard[39m=[32m""[39m
        [33mdata-type[39m=[32m"inside"[39m
        [33mrole[39m=[32m"button"[39m
        [33mstyle[39m=[32m"border: 0px; clip: rect(0px); height: 1px; margin: -1px; overflow: hidden; padding: 0px; position: 
fixed; white-space: nowrap; width: 1px; top: 0px; left: 0px;"[39m
        [33mtabindex[39m=[32m"0"[39m
      [36m/>[39m
      [36m<div[39m
        [33mclass[39m=[32m"terminal-overlay-panel "[39m
        [33mdata-floating-ui-focusable[39m=[32m""[39m
        [33mid[39m=[32m"_r_9_"[39m
        [33mrole[39m=[32m"dialog"[39m
        [33mtabindex[39m=[32m"-1"[39m
      [36m>[39m
        [36m<div[39m
          [33mclass[39m=[32m"overlay-header"[39m
        [36m>[39m
          [36m<div[39m
            [33mclass[39m=[32m"flex-between w-100"[39m
          [36m>[39m
            [36m<span>[39m
              [36m<span[39m
                [33mclass[39m=[32m"blink-fast"[39m
              [36m>[39m
                [0mΓû╢[0m
              [36m</span>[39m
              [0m [0m
              [0mESTABLISH NEW MERCENARY COMMAND[0m
            [36m</span>[39m
          [36m</div>[39m
        [36m</div>[39m
        [36m<div[39m
          [33mstyle[39m=[32m"border: 1px solid var(--terminal-border); margin: 0px 10px 10px; padding: 15px; background-color: 
rgba(0, 0, 0, 0.4);"[39m
        [36m>[39m
          [36m<div[39m
            [33mclass[39m=[32m"overlay-body"[39m
          [36m>[39m
            [36m<p[39m
              [33mclass[39m=[32m"mb-10"[39m
            [36m>[39m
              [0mREGISTER YOUR UNIT WITH THE MERCENARY REVIEW AND BONDING COMMISSION.[0m
            [36m</p>[39m
            [0m [0m
            [36m<form[39m
              [33mclass[39m=[32m"flex-col flex-gap-15 mt-20"[39m
              [33mstyle[39m=[32m"max-width: 400px; margin: 0px auto;"[39m
            [36m>[39m
              [36m<div[39m
                [33mclass[39m=[32m"input-group"[39m
              [36m>[39m
                [36m<label[39m
                  [33mclass[39m=[32m"restricted-text"[39m
                  [33mfor[39m=[32m"command-name"[39m
                [36m>[39m
                  [0mCOMMAND DESIGNATION:[0m
                [36m</label>[39m
                [36m<div[39m
                  [33mclass[39m=[32m"status-bar theme-amber"[39m
                  [33mstyle[39m=[32m"padding: 0px 5px; display: flex; align-items: center;"[39m
                [36m>[39m
                  [36m<input[39m
                    [33mclass[39m=[32m"table-input w-100"[39m
                    [33mid[39m=[32m"command-name"[39m
                    [33mmaxlength[39m=[32m"255"[39m
                    [33mplaceholder[39m=[32m"ENTER COMMAND NAME"[39m
                    [33mstyle[39m=[32m"border: medium;"[39m
                    [33mtype[39m=[32m"text"[39m
                    [33mvalue[39m=[32m""[39m
                  [36m/>[39m
                [36m</div>[39m
              [36m</div>[39m
              [36m<div[39m
                [33mclass[39m=[32m"input-group"[39m
              [36m>[39m
                [36m<label[39m
                  [33mclass[39m=[32m"restricted-text"[39m
                  [33mfor[39m=[32m"commanding-officer"[39m
                [36m>[39m
                  [0mCOMMANDING OFFICER:[0m
                [36m</label>[39m
                [36m<div[39m
                  [33mclass[39m=[32m"status-bar theme-amber"[39m
                  [33mstyle[39m=[32m"padding: 0px 5px; display: flex; align-items: center;"[39m
                [36m>[39m
                  [36m<input[39m
                    [33mclass[39m=[32m"table-input w-100"[39m
                    [33mid[39m=[32m"commanding-officer"[39m
                    [33mmaxlength[39m=[32m"255"[39m
                    [33mplaceholder[39m=[32m"YOUR CALLSIGN"[39m
                    [33mstyle[39m=[32m"border: medium;"[39m
                    [33mtype[39m=[32m"text"[39m
                    [33mvalue[39m=[32m"CO Name"[39m
                  [36m/>[39m
                [36m</div>[39m
              [36m</div>[39m
            [36m</form>[39m
          [36m</div>[39m
          [36m<div[39m
            [33mclass[39m=[32m"overlay-footer"[39m
          [36m>[39m
            [36m<button[39m
              [33mclass[39m=[32m"mode-btn"[39m
              [33mtype[39m=[32m"button"[39m
            [36m>[39m
              [0mABORT[0m
            [36m</button>[39m
            [36m<button[39m
              [33mclass[39m=[32m"mode-btn btn-primary"[39m
              [33mtype[39m=[32m"button"[39m
            [36m>[39m
              [0mESTABLISH[0m
            [36m</button>[39m
          [36m</div>[39m
        [36m</div>[39m
      [36m</div>[39m
      [36m<span[39m
        [33mdata-floating-ui-focus-guard[39m=[32m""[39m
        [33mdata-type[39m=[32m"inside"[39m
        [33mrole[39m=[32m"button"[39m
        [33mstyle[39m=[32m"border: 0px; clip: rect(0px); height: 1px; margin: -1px; overflow: hidden; padding: 0px; position: 
fixed; white-space: nowrap; width: 1px; top: 0px; left: 0px;"[39m
        [33mtabindex[39m=[32m"0"[39m
      [36m/>[39m
    [36m</div>[39m
  [36m</div>[39m
[36m</body>[39m
 Γ¥» Object.getElementError node_modules/@testing-library/dom/dist/config.js:37:19
 Γ¥» node_modules/@testing-library/dom/dist/query-helpers.js:76:38
 Γ¥» node_modules/@testing-library/dom/dist/query-helpers.js:52:17
 Γ¥» node_modules/@testing-library/dom/dist/query-helpers.js:95:19
 Γ¥» src/tests/CreateCommandForm.test.tsx:90:28
     88|     const onCancel = vi.fn()
     89|     renderForm(vi.fn(), onCancel)
     90|     fireEvent.click(screen.getByText(/CANCEL/i))
       |                            ^
     91|     expect(onCancel).toHaveBeenCalled()
     92|   })

ΓÄ»ΓÄ»ΓÄ»ΓÄ»ΓÄ»ΓÄ»ΓÄ»ΓÄ»ΓÄ»ΓÄ»ΓÄ»ΓÄ»ΓÄ»ΓÄ»ΓÄ»ΓÄ»ΓÄ»ΓÄ»ΓÄ»ΓÄ»ΓÄ»ΓÄ»ΓÄ»[7/19]ΓÄ»

 FAIL  src/tests/DetachmentReadinessSummary.test.tsx > DetachmentReadinessSummary > renders unit type summaries with aggregated totals
TestingLibraryElementError: Found multiple elements with the text: BM

Here are the matching elements:

Ignored nodes: comments, script, style
[36m<td[39m
  [33mclass[39m=[32m"text-center"[39m
[36m>[39m
  [0mBM[0m
[36m</td>[39m

Ignored nodes: comments, script, style
[36m<td[39m
  [33mclass[39m=[32m"text-center"[39m
[36m>[39m
  [0mBM[0m
[36m</td>[39m

(If this is intentional, then use the `*AllBy*` variant of the query (like `queryAllByText`, `getAllByText`, or `findAllByText`)).

Ignored nodes: comments, script, style
[36m<body>[39m
  [36m<div>[39m
    [36m<div[39m
      [33mclass[39m=[32m"flex flex-gap-20"[39m
      [33mstyle[39m=[32m"display: grid; grid-template-columns: 1fr 1fr; gap: 15px;"[39m
    [36m>[39m
      [36m<div>[39m
        [36m<span[39m
          [33mclass[39m=[32m"restricted-text"[39m
          [33mstyle[39m=[32m"font-size: 0.6rem;"[39m
        [36m>[39m
          [0mCOMBAT UNIT READINESS[0m
        [36m</span>[39m
        [36m<table[39m
          [33mclass[39m=[32m"tactical-table sm-text"[39m
          [33mstyle[39m=[32m"margin-top: 5px; font-size: 0.7rem;"[39m
        [36m>[39m
          [36m<thead>[39m
            [36m<tr>[39m
              [36m<th[39m
                [33mclass[39m=[32m"text-center"[39m
              [36m>[39m
                [0mTYPE[0m
              [36m</th>[39m
              [36m<th[39m
                [33mclass[39m=[32m"text-center"[39m
              [36m>[39m
                [0mQTY[0m
              [36m</th>[39m
              [36m<th[39m
                [33mclass[39m=[32m"text-center"[39m
              [36m>[39m
                [0mTONS[0m
              [36m</th>[39m
              [36m<th[39m
                [33mclass[39m=[32m"text-center"[39m
              [36m>[39m
                [0mBV[0m
              [36m</th>[39m
              [36m<th[39m
                [33mclass[39m=[32m"text-center"[39m
              [36m>[39m
                [0mPV[0m
              [36m</th>[39m
            [36m</tr>[39m
          [36m</thead>[39m
          [36m<tbody>[39m
            [36m<tr>[39m
              [36m<td[39m
                [33mclass[39m=[32m"text-center"[39m
              [36m>[39m
                [0mBM[0m
              [36m</td>[39m
              [36m<td[39m
                [33mclass[39m=[32m"text-center"[39m
              [36m>[39m
                [0m2[0m
              [36m</td>[39m
              [36m<td[39m
                [33mclass[39m=[32m"text-right"[39m
              [36m>[39m
                [0m150[0m
              [36m</td>[39m
              [36m<td[39m
                [33mclass[39m=[32m"text-right"[39m
              [36m>[39m
                [0m3000[0m
              [36m</td>[39m
              [36m<td[39m
                [33mclass[39m=[32m"text-right"[39m
              [36m>[39m
                [0m45[0m
              [36m</td>[39m
            [36m</tr>[39m
            [36m<tr>[39m
              [36m<td[39m
                [33mclass[39m=[32m"text-center"[39m
              [36m>[39m
                [0mCV[0m
              [36m</td>[39m
              [36m<td[39m
                [33mclass[39m=[32m"text-center"[39m
              [36m>[39m
                [0m1[0m
              [36m</td>[39m
              [36m<td[39m
                [33mclass[39m=[32m"text-right"[39m
              [36m>[39m
                [0m200[0m
              [36m</td>[39m
              [36m<td[39m
                [33mclass[39m=[32m"text-right"[39m
              [36m>[39m
                [0m1500[0m
              [36m</td>[39m
              [36m<td[39m
                [33mclass[39m=[32m"text-right"[39m
              [36m>[39m
                [0m25[0m
              [36m</td>[39m
            [36m</tr>[39m
            [36m<tr[39m
              [33mstyle[39m=[32m"border-top: 1px dashed var(--accent-dim); font-weight: bold;"[39m
            [36m>[39m
              [36m<td[39m
                [33mclass[39m=[32m"text-center"[39m
              [36m>[39m
                [0mTTL[0m
              [36m</td>[39m
              [36m<td[39m
                [33mclass[39m=[32m"text-center"[39m
              [36m>[39m
                [0m3[0m
              [36m</td>[39m
              [36m<td[39m
                [33mclass[39m=[32m"text-right"[39m
              [36m>[39m
                [0m350[0m
              [36m</td>[39m
              [36m<td[39m
                [33mclass[39m=[32m"text-right"[39m
              [36m>[39m
                [0m4500[0m
              [36m</td>[39m
              [36m<td[39m
                [33mclass[39m=[32m"text-right"[39m
              [36m>[39m
                [0m70[0m
              [36m</td>[39m
            [36m</tr>[39m
          [36m</tbody>[39m
        [36m</table>[39m
      [36m</div>[39m
      [36m<div>[39m
        [36m<span[39m
          [33mclass[39m=[32m"restricted-text"[39m
          [33mstyle[39m=[32m"font-size: 0.6rem;"[39m
        [36m>[39m
          [0mPILOT READINESS[0m
        [36m</span>[39m
        [36m<table[39m
          [33mclass[39m=[32m"tactical-table sm-text"[39m
          [33mstyle[39m=[32m"margin-top: 5px; font-size: 0.7rem;"[39m
        [36m>[39m
          [36m<thead>[39m
            [36m<tr>[39m
              [36m<th[39m
                [33mclass[39m=[32m"text-center"[39m
              [36m>[39m
                [0mSPEC[0m
              [36m</th>[39m
              [36m<th[39m
                [33mclass[39m=[32m"text-center"[39m
              [36m>[39m
                [0mQTY[0m
              [36m</th>[39m
              [36m<th[39m
                [33mclass[39m=[32m"text-center"[39m
              [36m>[39m
                [0mAVG G/P [AS][0m
              [36m</th>[39m
              [36m<th[39m
                [33mclass[39m=[32m"text-center"[39m
              [36m>[39m
                [0mH[0m
              [36m</th>[39m
            [36m</tr>[39m
          [36m</thead>[39m
          [36m<tbody>[39m
            [36m<tr>[39m
              [36m<td[39m
                [33mclass[39m=[32m"text-center"[39m
              [36m>[39m
                [0mBM[0m
              [36m</td>[39m
              [36m<td[39m
                [33mclass[39m=[32m"text-center"[39m
              [36m>[39m
                [0m2[0m
              [36m</td>[39m
              [36m<td[39m
                [33mclass[39m=[32m"text-center"[39m
              [36m>[39m
                [0m3.5[0m
                [0m/[0m
                [0m4.5[0m
                [0m [[0m
                [0m3.5[0m
                [0m][0m
              [36m</td>[39m
              [36m<td[39m
                [33mclass[39m=[32m"text-center"[39m
              [36m>[39m
                [0m12[0m
              [36m</td>[39m
            [36m</tr>[39m
            [36m<tr>[39m
              [36m<td[39m
                [33mclass[39m=[32m"text-center"[39m
              [36m>[39m
                [0mCV[0m
              [36m</td>[39m
              [36m<td[39m
                [33mclass[39m=[32m"text-center"[39m
              [36m>[39m
                [0m1[0m
              [36m</td>[39m
              [36m<td[39m
                [33mclass[39m=[32m"text-center"[39m
              [36m>[39m
                [0m2.0[0m
                [0m/[0m
                [0m3.0[0m
                [0m [[0m
                [0m2.0[0m
                [0m][0m
              [36m</td>[39m
              [36m<td[39m
                [33mclass[39m=[32m"text-center"[39m
              [36m>[39m
                [0m28[0m
              [36m</td>[39m
            [36m</tr>[39m
            [36m<tr[39m
              [33mstyle[39m=[32m"border-top: 1px dashed var(--accent-dim); font-weight: bold;"[39m
            [36m>[39m
              [36m<td[39m
                [33mclass[39m=[32m"text-center"[39m
              [36m>[39m
                [0mTTL[0m
              [36m</td>[39m
              [36m<td[39m
                [33mclass[39m=[32m"text-center"[39m
              [36m>[39m
                [0m3[0m
              [36m</td>[39m
              [36m<td[39m
                [33mclass[39m=[32m"text-center"[39m
              [36m>[39m
                [0m---[0m
              [36m</td>[39m
              [36m<td[39m
                [33mclass[39m=[32m"text-center"[39m
              [36m>[39m
                [0m40[0m
              [36m</td>[39m
            [36m</tr>[39m
          [36m</tbody>[39m
        [36m</table>[39m
      [36m</div>[39m
    [36m</div>[39m
  [36m</div>[39m
[36m</body>[39m
 Γ¥» Object.getElementError node_modules/@testing-library/dom/dist/config.js:37:19
 Γ¥» getElementError node_modules/@testing-library/dom/dist/query-helpers.js:20:35
 Γ¥» getMultipleElementsFoundError node_modules/@testing-library/dom/dist/query-helpers.js:23:10
 Γ¥» node_modules/@testing-library/dom/dist/query-helpers.js:55:13
 Γ¥» node_modules/@testing-library/dom/dist/query-helpers.js:95:19
 Γ¥» src/tests/DetachmentReadinessSummary.test.tsx:39:19
     37|     render(<DetachmentReadinessSummary units={units} pilots={pilots} /ΓÇª
     38|     // BM: 2 units, 150 tons, 3000 bv, 45 pv, 6 sz
     39|     expect(screen.getByText('BM')).toBeTruthy()
       |                   ^
     40|     expect(screen.getByText('CV')).toBeTruthy()
     41|     expect(screen.getByText('2')).toBeTruthy() // BM count

ΓÄ»ΓÄ»ΓÄ»ΓÄ»ΓÄ»ΓÄ»ΓÄ»ΓÄ»ΓÄ»ΓÄ»ΓÄ»ΓÄ»ΓÄ»ΓÄ»ΓÄ»ΓÄ»ΓÄ»ΓÄ»ΓÄ»ΓÄ»ΓÄ»ΓÄ»ΓÄ»[8/19]ΓÄ»

 FAIL  src/tests/DetachmentReadinessSummary.test.tsx > DetachmentReadinessSummary > renders pilot spec summaries
TestingLibraryElementError: Found multiple elements with the text: BM

Here are the matching elements:

Ignored nodes: comments, script, style
[36m<td[39m
  [33mclass[39m=[32m"text-center"[39m
[36m>[39m
  [0mBM[0m
[36m</td>[39m

Ignored nodes: comments, script, style
[36m<td[39m
  [33mclass[39m=[32m"text-center"[39m
[36m>[39m
  [0mBM[0m
[36m</td>[39m

(If this is intentional, then use the `*AllBy*` variant of the query (like `queryAllByText`, `getAllByText`, or `findAllByText`)).

Ignored nodes: comments, script, style
[36m<body>[39m
  [36m<div>[39m
    [36m<div[39m
      [33mclass[39m=[32m"flex flex-gap-20"[39m
      [33mstyle[39m=[32m"display: grid; grid-template-columns: 1fr 1fr; gap: 15px;"[39m
    [36m>[39m
      [36m<div>[39m
        [36m<span[39m
          [33mclass[39m=[32m"restricted-text"[39m
          [33mstyle[39m=[32m"font-size: 0.6rem;"[39m
        [36m>[39m
          [0mCOMBAT UNIT READINESS[0m
        [36m</span>[39m
        [36m<table[39m
          [33mclass[39m=[32m"tactical-table sm-text"[39m
          [33mstyle[39m=[32m"margin-top: 5px; font-size: 0.7rem;"[39m
        [36m>[39m
          [36m<thead>[39m
            [36m<tr>[39m
              [36m<th[39m
                [33mclass[39m=[32m"text-center"[39m
              [36m>[39m
                [0mTYPE[0m
              [36m</th>[39m
              [36m<th[39m
                [33mclass[39m=[32m"text-center"[39m
              [36m>[39m
                [0mQTY[0m
              [36m</th>[39m
              [36m<th[39m
                [33mclass[39m=[32m"text-center"[39m
              [36m>[39m
                [0mTONS[0m
              [36m</th>[39m
              [36m<th[39m
                [33mclass[39m=[32m"text-center"[39m
              [36m>[39m
                [0mBV[0m
              [36m</th>[39m
              [36m<th[39m
                [33mclass[39m=[32m"text-center"[39m
              [36m>[39m
                [0mPV[0m
              [36m</th>[39m
            [36m</tr>[39m
          [36m</thead>[39m
          [36m<tbody>[39m
            [36m<tr>[39m
              [36m<td[39m
                [33mclass[39m=[32m"text-center"[39m
              [36m>[39m
                [0mBM[0m
              [36m</td>[39m
              [36m<td[39m
                [33mclass[39m=[32m"text-center"[39m
              [36m>[39m
                [0m2[0m
              [36m</td>[39m
              [36m<td[39m
                [33mclass[39m=[32m"text-right"[39m
              [36m>[39m
                [0m150[0m
              [36m</td>[39m
              [36m<td[39m
                [33mclass[39m=[32m"text-right"[39m
              [36m>[39m
                [0m3000[0m
              [36m</td>[39m
              [36m<td[39m
                [33mclass[39m=[32m"text-right"[39m
              [36m>[39m
                [0m45[0m
              [36m</td>[39m
            [36m</tr>[39m
            [36m<tr>[39m
              [36m<td[39m
                [33mclass[39m=[32m"text-center"[39m
              [36m>[39m
                [0mCV[0m
              [36m</td>[39m
              [36m<td[39m
                [33mclass[39m=[32m"text-center"[39m
              [36m>[39m
                [0m1[0m
              [36m</td>[39m
              [36m<td[39m
                [33mclass[39m=[32m"text-right"[39m
              [36m>[39m
                [0m200[0m
              [36m</td>[39m
              [36m<td[39m
                [33mclass[39m=[32m"text-right"[39m
              [36m>[39m
                [0m1500[0m
              [36m</td>[39m
              [36m<td[39m
                [33mclass[39m=[32m"text-right"[39m
              [36m>[39m
                [0m25[0m
              [36m</td>[39m
            [36m</tr>[39m
            [36m<tr[39m
              [33mstyle[39m=[32m"border-top: 1px dashed var(--accent-dim); font-weight: bold;"[39m
            [36m>[39m
              [36m<td[39m
                [33mclass[39m=[32m"text-center"[39m
              [36m>[39m
                [0mTTL[0m
              [36m</td>[39m
              [36m<td[39m
                [33mclass[39m=[32m"text-center"[39m
              [36m>[39m
                [0m3[0m
              [36m</td>[39m
              [36m<td[39m
                [33mclass[39m=[32m"text-right"[39m
              [36m>[39m
                [0m350[0m
              [36m</td>[39m
              [36m<td[39m
                [33mclass[39m=[32m"text-right"[39m
              [36m>[39m
                [0m4500[0m
              [36m</td>[39m
              [36m<td[39m
                [33mclass[39m=[32m"text-right"[39m
              [36m>[39m
                [0m70[0m
              [36m</td>[39m
            [36m</tr>[39m
          [36m</tbody>[39m
        [36m</table>[39m
      [36m</div>[39m
      [36m<div>[39m
        [36m<span[39m
          [33mclass[39m=[32m"restricted-text"[39m
          [33mstyle[39m=[32m"font-size: 0.6rem;"[39m
        [36m>[39m
          [0mPILOT READINESS[0m
        [36m</span>[39m
        [36m<table[39m
          [33mclass[39m=[32m"tactical-table sm-text"[39m
          [33mstyle[39m=[32m"margin-top: 5px; font-size: 0.7rem;"[39m
        [36m>[39m
          [36m<thead>[39m
            [36m<tr>[39m
              [36m<th[39m
                [33mclass[39m=[32m"text-center"[39m
              [36m>[39m
                [0mSPEC[0m
              [36m</th>[39m
              [36m<th[39m
                [33mclass[39m=[32m"text-center"[39m
              [36m>[39m
                [0mQTY[0m
              [36m</th>[39m
              [36m<th[39m
                [33mclass[39m=[32m"text-center"[39m
              [36m>[39m
                [0mAVG G/P [AS][0m
              [36m</th>[39m
              [36m<th[39m
                [33mclass[39m=[32m"text-center"[39m
              [36m>[39m
                [0mH[0m
              [36m</th>[39m
            [36m</tr>[39m
          [36m</thead>[39m
          [36m<tbody>[39m
            [36m<tr>[39m
              [36m<td[39m
                [33mclass[39m=[32m"text-center"[39m
              [36m>[39m
                [0mBM[0m
              [36m</td>[39m
              [36m<td[39m
                [33mclass[39m=[32m"text-center"[39m
              [36m>[39m
                [0m2[0m
              [36m</td>[39m
              [36m<td[39m
                [33mclass[39m=[32m"text-center"[39m
              [36m>[39m
                [0m3.5[0m
                [0m/[0m
                [0m4.5[0m
                [0m [[0m
                [0m3.5[0m
                [0m][0m
              [36m</td>[39m
              [36m<td[39m
                [33mclass[39m=[32m"text-center"[39m
              [36m>[39m
                [0m12[0m
              [36m</td>[39m
            [36m</tr>[39m
            [36m<tr>[39m
              [36m<td[39m
                [33mclass[39m=[32m"text-center"[39m
              [36m>[39m
                [0mCV[0m
              [36m</td>[39m
              [36m<td[39m
                [33mclass[39m=[32m"text-center"[39m
              [36m>[39m
                [0m1[0m
              [36m</td>[39m
              [36m<td[39m
                [33mclass[39m=[32m"text-center"[39m
              [36m>[39m
                [0m2.0[0m
                [0m/[0m
                [0m3.0[0m
                [0m [[0m
                [0m2.0[0m
                [0m][0m
              [36m</td>[39m
              [36m<td[39m
                [33mclass[39m=[32m"text-center"[39m
              [36m>[39m
                [0m28[0m
              [36m</td>[39m
            [36m</tr>[39m
            [36m<tr[39m
              [33mstyle[39m=[32m"border-top: 1px dashed var(--accent-dim); font-weight: bold;"[39m
            [36m>[39m
              [36m<td[39m
                [33mclass[39m=[32m"text-center"[39m
              [36m>[39m
                [0mTTL[0m
              [36m</td>[39m
              [36m<td[39m
                [33mclass[39m=[32m"text-center"[39m
              [36m>[39m
                [0m3[0m
              [36m</td>[39m
              [36m<td[39m
                [33mclass[39m=[32m"text-center"[39m
              [36m>[39m
                [0m---[0m
              [36m</td>[39m
              [36m<td[39m
                [33mclass[39m=[32m"text-center"[39m
              [36m>[39m
                [0m40[0m
              [36m</td>[39m
            [36m</tr>[39m
          [36m</tbody>[39m
        [36m</table>[39m
      [36m</div>[39m
    [36m</div>[39m
  [36m</div>[39m
[36m</body>[39m
 Γ¥» Object.getElementError node_modules/@testing-library/dom/dist/config.js:37:19
 Γ¥» getElementError node_modules/@testing-library/dom/dist/query-helpers.js:20:35
 Γ¥» getMultipleElementsFoundError node_modules/@testing-library/dom/dist/query-helpers.js:23:10
 Γ¥» node_modules/@testing-library/dom/dist/query-helpers.js:55:13
 Γ¥» node_modules/@testing-library/dom/dist/query-helpers.js:95:19
 Γ¥» src/tests/DetachmentReadinessSummary.test.tsx:47:19
     45|   it('renders pilot spec summaries', () => {
     46|     render(<DetachmentReadinessSummary units={units} pilots={pilots} /ΓÇª
     47|     expect(screen.getByText('BM')).toBeTruthy()
       |                   ^
     48|     expect(screen.getByText('CV')).toBeTruthy()
     49|   })

ΓÄ»ΓÄ»ΓÄ»ΓÄ»ΓÄ»ΓÄ»ΓÄ»ΓÄ»ΓÄ»ΓÄ»ΓÄ»ΓÄ»ΓÄ»ΓÄ»ΓÄ»ΓÄ»ΓÄ»ΓÄ»ΓÄ»ΓÄ»ΓÄ»ΓÄ»ΓÄ»[9/19]ΓÄ»

 FAIL  src/tests/financialUtils.test.ts > calculatePilotFinancials > BATTLE support => zero mercenary cost
AssertionError: expected -0 to be +0 // Object.is equality

[32m- Expected[39m
[31m+ Received[39m

[32m- 0[39m
[31m+ -0[39m

 Γ¥» src/tests/financialUtils.test.ts:37:35
     35|     expect(r.rawMedicalCost).toBe(90)
     36|     expect(r.mercenaryCost).toBe(0)
     37|     expect(r.mercenaryCostSigned).toBe(0)
       |                                   ^
     38|     expect(r.supportType).toBe('BATTLE')
     39|   })

ΓÄ»ΓÄ»ΓÄ»ΓÄ»ΓÄ»ΓÄ»ΓÄ»ΓÄ»ΓÄ»ΓÄ»ΓÄ»ΓÄ»ΓÄ»ΓÄ»ΓÄ»ΓÄ»ΓÄ»ΓÄ»ΓÄ»ΓÄ»ΓÄ»ΓÄ»[10/19]ΓÄ»

 FAIL  src/tests/Login.test.tsx > Login Component > redirects to the OAuth2 authorization endpoint on click
Error: The property "href" is not defined on the object.
 Γ¥» src/tests/Login.test.tsx:36:24
     34|
     35|   it('redirects to the OAuth2 authorization endpoint on click', () => {
     36|     const hrefSpy = vi.spyOn(window.Location.prototype, 'href', 'set')
       |                        ^
     37|     render(<Login />)
     38|     const button = screen.getByRole('button', { name: /login with googΓÇª

ΓÄ»ΓÄ»ΓÄ»ΓÄ»ΓÄ»ΓÄ»ΓÄ»ΓÄ»ΓÄ»ΓÄ»ΓÄ»ΓÄ»ΓÄ»ΓÄ»ΓÄ»ΓÄ»ΓÄ»ΓÄ»ΓÄ»ΓÄ»ΓÄ»ΓÄ»[11/19]ΓÄ»

 FAIL  src/tests/MarketDashboard.test.tsx > MarketDashboard > renders market tabs and the scrapper draw button
TestingLibraryElementError: Unable to find an element with the text: /DRAW FROM THE SCRAP HEAP/i. This could be because the text is 
broken up by multiple elements. In this case, you can provide a function for your text matcher to make your matcher more flexible.

Ignored nodes: comments, script, style
[36m<body[39m
  [33mstyle[39m=[32m"overflow: hidden; --floating-ui-scrollbar-width: 1024px; padding-right: 1024px;"[39m
[36m>[39m
  [36m<div[39m
    [33maria-hidden[39m=[32m"true"[39m
    [33mdata-floating-ui-inert[39m=[32m""[39m
  [36m/>[39m
  [36m<div[39m
    [33mdata-floating-ui-portal[39m=[32m""[39m
    [33mid[39m=[32m"_r_2_"[39m
  [36m>[39m
    [36m<div[39m
      [33mclass[39m=[32m"terminal-overlay-backdrop "[39m
      [33mstyle[39m=[32m"position: fixed; overflow: auto; top: 0px; right: 0px; bottom: 0px; left: 0px; z-index: 9999; display: 
grid; place-items: center; background-color: rgba(0, 0, 0, 0.97);"[39m
    [36m>[39m
      [36m<span[39m
        [33mdata-floating-ui-focus-guard[39m=[32m""[39m
        [33mdata-type[39m=[32m"inside"[39m
        [33mrole[39m=[32m"button"[39m
        [33mstyle[39m=[32m"border: 0px; clip: rect(0px); height: 1px; margin: -1px; overflow: hidden; padding: 0px; position: 
fixed; white-space: nowrap; width: 1px; top: 0px; left: 0px;"[39m
        [33mtabindex[39m=[32m"0"[39m
      [36m/>[39m
      [36m<div[39m
        [33mclass[39m=[32m"terminal-overlay-panel "[39m
        [33mdata-floating-ui-focusable[39m=[32m""[39m
        [33mid[39m=[32m"_r_0_"[39m
        [33mrole[39m=[32m"dialog"[39m
        [33mtabindex[39m=[32m"-1"[39m
      [36m>[39m
        [36m<div[39m
          [33mclass[39m=[32m"overlay-header"[39m
        [36m>[39m
          [36m<div[39m
            [33mclass[39m=[32m"flex-between w-100"[39m
          [36m>[39m
            [36m<span>[39m
              [36m<span[39m
                [33mclass[39m=[32m"blink-fast"[39m
              [36m>[39m
                [0mΓû╢[0m
              [36m</span>[39m
              [0m [0m
              [0m[ THEATER MARKET ][0m
            [36m</span>[39m
          [36m</div>[39m
        [36m</div>[39m
        [36m<div[39m
          [33mstyle[39m=[32m"border: 1px solid var(--terminal-border); margin: 0px 10px 10px; padding: 15px; background-color: 
rgba(0, 0, 0, 0.4);"[39m
        [36m>[39m
          [36m<div[39m
            [33mclass[39m=[32m"overlay-body"[39m
          [36m>[39m
            [36m<p[39m
              [33mclass[39m=[32m"mb-10"[39m
            [36m/>[39m
            [36m<div[39m
              [33maria-hidden[39m=[32m"true"[39m
              [33mclass[39m=[32m"market-background-overlay"[39m
              [33mstyle[39m=[32m"position: absolute; top: 0px; left: 0px; width: 100%; height: 100%; pointer-events: none; 
z-index: -1; border-radius: inherit; overflow: hidden;"[39m
            [36m>[39m
              [36m<div[39m
                [33mclass[39m=[32m"market-overlay"[39m
                [33mstyle[39m=[32m"position: absolute; top: 0px; left: 0px; width: 100%; height: 100%; background-image: 
url(\"/market_showroom.png\"); background-size: cover; background-repeat: no-repeat; background-position: center center; opacity: 
0.35;"[39m
              [36m/>[39m
              [36m<div[39m
                [33mclass[39m=[32m"intercept-scroll"[39m
                [33mstyle[39m=[32m"position: absolute; top: 20px; left: 20px; width: 400px; font-family: monospace; font-size: 
0.7rem; color: var(--terminal-amber); display: flex; flex-direction: column; gap: 15px; animation: scroll-intel 0s linear infinite; 
white-space: normal; text-transform: uppercase; opacity: 0.15; mask-image: linear-gradient(to bottom, black, transparent);"[39m
              [36m>[39m
                [36m<div[39m
                  [33mclass[39m=[32m"intercept-line"[39m
                  [33mstyle[39m=[32m"padding-left: 1.5rem; text-indent: -1.5rem;"[39m
                [36m>[39m
                  [0m[MARKET] BLACK MARKET :: FELL OFF A JUMPSHIP SPREAD: 4X DEFACED MARAUDER MAD-3R RIGHT ARM ASSEMBLIES. 400K 
OBO.[0m
                [36m</div>[39m
                [36m<div[39m
                  [33mclass[39m=[32m"intercept-line"[39m
                  [33mstyle[39m=[32m"padding-left: 1.5rem; text-indent: -1.5rem;"[39m
                [36m>[39m
                  [0m[MARKET] EMPLOYER FEED :: PERSEUS WAR MEMORIAL FUND OFFERING BENEVOLENT MECH LEASE. SEE DETAILS.[0m
                [36m</div>[39m
                [36m<div[39m
                  [33mclass[39m=[32m"intercept-line"[39m
                  [33mstyle[39m=[32m"padding-left: 1.5rem; text-indent: -1.5rem;"[39m
                [36m>[39m
                  [0m[STATUS] MERCENARY REVIEW :: MRBC RATING ADJUSTMENT COMMENCING FOR LOCAL OUTFITS. ENSURE LOGS ARE CURRENT.[0m
                [36m</div>[39m
                [36m<div[39m
                  [33mclass[39m=[32m"intercept-line"[39m
                  [33mstyle[39m=[32m"padding-left: 1.5rem; text-indent: -1.5rem;"[39m
                [36m>[39m
                  [0m[LOGISTICS] FLIGHT DECK :: DROPMASTER WARNS OVER-TONNAGE LANCES WILL INCUR DOUBLE FUEL SURCHARGES THIS JUMP.[0m
                [36m</div>[39m
                [36m<div[39m
                  [33mclass[39m=[32m"intercept-line"[39m
                  [33mstyle[39m=[32m"padding-left: 1.5rem; text-indent: -1.5rem;"[39m
                [36m>[39m
                  [0m[ALERT] MARKET WATCH :: TECH BASE 5+ MECHS IN HIGH DEMAND. PRICES RISING.[0m
                [36m</div>[39m
                [36m<div[39m
                  [33mclass[39m=[32m"intercept-line"[39m
                  [33mstyle[39m=[32m"padding-left: 1.5rem; text-indent: -1.5rem;"[39m
                [36m>[39m
                  [0m[MARKET] OUTRIDER HUB :: LOCUST LCT-1V. ENGINE RE-RATED FOR SCOUT SPEEDS. CHEAP. 190K C-BILLS.[0m
                [36m</div>[39m
                [36m<div[39m
                  [33mclass[39m=[32m"intercept-line"[39m
                  [33mstyle[39m=[32m"padding-left: 1.5rem; text-indent: -1.5rem;"[39m
                [36m>[39m
                  [0m[MARKET] FREEPORT DELTA :: CATAPHRACT CM-11K LISTED AT 650K C-BILLS. SELLER: HOUSE MARCUS.[0m
                [36m</div>[39m
                [36m<div[39m
                  [33mclass[39m=[32m"intercept-line"[39m
                  [33mstyle[39m=[32m"padding-left: 1.5rem; text-indent: -1.5rem;"[39m
                [36m>[39m
                  [0m[LOGISTICS] SUPPLY RUN :: SHIPMENT OF AC/20 SHELLS DELAYED. EXPECT 72-HOUR HOLD.[0m
                [36m</div>[39m
                [36m<div[39m
                  [33mclass[39m=[32m"intercept-line"[39m
                  [33mstyle[39m=[32m"padding-left: 1.5rem; text-indent: -1.5rem;"[39m
                [36m>[39m
                  [0m[MARKET] FREEPORT DELTA :: SHADOW HAWK SH-HBK-4H. LOW HOURS, HIGH CONDITION. 420K.[0m
                [36m</div>[39m
                [36m<div[39m
                  [33mclass[39m=[32m"intercept-line"[39m
                  [33mstyle[39m=[32m"padding-left: 1.5rem;...
 Γ¥» Object.getElementError node_modules/@testing-library/dom/dist/config.js:37:19
 Γ¥» node_modules/@testing-library/dom/dist/query-helpers.js:76:38
 Γ¥» node_modules/@testing-library/dom/dist/query-helpers.js:52:17
 Γ¥» node_modules/@testing-library/dom/dist/query-helpers.js:95:19
 Γ¥» src/tests/MarketDashboard.test.tsx:45:19
     43|     expect(screen.getByText(/FREE MARKET/i)).toBeTruthy()
     44|     expect(screen.getByText(/DCMS/)).toBeTruthy()
     45|     expect(screen.getByText(/DRAW FROM THE SCRAP HEAP/i)).toBeTruthy()
       |                   ^
     46|   })
     47|

ΓÄ»ΓÄ»ΓÄ»ΓÄ»ΓÄ»ΓÄ»ΓÄ»ΓÄ»ΓÄ»ΓÄ»ΓÄ»ΓÄ»ΓÄ»ΓÄ»ΓÄ»ΓÄ»ΓÄ»ΓÄ»ΓÄ»ΓÄ»ΓÄ»ΓÄ»[12/19]ΓÄ»

 FAIL  src/tests/MyDeploymentsList.test.tsx > MyDeploymentsList > calls onSelectDetachment when a deployment is clicked
AssertionError: expected "vi.fn()" to be called with arguments: [ ObjectContaining{ΓÇª} ][90m

Received:

[1m  1st vi.fn() call:

[22m[2m  [[22m
[32m-   ObjectContaining {[90m
[32m-     "id": "det-1",[90m
[31m+   {[90m
[31m+     "id": "deployment-det-1",[90m
[31m+     "label": "Wolf's Dragoons - Alpha Lance",[90m
[31m+     "metadata": {[90m
[31m+       "campaignId": "camp-1",[90m
[31m+       "commandId": "cmd-1",[90m
[31m+       "detachmentId": "det-1",[90m
[31m+     },[90m
[2m      "type": "DETACHMENT",[22m
[2m    },[22m
[2m  ][22m
[39m[90m

Number of calls: [1m1[22m
[39m
 Γ¥» src/tests/MyDeploymentsList.test.tsx:55:22
     53|     render(<MyDeploymentsList commands={[cmd]} onSelectDetachment={onSΓÇª
     54|     fireEvent.click(screen.getByText('Alpha Lance'))
     55|     expect(onSelect).toHaveBeenCalledWith(
       |                      ^
     56|       expect.objectContaining({ id: 'det-1', type: 'DETACHMENT' }),
     57|     )

ΓÄ»ΓÄ»ΓÄ»ΓÄ»ΓÄ»ΓÄ»ΓÄ»ΓÄ»ΓÄ»ΓÄ»ΓÄ»ΓÄ»ΓÄ»ΓÄ»ΓÄ»ΓÄ»ΓÄ»ΓÄ»ΓÄ»ΓÄ»ΓÄ»ΓÄ»[13/19]ΓÄ»

 FAIL  src/tests/NavigationTree.test.tsx > NavigationTree > renders root and expanded children
TestingLibraryElementError: Unable to find an element with the text: Alpha Lance. This could be because the text is broken up by 
multiple elements. In this case, you can provide a function for your text matcher to make your matcher more flexible.

Ignored nodes: comments, script, style
[36m<body>[39m
  [36m<div>[39m
    [36m<div[39m
      [33mstyle[39m=[32m"padding: 0px 10px;"[39m
    [36m>[39m
      [36m<div[39m
        [33mclass[39m=[32m"tree-node-wrapper"[39m
      [36m>[39m
        [36m<div[39m
          [33mclass[39m=[32m"tree-node  root-node"[39m
          [33mtitle[39m=[32m"My Commands"[39m
        [36m>[39m
          [36m<span[39m
            [33mclass[39m=[32m"toggle-arrow open"[39m
          [36m>[39m
            [0mΓû╢[0m
          [36m</span>[39m
          [36m<span[39m
            [33mclass[39m=[32m"label type-root"[39m
          [36m>[39m
            [0mMy Commands[0m
          [36m</span>[39m
        [36m</div>[39m
        [36m<div[39m
          [33mclass[39m=[32m"children-container"[39m
        [36m>[39m
          [36m<div[39m
            [33mclass[39m=[32m"tree-node-wrapper"[39m
          [36m>[39m
            [36m<div[39m
              [33mclass[39m=[32m"tree-node  "[39m
              [33mtitle[39m=[32m"Wolf's Dragoons"[39m
            [36m>[39m
              [36m<span[39m
                [33mclass[39m=[32m"toggle-arrow "[39m
              [36m>[39m
                [0mΓû╢[0m
              [36m</span>[39m
              [36m<span[39m
                [33mclass[39m=[32m"node-icon"[39m
              [36m>[39m
                [36m<svg[39m
                  [33mfill[39m=[32m"none"[39m
                  [33mheight[39m=[32m"12"[39m
                  [33mstroke[39m=[32m"currentColor"[39m
                  [33mstroke-linecap[39m=[32m"round"[39m
                  [33mstroke-linejoin[39m=[32m"round"[39m
                  [33mstroke-width[39m=[32m"2.5"[39m
                  [33mviewBox[39m=[32m"0 0 24 24"[39m
                  [33mwidth[39m=[32m"12"[39m
                [36m>[39m
                  [36m<path[39m
                    [33md[39m=[32m"M12 22s8-4 8-10V5l-8-3-8 3v7c0 6 8 10 8 10z"[39m
                  [36m/>[39m
                [36m</svg>[39m
              [36m</span>[39m
              [36m<span[39m
                [33mclass[39m=[32m"label type-command"[39m
              [36m>[39m
                [0mWolf's Dragoons[0m
              [36m</span>[39m
            [36m</div>[39m
          [36m</div>[39m
        [36m</div>[39m
      [36m</div>[39m
    [36m</div>[39m
  [36m</div>[39m
[36m</body>[39m
 Γ¥» Object.getElementError node_modules/@testing-library/dom/dist/config.js:37:19
 Γ¥» node_modules/@testing-library/dom/dist/query-helpers.js:76:38
 Γ¥» node_modules/@testing-library/dom/dist/query-helpers.js:52:17
 Γ¥» node_modules/@testing-library/dom/dist/query-helpers.js:95:19
 Γ¥» src/tests/NavigationTree.test.tsx:47:19
     45|     expect(screen.getByText('My Commands')).toBeTruthy()
     46|     expect(screen.getByText("Wolf's Dragoons")).toBeTruthy()
     47|     expect(screen.getByText('Alpha Lance')).toBeTruthy()
       |                   ^
     48|     expect(screen.getByText('Beta Lance')).toBeTruthy()
     49|   })

ΓÄ»ΓÄ»ΓÄ»ΓÄ»ΓÄ»ΓÄ»ΓÄ»ΓÄ»ΓÄ»ΓÄ»ΓÄ»ΓÄ»ΓÄ»ΓÄ»ΓÄ»ΓÄ»ΓÄ»ΓÄ»ΓÄ»ΓÄ»ΓÄ»ΓÄ»[14/19]ΓÄ»

 FAIL  src/tests/NavigationTree.test.tsx > NavigationTree > calls onSelect when a node is clicked
TestingLibraryElementError: Unable to find an element with the text: Alpha Lance. This could be because the text is broken up by 
multiple elements. In this case, you can provide a function for your text matcher to make your matcher more flexible.

Ignored nodes: comments, script, style
[36m<body>[39m
  [36m<div>[39m
    [36m<div[39m
      [33mstyle[39m=[32m"padding: 0px 10px;"[39m
    [36m>[39m
      [36m<div[39m
        [33mclass[39m=[32m"tree-node-wrapper"[39m
      [36m>[39m
        [36m<div[39m
          [33mclass[39m=[32m"tree-node  root-node"[39m
          [33mtitle[39m=[32m"My Commands"[39m
        [36m>[39m
          [36m<span[39m
            [33mclass[39m=[32m"toggle-arrow open"[39m
          [36m>[39m
            [0mΓû╢[0m
          [36m</span>[39m
          [36m<span[39m
            [33mclass[39m=[32m"label type-root"[39m
          [36m>[39m
            [0mMy Commands[0m
          [36m</span>[39m
        [36m</div>[39m
        [36m<div[39m
          [33mclass[39m=[32m"children-container"[39m
        [36m>[39m
          [36m<div[39m
            [33mclass[39m=[32m"tree-node-wrapper"[39m
          [36m>[39m
            [36m<div[39m
              [33mclass[39m=[32m"tree-node  "[39m
              [33mtitle[39m=[32m"Wolf's Dragoons"[39m
            [36m>[39m
              [36m<span[39m
                [33mclass[39m=[32m"toggle-arrow "[39m
              [36m>[39m
                [0mΓû╢[0m
              [36m</span>[39m
              [36m<span[39m
                [33mclass[39m=[32m"node-icon"[39m
              [36m>[39m
                [36m<svg[39m
                  [33mfill[39m=[32m"none"[39m
                  [33mheight[39m=[32m"12"[39m
                  [33mstroke[39m=[32m"currentColor"[39m
                  [33mstroke-linecap[39m=[32m"round"[39m
                  [33mstroke-linejoin[39m=[32m"round"[39m
                  [33mstroke-width[39m=[32m"2.5"[39m
                  [33mviewBox[39m=[32m"0 0 24 24"[39m
                  [33mwidth[39m=[32m"12"[39m
                [36m>[39m
                  [36m<path[39m
                    [33md[39m=[32m"M12 22s8-4 8-10V5l-8-3-8 3v7c0 6 8 10 8 10z"[39m
                  [36m/>[39m
                [36m</svg>[39m
              [36m</span>[39m
              [36m<span[39m
                [33mclass[39m=[32m"label type-command"[39m
              [36m>[39m
                [0mWolf's Dragoons[0m
              [36m</span>[39m
            [36m</div>[39m
          [36m</div>[39m
        [36m</div>[39m
      [36m</div>[39m
    [36m</div>[39m
  [36m</div>[39m
[36m</body>[39m
 Γ¥» Object.getElementError node_modules/@testing-library/dom/dist/config.js:37:19
 Γ¥» node_modules/@testing-library/dom/dist/query-helpers.js:76:38
 Γ¥» node_modules/@testing-library/dom/dist/query-helpers.js:52:17
 Γ¥» node_modules/@testing-library/dom/dist/query-helpers.js:95:19
 Γ¥» src/tests/NavigationTree.test.tsx:71:28
     69|     const onSelect = vi.fn()
     70|     render(<NavigationTree data={tree} onSelect={onSelect} />)
     71|     fireEvent.click(screen.getByText('Alpha Lance'))
       |                            ^
     72|     expect(onSelect).toHaveBeenCalledWith(
     73|       expect.objectContaining({ id: 'det-1', type: 'DETACHMENT' }),

ΓÄ»ΓÄ»ΓÄ»ΓÄ»ΓÄ»ΓÄ»ΓÄ»ΓÄ»ΓÄ»ΓÄ»ΓÄ»ΓÄ»ΓÄ»ΓÄ»ΓÄ»ΓÄ»ΓÄ»ΓÄ»ΓÄ»ΓÄ»ΓÄ»ΓÄ»[15/19]ΓÄ»

 FAIL  src/tests/NavigationTree.test.tsx > NavigationTree > highlights the selected node
TestingLibraryElementError: Unable to find an element with the text: Alpha Lance. This could be because the text is broken up by 
multiple elements. In this case, you can provide a function for your text matcher to make your matcher more flexible.

Ignored nodes: comments, script, style
[36m<body>[39m
  [36m<div>[39m
    [36m<div[39m
      [33mstyle[39m=[32m"padding: 0px 10px;"[39m
    [36m>[39m
      [36m<div[39m
        [33mclass[39m=[32m"tree-node-wrapper"[39m
      [36m>[39m
        [36m<div[39m
          [33mclass[39m=[32m"tree-node  root-node"[39m
          [33mtitle[39m=[32m"My Commands"[39m
        [36m>[39m
          [36m<span[39m
            [33mclass[39m=[32m"toggle-arrow open"[39m
          [36m>[39m
            [0mΓû╢[0m
          [36m</span>[39m
          [36m<span[39m
            [33mclass[39m=[32m"label type-root"[39m
          [36m>[39m
            [0mMy Commands[0m
          [36m</span>[39m
        [36m</div>[39m
        [36m<div[39m
          [33mclass[39m=[32m"children-container"[39m
        [36m>[39m
          [36m<div[39m
            [33mclass[39m=[32m"tree-node-wrapper"[39m
          [36m>[39m
            [36m<div[39m
              [33mclass[39m=[32m"tree-node  "[39m
              [33mtitle[39m=[32m"Wolf's Dragoons"[39m
            [36m>[39m
              [36m<span[39m
                [33mclass[39m=[32m"toggle-arrow "[39m
              [36m>[39m
                [0mΓû╢[0m
              [36m</span>[39m
              [36m<span[39m
                [33mclass[39m=[32m"node-icon"[39m
              [36m>[39m
                [36m<svg[39m
                  [33mfill[39m=[32m"none"[39m
                  [33mheight[39m=[32m"12"[39m
                  [33mstroke[39m=[32m"currentColor"[39m
                  [33mstroke-linecap[39m=[32m"round"[39m
                  [33mstroke-linejoin[39m=[32m"round"[39m
                  [33mstroke-width[39m=[32m"2.5"[39m
                  [33mviewBox[39m=[32m"0 0 24 24"[39m
                  [33mwidth[39m=[32m"12"[39m
                [36m>[39m
                  [36m<path[39m
                    [33md[39m=[32m"M12 22s8-4 8-10V5l-8-3-8 3v7c0 6 8 10 8 10z"[39m
                  [36m/>[39m
                [36m</svg>[39m
              [36m</span>[39m
              [36m<span[39m
                [33mclass[39m=[32m"label type-command"[39m
              [36m>[39m
                [0mWolf's Dragoons[0m
              [36m</span>[39m
            [36m</div>[39m
          [36m</div>[39m
        [36m</div>[39m
      [36m</div>[39m
    [36m</div>[39m
  [36m</div>[39m
[36m</body>[39m
 Γ¥» Object.getElementError node_modules/@testing-library/dom/dist/config.js:37:19
 Γ¥» node_modules/@testing-library/dom/dist/query-helpers.js:76:38
 Γ¥» node_modules/@testing-library/dom/dist/query-helpers.js:52:17
 Γ¥» node_modules/@testing-library/dom/dist/query-helpers.js:95:19
 Γ¥» src/tests/NavigationTree.test.tsx:79:25
     77|   it('highlights the selected node', () => {
     78|     render(<NavigationTree data={tree} onSelect={() => {}} selectedId=ΓÇª
     79|     const node = screen.getByText('Alpha Lance').closest('.tree-node')
       |                         ^
     80|     expect(node?.className).toContain('selected')
     81|   })

ΓÄ»ΓÄ»ΓÄ»ΓÄ»ΓÄ»ΓÄ»ΓÄ»ΓÄ»ΓÄ»ΓÄ»ΓÄ»ΓÄ»ΓÄ»ΓÄ»ΓÄ»ΓÄ»ΓÄ»ΓÄ»ΓÄ»ΓÄ»ΓÄ»ΓÄ»[16/19]ΓÄ»

 FAIL  src/tests/RecruitmentOverlay.test.tsx > RecruitmentOverlay > renders the recruitment protocol title
TestingLibraryElementError: Found multiple elements with the text: /RECRUITMENT PROTOCOL/i

Here are the matching elements:

Ignored nodes: comments, script, style
[36m<span>[39m
  [36m<span[39m
    [33mclass[39m=[32m"blink-fast"[39m
  [36m>[39m
    [0mΓû╢[0m
  [36m</span>[39m
  [0m [0m
  [0mRECRUITMENT PROTOCOL[0m
[36m</span>[39m

Ignored nodes: comments, script, style
[36m<div[39m
  [33mclass[39m=[32m"intercept-line"[39m
  [33mstyle[39m=[32m"padding-left: 1.5rem; text-indent: -1.5rem;"[39m
[36m>[39m
  [0m[INTERCEPT] - BONDING COMMISSION: NEW RECRUITMENT PROTOCOLS IN EFFECT. ENSURE ALL COMMANDS ARE REGISTERED.[0m
[36m</div>[39m

Ignored nodes: comments, script, style
[36m<div[39m
  [33mclass[39m=[32m"intercept-line"[39m
  [33mstyle[39m=[32m"padding-left: 1.5rem; text-indent: -1.5rem;"[39m
[36m>[39m
  [0m[INTERCEPT] - BONDING COMMISSION: NEW RECRUITMENT PROTOCOLS IN EFFECT. ENSURE ALL COMMANDS ARE REGISTERED.[0m
[36m</div>[39m

(If this is intentional, then use the `*AllBy*` variant of the query (like `queryAllByText`, `getAllByText`, or `findAllByText`)).

Ignored nodes: comments, script, style
[36m<body[39m
  [33mstyle[39m=[32m"overflow: hidden; --floating-ui-scrollbar-width: 1024px; padding-right: 1024px;"[39m
[36m>[39m
  [36m<div[39m
    [33maria-hidden[39m=[32m"true"[39m
    [33mdata-floating-ui-inert[39m=[32m""[39m
  [36m/>[39m
  [36m<div[39m
    [33mdata-floating-ui-portal[39m=[32m""[39m
    [33mid[39m=[32m"_r_2_"[39m
  [36m>[39m
    [36m<div[39m
      [33mclass[39m=[32m"terminal-overlay-backdrop theme-amber"[39m
      [33mstyle[39m=[32m"position: fixed; overflow: auto; top: 0px; right: 0px; bottom: 0px; left: 0px; z-index: 9999; display: 
grid; place-items: center; background-color: rgba(0, 0, 0, 0.97);"[39m
    [36m>[39m
      [36m<span[39m
        [33mdata-floating-ui-focus-guard[39m=[32m""[39m
        [33mdata-type[39m=[32m"inside"[39m
        [33mrole[39m=[32m"button"[39m
        [33mstyle[39m=[32m"border: 0px; clip: rect(0px); height: 1px; margin: -1px; overflow: hidden; padding: 0px; position: 
fixed; white-space: nowrap; width: 1px; top: 0px; left: 0px;"[39m
        [33mtabindex[39m=[32m"0"[39m
      [36m/>[39m
      [36m<div[39m
        [33mclass[39m=[32m"terminal-overlay-panel "[39m
        [33mdata-floating-ui-focusable[39m=[32m""[39m
        [33mid[39m=[32m"_r_0_"[39m
        [33mrole[39m=[32m"dialog"[39m
        [33mtabindex[39m=[32m"-1"[39m
      [36m>[39m
        [36m<div[39m
          [33mclass[39m=[32m"overlay-header"[39m
        [36m>[39m
          [36m<div[39m
            [33mclass[39m=[32m"flex-between w-100"[39m
          [36m>[39m
            [36m<span>[39m
              [36m<span[39m
                [33mclass[39m=[32m"blink-fast"[39m
              [36m>[39m
                [0mΓû╢[0m
              [36m</span>[39m
              [0m [0m
              [0mRECRUITMENT PROTOCOL[0m
            [36m</span>[39m
          [36m</div>[39m
        [36m</div>[39m
        [36m<div[39m
          [33mstyle[39m=[32m"border: 1px solid var(--terminal-border); margin: 0px 10px 10px; padding: 15px; background-color: 
rgba(0, 0, 0, 0.4);"[39m
        [36m>[39m
          [36m<div[39m
            [33mclass[39m=[32m"overlay-body"[39m
          [36m>[39m
            [36m<p[39m
              [33mclass[39m=[32m"mb-10"[39m
            [36m>[39m
              [0mMANAGE THEATER INVITATION KEYS[0m
            [36m</p>[39m
            [36m<div[39m
              [33maria-hidden[39m=[32m"true"[39m
              [33mclass[39m=[32m"recruitment-background-overlay"[39m
              [33mstyle[39m=[32m"position: absolute; top: 0px; left: 0px; width: 100%; height: 100%; pointer-events: none; 
z-index: -1; border-radius: inherit; overflow: hidden;"[39m
            [36m>[39m
              [36m<div[39m
                [33mclass[39m=[32m"poster-overlay"[39m
                [33mstyle[39m=[32m"position: absolute; top: 0px; left: 0px; width: 100%; height: 100%; background-image: 
url(\"/recruiting_poster.png\"); background-size: cover; background-repeat: no-repeat; background-position: center center; opacity: 
0.15;"[39m
              [36m/>[39m
              [36m<div[39m
                [33mclass[39m=[32m"intercept-scroll"[39m
                [33mstyle[39m=[32m"position: absolute; top: 20px; left: 20px; width: 500px; font-family: monospace; font-size: 
0.7rem; color: var(--terminal-amber); display: flex; flex-direction: column; gap: 15px; animation: scroll-intel 0s linear infinite; 
white-space: normal; text-transform: uppercase; opacity: 0.15; mask-image: linear-gradient(to bottom, black, transparent);"[39m
              [36m>[39m
                [36m<div[39m
                  [33mclass[39m=[32m"intercept-line"[39m
                  [33mstyle[39m=[32m"padding-left: 1.5rem; text-indent: -1.5rem;"[39m
                [36m>[39m
                  [0m[DATA] - RECRUITMENT BONUS: EARN AN EXTRA 10% ON ALL SALVAGE CLAIMS IF YOU SIGN A 12-MONTH CONTRACT.[0m
                [36m</div>[39m
                [36m<div[39m
                  [33mclass[39m=[32m"intercept-line"[39m
                  [33mstyle[39m=[32m"padding-left: 1.5rem; text-indent: -1.5rem;"[39m
                [36m>[39m
                  [0m[rumor] - RECRUITMENT: 'THE NORTHWIND HIGHLANDERS' ARE SEEKING EXPERIENCED TECHS FOR LONG-TERM DEPLOYMENTS.[0m
                [36m</div>[39m
                [36m<div[39m
                  [33mclass[39m=[32m"intercept-line"[39m
                  [33mstyle[39m=[32m"padding-left: 1.5rem; text-indent: -1.5rem;"[39m
                [36m>[39m
                  [0m[rumor] - TRYOUTS FOR THE 'WOLF'S DRAGOONS' AUXILIARY UNIT COMMENCING ON OUTREACH NEXT MONTH.[0m
                [36m</div>[39m
                [36m<div[39m
                  [33mclass[39m=[32m"intercept-line"[39m
                  [33mstyle[39m=[32m"padding-left: 1.5rem; text-indent: -1.5rem;"[39m
                [36m>[39m
                  [0m[NOTICE] - COMBAT ACADEMY: ENROLL IN THE 'ALPHA STRIKE' PILOTING COURSE AND EARN A BONUS TO YOUR AS SKILL.[0m
                [36m</div>[39m
                [36m<div[39m
                  [33mclass[39m=[32m"intercept-line"[39m
                  [33mstyle[39m=[32m"padding-left: 1.5rem; text-indent: -1.5rem;"[39m
                [36m>[39m
                  [0m[SIGNAL] - TRYOUTS: 'THE BLACK WIDOW COMPANY' IS RECRUITING. ONLY THE BEST NEED APPLY.[0m
                [36m</div>[39m
                [36m<div[39m
                  [33mclass[39m=[32m"intercept-line"[39m
                  [33mstyle[39m=[32m"padding-left: 1.5rem; text-indent: -1.5rem;"[39m
                [36m>[39m
                  [0m[SIGNAL] - TRYOUTS: 'HOUSE KURITA' IS EVALUATING NEW MERCENARY UNITS FOR THE FRONTIER DISTRICTS.[0m
                [36m</div>[39m
                [36m<div[39m
                  [33mclass[39m=[32m"intercept-line"[39m
                  [33mstyle[39m=[32m"padding-left: 1.5rem; text-indent: -1.5rem;"[39m
                [36m>[39m
                  [0m[NOTICE] - NAGELRING COMBAT ACADEMY: NOW ACCEPTING APPLICATIONS FOR THE 3052 SEMESTER.[0m
                [36m</div>[39m
                [36m<div[39m
                  [33mclass[39m=[32m"intercept-line"[39m
                  [33mstyle[39m=[32m"padding-left: 1.5rem; text-indent: -1.5rem;"[39m
                [36m>[39m
                  [0m[DATA] - FINANCIAL OPPORTUNITY: HIGH-STAKES DEFENSE CONTRACT ON HESPERUS II. REPUTATION REQUIREMENT: 
VETERAN.[0m
                [36m</div>[39m
                [36m<div[39m
                  [33mclass[39m=[32m"intercept-line"[39m
                  [33mstyle[39m=[32m"padding-left: 1.5rem; text-indent: -1.5rem;"[39m
                [36m>[39m
                  [0m[INTERCEPT] - ACADEMY NEWS: 'NEW AVALON INSTITUTE OF SCIENCE' OPENS NEW BATTLEMECH RESEARCH LABS.[0m
                [36m</div>[39m
              ...
 Γ¥» Object.getElementError node_modules/@testing-library/dom/dist/config.js:37:19
 Γ¥» getElementError node_modules/@testing-library/dom/dist/query-helpers.js:20:35
 Γ¥» getMultipleElementsFoundError node_modules/@testing-library/dom/dist/query-helpers.js:23:10
 Γ¥» node_modules/@testing-library/dom/dist/query-helpers.js:55:13
 Γ¥» node_modules/@testing-library/dom/dist/query-helpers.js:95:19
 Γ¥» src/tests/RecruitmentOverlay.test.tsx:72:19
     70|   it('renders the recruitment protocol title', () => {
     71|     renderOverlay()
     72|     expect(screen.getByText(/RECRUITMENT PROTOCOL/i)).toBeTruthy()
       |                   ^
     73|   })
     74|

ΓÄ»ΓÄ»ΓÄ»ΓÄ»ΓÄ»ΓÄ»ΓÄ»ΓÄ»ΓÄ»ΓÄ»ΓÄ»ΓÄ»ΓÄ»ΓÄ»ΓÄ»ΓÄ»ΓÄ»ΓÄ»ΓÄ»ΓÄ»ΓÄ»ΓÄ»[17/19]ΓÄ»

 FAIL  src/tests/ScrapperDrawButton.test.tsx > ScrapperDrawButton > opens the scrap heap draw overlay on click
AssertionError: expected "vi.fn()" to be called with arguments: [ ObjectContaining{ΓÇª} ][90m

Received:

[1m  1st vi.fn() call:

[22m[2m  [[22m
[32m-   ObjectContaining {[90m
[32m-     "title": "SCRAP HEAP DRAW",[90m
[31m+   {[90m
[31m+     "message": "NO ACTIVE DETACHMENTS OWNED BY YOUR COMMAND ARE DEPLOYED IN THIS THEATER.",[90m
[31m+     "onConfirm": [Function onConfirm],[90m
[31m+     "title": "ACCESS DENIED",[90m
[31m+     "variant": "alert",[90m
[2m    },[22m
[2m  ][22m
[39m[90m

Number of calls: [1m1[22m
[39m
 Γ¥» src/tests/ScrapperDrawButton.test.tsx:45:24
     43|     )
     44|     fireEvent.click(screen.getByText(/DRAW FROM THE SCRAP HEAP/i))
     45|     expect(setOverlay).toHaveBeenCalledWith(expect.objectContaining({ ΓÇª
       |                        ^
     46|   })

 Test Files  12 failed | 12 passed (24)
      Tests  19 failed | 124 passed (143)
   Start at  14:27:55
   Duration  2.11s (transform 784ms, setup 2.45s, import 6.53s, tests 3.39s, environment 21.55s)

     47| })

ΓÄ»ΓÄ»ΓÄ»ΓÄ»ΓÄ»ΓÄ»ΓÄ»ΓÄ»ΓÄ»ΓÄ»ΓÄ»ΓÄ»ΓÄ»ΓÄ»ΓÄ»ΓÄ»ΓÄ»ΓÄ»ΓÄ»ΓÄ»ΓÄ»ΓÄ»[18/19]ΓÄ»

